++========================================
||
||   Package:  ./five-or-more-3.32.3-x86_64-1_rtz.txz
||
++========================================
drwxr-xr-x root/root         0 2022-07-07 18:14 ./
drwxr-xr-x root/root         0 2022-07-07 18:14 install/
-rw-r--r-- root/root     22321 2022-07-07 18:14 install/doinst.sh
-rw-r--r-- root/root       707 2022-07-07 18:14 install/slack-desc
drwxr-xr-x root/root         0 2022-07-07 18:14 usr/
drwxr-xr-x root/root         0 2022-07-07 18:14 usr/bin/
-rwxr-xr-x root/root     98240 2022-07-07 18:14 usr/bin/five-or-more
drwxr-xr-x root/root         0 2022-07-07 18:14 usr/doc/
drwxr-xr-x root/root         0 2022-07-07 18:14 usr/doc/five-or-more-3.32.3/
-rw-r--r-- root/root     18092 2022-03-31 08:43 usr/doc/five-or-more-3.32.3/COPYING
-rw-r--r-- root/root      8727 2022-03-31 08:43 usr/doc/five-or-more-3.32.3/NEWS
-rw-r--r-- root/root      3244 2022-07-07 18:14 usr/doc/five-or-more-3.32.3/five-or-more.SlackBuild
drwxr-xr-x root/root         0 2022-07-07 18:14 usr/man/
drwxr-xr-x root/root         0 2022-07-07 18:14 usr/man/man6/
-rw-r--r-- root/root       900 2022-03-31 08:43 usr/man/man6/five-or-more.6.gz
drwxr-xr-x root/root         0 2022-07-07 18:14 usr/share/
drwxr-xr-x root/root         0 2022-07-07 18:14 usr/share/applications/
-rw-r--r-- root/root     13733 2022-07-07 18:14 usr/share/applications/org.gnome.five-or-more.desktop
drwxr-xr-x root/root         0 2022-07-07 18:14 usr/share/five-or-more/
-rw-r--r-- root/root      6100 2022-03-31 08:43 usr/share/five-or-more/five-or-more-preferences.ui
-rw-r--r-- root/root      4449 2022-03-31 08:43 usr/share/five-or-more/five-or-more.ui
drwxr-xr-x root/root         0 2022-07-07 18:14 usr/share/five-or-more/themes/
-rw-r--r-- root/root      4628 2022-03-31 08:43 usr/share/five-or-more/themes/balls.svg
-rw-r--r-- root/root      3694 2022-03-31 08:43 usr/share/five-or-more/themes/shapes.svg
-rw-r--r-- root/root    131477 2022-03-31 08:43 usr/share/five-or-more/themes/tango.svg
drwxr-xr-x root/root         0 2022-07-07 18:14 usr/share/glib-2.0/
drwxr-xr-x root/root         0 2022-07-07 18:14 usr/share/glib-2.0/schemas/
-rw-r--r-- root/root      1948 2022-03-31 08:43 usr/share/glib-2.0/schemas/org.gnome.five-or-more.gschema.xml
drwxr-xr-x root/root         0 2022-07-07 18:14 usr/share/help/
drwxr-xr-x root/root         0 2022-07-07 18:14 usr/share/help/C/
drwxr-xr-x root/root         0 2022-07-07 18:14 usr/share/help/C/five-or-more/
-rw-r--r-- root/root      2014 2022-03-31 08:43 usr/share/help/C/five-or-more/bug-filing.page
-rw-r--r-- root/root      2925 2022-03-31 08:43 usr/share/help/C/five-or-more/change-board-size.page
-rw-r--r-- root/root      1248 2022-03-31 08:43 usr/share/help/C/five-or-more/change-theme.page
-rw-r--r-- root/root      1037 2022-03-31 08:43 usr/share/help/C/five-or-more/develop.page
-rw-r--r-- root/root      1087 2022-03-31 08:43 usr/share/help/C/five-or-more/documentation.page
drwxr-xr-x root/root         0 2022-07-07 18:14 usr/share/help/C/five-or-more/figures/
-rw-r--r-- root/root     11959 2022-03-31 08:43 usr/share/help/C/five-or-more/figures/diagonal.png
-rw-r--r-- root/root   1187847 2022-03-31 08:43 usr/share/help/C/five-or-more/figures/glines-demo.ogv
-rw-r--r-- root/root     38921 2022-03-31 08:43 usr/share/help/C/five-or-more/figures/glines-gameover.png
-rw-r--r-- root/root      8022 2022-03-31 08:43 usr/share/help/C/five-or-more/figures/horizontal.png
-rw-r--r-- root/root      7962 2022-03-31 08:43 usr/share/help/C/five-or-more/figures/large.png
-rw-r--r-- root/root       675 2022-03-31 08:43 usr/share/help/C/five-or-more/figures/logo.png
-rw-r--r-- root/root      1908 2022-03-31 08:43 usr/share/help/C/five-or-more/figures/logo32.png
-rw-r--r-- root/root      6011 2022-03-31 08:43 usr/share/help/C/five-or-more/figures/medium.png
-rw-r--r-- root/root      6203 2022-03-31 08:43 usr/share/help/C/five-or-more/figures/small.png
-rw-r--r-- root/root     11908 2022-03-31 08:43 usr/share/help/C/five-or-more/figures/vertical.png
-rw-r--r-- root/root      1772 2022-03-31 08:43 usr/share/help/C/five-or-more/index.page
-rw-r--r-- root/root       293 2022-03-31 08:43 usr/share/help/C/five-or-more/legal.xml
-rw-r--r-- root/root      1844 2022-03-31 08:43 usr/share/help/C/five-or-more/license.page
-rw-r--r-- root/root      2135 2022-03-31 08:43 usr/share/help/C/five-or-more/play.page
-rw-r--r-- root/root      2495 2022-03-31 08:43 usr/share/help/C/five-or-more/rules.page
-rw-r--r-- root/root      2157 2022-03-31 08:43 usr/share/help/C/five-or-more/scores.page
-rw-r--r-- root/root       900 2022-03-31 08:43 usr/share/help/C/five-or-more/shortcuts.page
-rw-r--r-- root/root      1171 2022-03-31 08:43 usr/share/help/C/five-or-more/strategy.page
-rw-r--r-- root/root      1636 2022-03-31 08:43 usr/share/help/C/five-or-more/translate.page
drwxr-xr-x root/root         0 2022-07-07 18:14 usr/share/help/cs/
drwxr-xr-x root/root         0 2022-07-07 18:14 usr/share/help/cs/five-or-more/
-rw-r--r-- root/root      2440 2022-07-07 18:14 usr/share/help/cs/five-or-more/bug-filing.page
-rw-r--r-- root/root      3376 2022-07-07 18:14 usr/share/help/cs/five-or-more/change-board-size.page
-rw-r--r-- root/root      1528 2022-07-07 18:14 usr/share/help/cs/five-or-more/change-theme.page
-rw-r--r-- root/root      1368 2022-07-07 18:14 usr/share/help/cs/five-or-more/develop.page
-rw-r--r-- root/root      1436 2022-07-07 18:14 usr/share/help/cs/five-or-more/documentation.page
drwxr-xr-x root/root         0 2022-07-07 18:14 usr/share/help/cs/five-or-more/figures/
-rw-r--r-- root/root      2145 2022-07-07 18:14 usr/share/help/cs/five-or-more/index.page
-rw-r--r-- root/root       323 2022-07-07 18:14 usr/share/help/cs/five-or-more/legal.xml
-rw-r--r-- root/root      1794 2022-07-07 18:14 usr/share/help/cs/five-or-more/license.page
-rw-r--r-- root/root      2370 2022-07-07 18:14 usr/share/help/cs/five-or-more/play.page
-rw-r--r-- root/root      2815 2022-07-07 18:14 usr/share/help/cs/five-or-more/rules.page
-rw-r--r-- root/root      2464 2022-07-07 18:14 usr/share/help/cs/five-or-more/scores.page
-rw-r--r-- root/root      1196 2022-07-07 18:14 usr/share/help/cs/five-or-more/shortcuts.page
-rw-r--r-- root/root      1565 2022-07-07 18:14 usr/share/help/cs/five-or-more/strategy.page
-rw-r--r-- root/root      1960 2022-07-07 18:14 usr/share/help/cs/five-or-more/translate.page
drwxr-xr-x root/root         0 2022-07-07 18:14 usr/share/help/de/
drwxr-xr-x root/root         0 2022-07-07 18:14 usr/share/help/de/five-or-more/
-rw-r--r-- root/root      3193 2022-07-07 18:14 usr/share/help/de/five-or-more/bug-filing.page
-rw-r--r-- root/root      4036 2022-07-07 18:14 usr/share/help/de/five-or-more/change-board-size.page
-rw-r--r-- root/root      2299 2022-07-07 18:14 usr/share/help/de/five-or-more/change-theme.page
-rw-r--r-- root/root      2128 2022-07-07 18:14 usr/share/help/de/five-or-more/develop.page
-rw-r--r-- root/root      2207 2022-07-07 18:14 usr/share/help/de/five-or-more/documentation.page
drwxr-xr-x root/root         0 2022-07-07 18:14 usr/share/help/de/five-or-more/figures/
-rw-r--r-- root/root      2935 2022-07-07 18:14 usr/share/help/de/five-or-more/index.page
-rw-r--r-- root/root       331 2022-07-07 18:14 usr/share/help/de/five-or-more/legal.xml
-rw-r--r-- root/root      2874 2022-07-07 18:14 usr/share/help/de/five-or-more/license.page
-rw-r--r-- root/root      3253 2022-07-07 18:14 usr/share/help/de/five-or-more/play.page
-rw-r--r-- root/root      3599 2022-07-07 18:14 usr/share/help/de/five-or-more/rules.page
-rw-r--r-- root/root      3231 2022-07-07 18:14 usr/share/help/de/five-or-more/scores.page
-rw-r--r-- root/root      1917 2022-07-07 18:14 usr/share/help/de/five-or-more/shortcuts.page
-rw-r--r-- root/root      2328 2022-07-07 18:14 usr/share/help/de/five-or-more/strategy.page
-rw-r--r-- root/root      2805 2022-07-07 18:14 usr/share/help/de/five-or-more/translate.page
drwxr-xr-x root/root         0 2022-07-07 18:14 usr/share/help/el/
drwxr-xr-x root/root         0 2022-07-07 18:14 usr/share/help/el/five-or-more/
-rw-r--r-- root/root      3343 2022-07-07 18:14 usr/share/help/el/five-or-more/bug-filing.page
-rw-r--r-- root/root      4544 2022-07-07 18:14 usr/share/help/el/five-or-more/change-board-size.page
-rw-r--r-- root/root      2464 2022-07-07 18:14 usr/share/help/el/five-or-more/change-theme.page
-rw-r--r-- root/root      2444 2022-07-07 18:14 usr/share/help/el/five-or-more/develop.page
-rw-r--r-- root/root      2445 2022-07-07 18:14 usr/share/help/el/five-or-more/documentation.page
drwxr-xr-x root/root         0 2022-07-07 18:14 usr/share/help/el/five-or-more/figures/
-rw-r--r-- root/root      3455 2022-07-07 18:14 usr/share/help/el/five-or-more/index.page
-rw-r--r-- root/root       365 2022-07-07 18:14 usr/share/help/el/five-or-more/legal.xml
-rw-r--r-- root/root      3146 2022-07-07 18:14 usr/share/help/el/five-or-more/license.page
-rw-r--r-- root/root      3485 2022-07-07 18:14 usr/share/help/el/five-or-more/play.page
-rw-r--r-- root/root      4680 2022-07-07 18:14 usr/share/help/el/five-or-more/rules.page
-rw-r--r-- root/root      3620 2022-07-07 18:14 usr/share/help/el/five-or-more/scores.page
-rw-r--r-- root/root      2023 2022-07-07 18:14 usr/share/help/el/five-or-more/shortcuts.page
-rw-r--r-- root/root      2950 2022-07-07 18:14 usr/share/help/el/five-or-more/strategy.page
-rw-r--r-- root/root      3380 2022-07-07 18:14 usr/share/help/el/five-or-more/translate.page
drwxr-xr-x root/root         0 2022-07-07 18:14 usr/share/help/es/
drwxr-xr-x root/root         0 2022-07-07 18:14 usr/share/help/es/five-or-more/
-rw-r--r-- root/root      2584 2022-07-07 18:14 usr/share/help/es/five-or-more/bug-filing.page
-rw-r--r-- root/root      3545 2022-07-07 18:14 usr/share/help/es/five-or-more/change-board-size.page
-rw-r--r-- root/root      1794 2022-07-07 18:14 usr/share/help/es/five-or-more/change-theme.page
-rw-r--r-- root/root      1632 2022-07-07 18:14 usr/share/help/es/five-or-more/develop.page
-rw-r--r-- root/root      1656 2022-07-07 18:14 usr/share/help/es/five-or-more/documentation.page
drwxr-xr-x root/root         0 2022-07-07 18:14 usr/share/help/es/five-or-more/figures/
-rw-r--r-- root/root      2353 2022-07-07 18:14 usr/share/help/es/five-or-more/index.page
-rw-r--r-- root/root       343 2022-07-07 18:14 usr/share/help/es/five-or-more/legal.xml
-rw-r--r-- root/root      2088 2022-07-07 18:14 usr/share/help/es/five-or-more/license.page
-rw-r--r-- root/root      2689 2022-07-07 18:14 usr/share/help/es/five-or-more/play.page
-rw-r--r-- root/root      3042 2022-07-07 18:14 usr/share/help/es/five-or-more/rules.page
-rw-r--r-- root/root      2740 2022-07-07 18:14 usr/share/help/es/five-or-more/scores.page
-rw-r--r-- root/root      1445 2022-07-07 18:14 usr/share/help/es/five-or-more/shortcuts.page
-rw-r--r-- root/root      1734 2022-07-07 18:14 usr/share/help/es/five-or-more/strategy.page
-rw-r--r-- root/root      2262 2022-07-07 18:14 usr/share/help/es/five-or-more/translate.page
drwxr-xr-x root/root         0 2022-07-07 18:14 usr/share/help/fr/
drwxr-xr-x root/root         0 2022-07-07 18:14 usr/share/help/fr/five-or-more/
-rw-r--r-- root/root      3615 2022-07-07 18:14 usr/share/help/fr/five-or-more/bug-filing.page
-rw-r--r-- root/root      4268 2022-07-07 18:14 usr/share/help/fr/five-or-more/change-board-size.page
-rw-r--r-- root/root      2519 2022-07-07 18:14 usr/share/help/fr/five-or-more/change-theme.page
-rw-r--r-- root/root      2391 2022-07-07 18:14 usr/share/help/fr/five-or-more/develop.page
-rw-r--r-- root/root      2456 2022-07-07 18:14 usr/share/help/fr/five-or-more/documentation.page
drwxr-xr-x root/root         0 2022-07-07 18:14 usr/share/help/fr/five-or-more/figures/
-rw-r--r-- root/root      3158 2022-07-07 18:14 usr/share/help/fr/five-or-more/index.page
-rw-r--r-- root/root       363 2022-07-07 18:14 usr/share/help/fr/five-or-more/legal.xml
-rw-r--r-- root/root      2982 2022-07-07 18:14 usr/share/help/fr/five-or-more/license.page
-rw-r--r-- root/root      3420 2022-07-07 18:14 usr/share/help/fr/five-or-more/play.page
-rw-r--r-- root/root      3877 2022-07-07 18:14 usr/share/help/fr/five-or-more/rules.page
-rw-r--r-- root/root      3460 2022-07-07 18:14 usr/share/help/fr/five-or-more/scores.page
-rw-r--r-- root/root      2162 2022-07-07 18:14 usr/share/help/fr/five-or-more/shortcuts.page
-rw-r--r-- root/root      2479 2022-07-07 18:14 usr/share/help/fr/five-or-more/strategy.page
-rw-r--r-- root/root      3125 2022-07-07 18:14 usr/share/help/fr/five-or-more/translate.page
drwxr-xr-x root/root         0 2022-07-07 18:14 usr/share/help/gl/
drwxr-xr-x root/root         0 2022-07-07 18:14 usr/share/help/gl/five-or-more/
-rw-r--r-- root/root      2310 2022-07-07 18:14 usr/share/help/gl/five-or-more/bug-filing.page
-rw-r--r-- root/root      3270 2022-07-07 18:14 usr/share/help/gl/five-or-more/change-board-size.page
-rw-r--r-- root/root      1517 2022-07-07 18:14 usr/share/help/gl/five-or-more/change-theme.page
-rw-r--r-- root/root      1357 2022-07-07 18:14 usr/share/help/gl/five-or-more/develop.page
-rw-r--r-- root/root      1398 2022-07-07 18:14 usr/share/help/gl/five-or-more/documentation.page
drwxr-xr-x root/root         0 2022-07-07 18:14 usr/share/help/gl/five-or-more/figures/
-rw-r--r-- root/root      2069 2022-07-07 18:14 usr/share/help/gl/five-or-more/index.page
-rw-r--r-- root/root       323 2022-07-07 18:14 usr/share/help/gl/five-or-more/legal.xml
-rw-r--r-- root/root      2144 2022-07-07 18:14 usr/share/help/gl/five-or-more/license.page
-rw-r--r-- root/root      2405 2022-07-07 18:14 usr/share/help/gl/five-or-more/play.page
-rw-r--r-- root/root      2782 2022-07-07 18:14 usr/share/help/gl/five-or-more/rules.page
-rw-r--r-- root/root      2446 2022-07-07 18:14 usr/share/help/gl/five-or-more/scores.page
-rw-r--r-- root/root      1188 2022-07-07 18:14 usr/share/help/gl/five-or-more/shortcuts.page
-rw-r--r-- root/root      1454 2022-07-07 18:14 usr/share/help/gl/five-or-more/strategy.page
-rw-r--r-- root/root      1941 2022-07-07 18:14 usr/share/help/gl/five-or-more/translate.page
drwxr-xr-x root/root         0 2022-07-07 18:14 usr/share/help/hu/
drwxr-xr-x root/root         0 2022-07-07 18:14 usr/share/help/hu/five-or-more/
-rw-r--r-- root/root      2488 2022-07-07 18:14 usr/share/help/hu/five-or-more/bug-filing.page
-rw-r--r-- root/root      3328 2022-07-07 18:14 usr/share/help/hu/five-or-more/change-board-size.page
-rw-r--r-- root/root      1586 2022-07-07 18:14 usr/share/help/hu/five-or-more/change-theme.page
-rw-r--r-- root/root      1374 2022-07-07 18:14 usr/share/help/hu/five-or-more/develop.page
-rw-r--r-- root/root      1427 2022-07-07 18:14 usr/share/help/hu/five-or-more/documentation.page
drwxr-xr-x root/root         0 2022-07-07 18:14 usr/share/help/hu/five-or-more/figures/
-rw-r--r-- root/root      2093 2022-07-07 18:14 usr/share/help/hu/five-or-more/index.page
-rw-r--r-- root/root       338 2022-07-07 18:14 usr/share/help/hu/five-or-more/legal.xml
-rw-r--r-- root/root      1785 2022-07-07 18:14 usr/share/help/hu/five-or-more/license.page
-rw-r--r-- root/root      2539 2022-07-07 18:14 usr/share/help/hu/five-or-more/play.page
-rw-r--r-- root/root      2772 2022-07-07 18:14 usr/share/help/hu/five-or-more/rules.page
-rw-r--r-- root/root      2476 2022-07-07 18:14 usr/share/help/hu/five-or-more/scores.page
-rw-r--r-- root/root      1200 2022-07-07 18:14 usr/share/help/hu/five-or-more/shortcuts.page
-rw-r--r-- root/root      1449 2022-07-07 18:14 usr/share/help/hu/five-or-more/strategy.page
-rw-r--r-- root/root      2191 2022-07-07 18:14 usr/share/help/hu/five-or-more/translate.page
drwxr-xr-x root/root         0 2022-07-07 18:14 usr/share/help/ja/
drwxr-xr-x root/root         0 2022-07-07 18:14 usr/share/help/ja/five-or-more/
-rw-r--r-- root/root      2409 2022-07-07 18:14 usr/share/help/ja/five-or-more/bug-filing.page
-rw-r--r-- root/root      3348 2022-07-07 18:14 usr/share/help/ja/five-or-more/change-board-size.page
-rw-r--r-- root/root      1600 2022-07-07 18:14 usr/share/help/ja/five-or-more/change-theme.page
-rw-r--r-- root/root      1398 2022-07-07 18:14 usr/share/help/ja/five-or-more/develop.page
-rw-r--r-- root/root      1563 2022-07-07 18:14 usr/share/help/ja/five-or-more/documentation.page
drwxr-xr-x root/root         0 2022-07-07 18:14 usr/share/help/ja/five-or-more/figures/
-rw-r--r-- root/root      2153 2022-07-07 18:14 usr/share/help/ja/five-or-more/index.page
-rw-r--r-- root/root       321 2022-07-07 18:14 usr/share/help/ja/five-or-more/legal.xml
-rw-r--r-- root/root      1715 2022-07-07 18:14 usr/share/help/ja/five-or-more/license.page
-rw-r--r-- root/root      2419 2022-07-07 18:14 usr/share/help/ja/five-or-more/play.page
-rw-r--r-- root/root      2907 2022-07-07 18:14 usr/share/help/ja/five-or-more/rules.page
-rw-r--r-- root/root      2436 2022-07-07 18:14 usr/share/help/ja/five-or-more/scores.page
-rw-r--r-- root/root      1213 2022-07-07 18:14 usr/share/help/ja/five-or-more/shortcuts.page
-rw-r--r-- root/root      1615 2022-07-07 18:14 usr/share/help/ja/five-or-more/strategy.page
-rw-r--r-- root/root      2158 2022-07-07 18:14 usr/share/help/ja/five-or-more/translate.page
drwxr-xr-x root/root         0 2022-07-07 18:14 usr/share/help/pl/
drwxr-xr-x root/root         0 2022-07-07 18:14 usr/share/help/pl/five-or-more/
-rw-r--r-- root/root      2769 2022-07-07 18:14 usr/share/help/pl/five-or-more/bug-filing.page
-rw-r--r-- root/root      3453 2022-07-07 18:14 usr/share/help/pl/five-or-more/change-board-size.page
-rw-r--r-- root/root      1713 2022-07-07 18:14 usr/share/help/pl/five-or-more/change-theme.page
-rw-r--r-- root/root      1592 2022-07-07 18:14 usr/share/help/pl/five-or-more/develop.page
-rw-r--r-- root/root      1686 2022-07-07 18:14 usr/share/help/pl/five-or-more/documentation.page
drwxr-xr-x root/root         0 2022-07-07 18:14 usr/share/help/pl/five-or-more/figures/
-rw-r--r-- root/root      2297 2022-07-07 18:14 usr/share/help/pl/five-or-more/index.page
-rw-r--r-- root/root       305 2022-07-07 18:14 usr/share/help/pl/five-or-more/legal.xml
-rw-r--r-- root/root      1970 2022-07-07 18:14 usr/share/help/pl/five-or-more/license.page
-rw-r--r-- root/root      2612 2022-07-07 18:14 usr/share/help/pl/five-or-more/play.page
-rw-r--r-- root/root      2871 2022-07-07 18:14 usr/share/help/pl/five-or-more/rules.page
-rw-r--r-- root/root      2610 2022-07-07 18:14 usr/share/help/pl/five-or-more/scores.page
-rw-r--r-- root/root      1439 2022-07-07 18:14 usr/share/help/pl/five-or-more/shortcuts.page
-rw-r--r-- root/root      1623 2022-07-07 18:14 usr/share/help/pl/five-or-more/strategy.page
-rw-r--r-- root/root      2168 2022-07-07 18:14 usr/share/help/pl/five-or-more/translate.page
drwxr-xr-x root/root         0 2022-07-07 18:14 usr/share/help/pt_BR/
drwxr-xr-x root/root         0 2022-07-07 18:14 usr/share/help/pt_BR/five-or-more/
-rw-r--r-- root/root      2524 2022-07-07 18:14 usr/share/help/pt_BR/five-or-more/bug-filing.page
-rw-r--r-- root/root      3541 2022-07-07 18:14 usr/share/help/pt_BR/five-or-more/change-board-size.page
-rw-r--r-- root/root      1756 2022-07-07 18:14 usr/share/help/pt_BR/five-or-more/change-theme.page
-rw-r--r-- root/root      1631 2022-07-07 18:14 usr/share/help/pt_BR/five-or-more/develop.page
-rw-r--r-- root/root      1700 2022-07-07 18:14 usr/share/help/pt_BR/five-or-more/documentation.page
drwxr-xr-x root/root         0 2022-07-07 18:14 usr/share/help/pt_BR/five-or-more/figures/
-rw-r--r-- root/root      2353 2022-07-07 18:14 usr/share/help/pt_BR/five-or-more/index.page
-rw-r--r-- root/root       339 2022-07-07 18:14 usr/share/help/pt_BR/five-or-more/legal.xml
-rw-r--r-- root/root      2058 2022-07-07 18:14 usr/share/help/pt_BR/five-or-more/license.page
-rw-r--r-- root/root      2666 2022-07-07 18:14 usr/share/help/pt_BR/five-or-more/play.page
-rw-r--r-- root/root      3051 2022-07-07 18:14 usr/share/help/pt_BR/five-or-more/rules.page
-rw-r--r-- root/root      2699 2022-07-07 18:14 usr/share/help/pt_BR/five-or-more/scores.page
-rw-r--r-- root/root      1422 2022-07-07 18:14 usr/share/help/pt_BR/five-or-more/shortcuts.page
-rw-r--r-- root/root      1746 2022-07-07 18:14 usr/share/help/pt_BR/five-or-more/strategy.page
-rw-r--r-- root/root      2317 2022-07-07 18:14 usr/share/help/pt_BR/five-or-more/translate.page
drwxr-xr-x root/root         0 2022-07-07 18:14 usr/share/help/sv/
drwxr-xr-x root/root         0 2022-07-07 18:14 usr/share/help/sv/five-or-more/
-rw-r--r-- root/root      2605 2022-07-07 18:14 usr/share/help/sv/five-or-more/bug-filing.page
-rw-r--r-- root/root      3453 2022-07-07 18:14 usr/share/help/sv/five-or-more/change-board-size.page
-rw-r--r-- root/root      1772 2022-07-07 18:14 usr/share/help/sv/five-or-more/change-theme.page
-rw-r--r-- root/root      1575 2022-07-07 18:14 usr/share/help/sv/five-or-more/develop.page
-rw-r--r-- root/root      1643 2022-07-07 18:14 usr/share/help/sv/five-or-more/documentation.page
drwxr-xr-x root/root         0 2022-07-07 18:14 usr/share/help/sv/five-or-more/figures/
-rw-r--r-- root/root      2334 2022-07-07 18:14 usr/share/help/sv/five-or-more/index.page
-rw-r--r-- root/root       323 2022-07-07 18:14 usr/share/help/sv/five-or-more/legal.xml
-rw-r--r-- root/root      2027 2022-07-07 18:14 usr/share/help/sv/five-or-more/license.page
-rw-r--r-- root/root      2705 2022-07-07 18:14 usr/share/help/sv/five-or-more/play.page
-rw-r--r-- root/root      2989 2022-07-07 18:14 usr/share/help/sv/five-or-more/rules.page
-rw-r--r-- root/root      2648 2022-07-07 18:14 usr/share/help/sv/five-or-more/scores.page
-rw-r--r-- root/root      1440 2022-07-07 18:14 usr/share/help/sv/five-or-more/shortcuts.page
-rw-r--r-- root/root      1740 2022-07-07 18:14 usr/share/help/sv/five-or-more/strategy.page
-rw-r--r-- root/root      2220 2022-07-07 18:14 usr/share/help/sv/five-or-more/translate.page
drwxr-xr-x root/root         0 2022-07-07 18:14 usr/share/help/uk/
drwxr-xr-x root/root         0 2022-07-07 18:14 usr/share/help/uk/five-or-more/
-rw-r--r-- root/root      4089 2022-07-07 18:14 usr/share/help/uk/five-or-more/bug-filing.page
-rw-r--r-- root/root      3766 2022-07-07 18:14 usr/share/help/uk/five-or-more/change-board-size.page
-rw-r--r-- root/root      1837 2022-07-07 18:14 usr/share/help/uk/five-or-more/change-theme.page
-rw-r--r-- root/root      1554 2022-07-07 18:14 usr/share/help/uk/five-or-more/develop.page
-rw-r--r-- root/root      1651 2022-07-07 18:14 usr/share/help/uk/five-or-more/documentation.page
drwxr-xr-x root/root         0 2022-07-07 18:14 usr/share/help/uk/five-or-more/figures/
-rw-r--r-- root/root      2582 2022-07-07 18:14 usr/share/help/uk/five-or-more/index.page
-rw-r--r-- root/root       377 2022-07-07 18:14 usr/share/help/uk/five-or-more/legal.xml
-rw-r--r-- root/root      2361 2022-07-07 18:14 usr/share/help/uk/five-or-more/license.page
-rw-r--r-- root/root      3166 2022-07-07 18:14 usr/share/help/uk/five-or-more/play.page
-rw-r--r-- root/root      3732 2022-07-07 18:14 usr/share/help/uk/five-or-more/rules.page
-rw-r--r-- root/root      2915 2022-07-07 18:14 usr/share/help/uk/five-or-more/scores.page
-rw-r--r-- root/root      1238 2022-07-07 18:14 usr/share/help/uk/five-or-more/shortcuts.page
-rw-r--r-- root/root      2103 2022-07-07 18:14 usr/share/help/uk/five-or-more/strategy.page
-rw-r--r-- root/root      2602 2022-07-07 18:14 usr/share/help/uk/five-or-more/translate.page
drwxr-xr-x root/root         0 2022-07-07 18:14 usr/share/icons/
drwxr-xr-x root/root         0 2022-07-07 18:14 usr/share/icons/hicolor/
drwxr-xr-x root/root         0 2022-07-07 18:14 usr/share/icons/hicolor/16x16/
drwxr-xr-x root/root         0 2022-07-07 18:14 usr/share/icons/hicolor/16x16/apps/
-rw-r--r-- root/root       900 2022-03-31 08:43 usr/share/icons/hicolor/16x16/apps/org.gnome.five-or-more.png
drwxr-xr-x root/root         0 2022-07-07 18:14 usr/share/icons/hicolor/22x22/
drwxr-xr-x root/root         0 2022-07-07 18:14 usr/share/icons/hicolor/22x22/apps/
-rw-r--r-- root/root      1403 2022-03-31 08:43 usr/share/icons/hicolor/22x22/apps/org.gnome.five-or-more.png
drwxr-xr-x root/root         0 2022-07-07 18:14 usr/share/icons/hicolor/24x24/
drwxr-xr-x root/root         0 2022-07-07 18:14 usr/share/icons/hicolor/24x24/apps/
-rw-r--r-- root/root      1483 2022-03-31 08:43 usr/share/icons/hicolor/24x24/apps/org.gnome.five-or-more.png
drwxr-xr-x root/root         0 2022-07-07 18:14 usr/share/icons/hicolor/256x256/
drwxr-xr-x root/root         0 2022-07-07 18:14 usr/share/icons/hicolor/256x256/apps/
-rw-r--r-- root/root     35292 2022-03-31 08:43 usr/share/icons/hicolor/256x256/apps/org.gnome.five-or-more.png
drwxr-xr-x root/root         0 2022-07-07 18:14 usr/share/icons/hicolor/32x32/
drwxr-xr-x root/root         0 2022-07-07 18:14 usr/share/icons/hicolor/32x32/apps/
-rw-r--r-- root/root      2330 2022-03-31 08:43 usr/share/icons/hicolor/32x32/apps/org.gnome.five-or-more.png
drwxr-xr-x root/root         0 2022-07-07 18:14 usr/share/icons/hicolor/48x48/
drwxr-xr-x root/root         0 2022-07-07 18:14 usr/share/icons/hicolor/48x48/apps/
-rw-r--r-- root/root      4482 2022-03-31 08:43 usr/share/icons/hicolor/48x48/apps/org.gnome.five-or-more.png
drwxr-xr-x root/root         0 2022-07-07 18:14 usr/share/icons/hicolor/512x512/
drwxr-xr-x root/root         0 2022-07-07 18:14 usr/share/icons/hicolor/512x512/apps/
-rw-r--r-- root/root    104122 2022-03-31 08:43 usr/share/icons/hicolor/512x512/apps/org.gnome.five-or-more.png
drwxr-xr-x root/root         0 2022-07-07 18:14 usr/share/icons/hicolor/symbolic/
drwxr-xr-x root/root         0 2022-07-07 18:14 usr/share/icons/hicolor/symbolic/apps/
-rw-r--r-- root/root      5031 2022-03-31 08:43 usr/share/icons/hicolor/symbolic/apps/org.gnome.five-or-more-symbolic.svg
drwxr-xr-x root/root         0 2022-07-07 18:14 usr/share/locale/
drwxr-xr-x root/root         0 2022-07-07 18:14 usr/share/locale/af/
drwxr-xr-x root/root         0 2022-07-07 18:14 usr/share/locale/af/LC_MESSAGES/
-rw-r--r-- root/root      3934 2022-07-07 18:14 usr/share/locale/af/LC_MESSAGES/five-or-more.mo
drwxr-xr-x root/root         0 2022-07-07 18:14 usr/share/locale/am/
drwxr-xr-x root/root         0 2022-07-07 18:14 usr/share/locale/am/LC_MESSAGES/
-rw-r--r-- root/root       620 2022-07-07 18:14 usr/share/locale/am/LC_MESSAGES/five-or-more.mo
drwxr-xr-x root/root         0 2022-07-07 18:14 usr/share/locale/ar/
drwxr-xr-x root/root         0 2022-07-07 18:14 usr/share/locale/ar/LC_MESSAGES/
-rw-r--r-- root/root      4951 2022-07-07 18:14 usr/share/locale/ar/LC_MESSAGES/five-or-more.mo
drwxr-xr-x root/root         0 2022-07-07 18:14 usr/share/locale/as/
drwxr-xr-x root/root         0 2022-07-07 18:14 usr/share/locale/as/LC_MESSAGES/
-rw-r--r-- root/root      7467 2022-07-07 18:14 usr/share/locale/as/LC_MESSAGES/five-or-more.mo
drwxr-xr-x root/root         0 2022-07-07 18:14 usr/share/locale/ast/
drwxr-xr-x root/root         0 2022-07-07 18:14 usr/share/locale/ast/LC_MESSAGES/
-rw-r--r-- root/root      3904 2022-07-07 18:14 usr/share/locale/ast/LC_MESSAGES/five-or-more.mo
drwxr-xr-x root/root         0 2022-07-07 18:14 usr/share/locale/az/
drwxr-xr-x root/root         0 2022-07-07 18:14 usr/share/locale/az/LC_MESSAGES/
-rw-r--r-- root/root      2122 2022-07-07 18:14 usr/share/locale/az/LC_MESSAGES/five-or-more.mo
drwxr-xr-x root/root         0 2022-07-07 18:14 usr/share/locale/be/
drwxr-xr-x root/root         0 2022-07-07 18:14 usr/share/locale/be/LC_MESSAGES/
-rw-r--r-- root/root      7026 2022-07-07 18:14 usr/share/locale/be/LC_MESSAGES/five-or-more.mo
drwxr-xr-x root/root         0 2022-07-07 18:14 usr/share/locale/bg/
drwxr-xr-x root/root         0 2022-07-07 18:14 usr/share/locale/bg/LC_MESSAGES/
-rw-r--r-- root/root      7319 2022-07-07 18:14 usr/share/locale/bg/LC_MESSAGES/five-or-more.mo
drwxr-xr-x root/root         0 2022-07-07 18:14 usr/share/locale/bn/
drwxr-xr-x root/root         0 2022-07-07 18:14 usr/share/locale/bn/LC_MESSAGES/
-rw-r--r-- root/root      5496 2022-07-07 18:14 usr/share/locale/bn/LC_MESSAGES/five-or-more.mo
drwxr-xr-x root/root         0 2022-07-07 18:14 usr/share/locale/bn_IN/
drwxr-xr-x root/root         0 2022-07-07 18:14 usr/share/locale/bn_IN/LC_MESSAGES/
-rw-r--r-- root/root      5404 2022-07-07 18:14 usr/share/locale/bn_IN/LC_MESSAGES/five-or-more.mo
drwxr-xr-x root/root         0 2022-07-07 18:14 usr/share/locale/br/
drwxr-xr-x root/root         0 2022-07-07 18:14 usr/share/locale/br/LC_MESSAGES/
-rw-r--r-- root/root      1570 2022-07-07 18:14 usr/share/locale/br/LC_MESSAGES/five-or-more.mo
drwxr-xr-x root/root         0 2022-07-07 18:14 usr/share/locale/bs/
drwxr-xr-x root/root         0 2022-07-07 18:14 usr/share/locale/bs/LC_MESSAGES/
-rw-r--r-- root/root      5310 2022-07-07 18:14 usr/share/locale/bs/LC_MESSAGES/five-or-more.mo
drwxr-xr-x root/root         0 2022-07-07 18:14 usr/share/locale/ca/
drwxr-xr-x root/root         0 2022-07-07 18:14 usr/share/locale/ca/LC_MESSAGES/
-rw-r--r-- root/root      4959 2022-07-07 18:14 usr/share/locale/ca/LC_MESSAGES/five-or-more.mo
drwxr-xr-x root/root         0 2022-07-07 18:14 usr/share/locale/ca@valencia/
drwxr-xr-x root/root         0 2022-07-07 18:14 usr/share/locale/ca@valencia/LC_MESSAGES/
-rw-r--r-- root/root      5837 2022-07-07 18:14 usr/share/locale/ca@valencia/LC_MESSAGES/five-or-more.mo
drwxr-xr-x root/root         0 2022-07-07 18:14 usr/share/locale/cs/
drwxr-xr-x root/root         0 2022-07-07 18:14 usr/share/locale/cs/LC_MESSAGES/
-rw-r--r-- root/root      5177 2022-07-07 18:14 usr/share/locale/cs/LC_MESSAGES/five-or-more.mo
drwxr-xr-x root/root         0 2022-07-07 18:14 usr/share/locale/cy/
drwxr-xr-x root/root         0 2022-07-07 18:14 usr/share/locale/cy/LC_MESSAGES/
-rw-r--r-- root/root      3442 2022-07-07 18:14 usr/share/locale/cy/LC_MESSAGES/five-or-more.mo
drwxr-xr-x root/root         0 2022-07-07 18:14 usr/share/locale/da/
drwxr-xr-x root/root         0 2022-07-07 18:14 usr/share/locale/da/LC_MESSAGES/
-rw-r--r-- root/root      4679 2022-07-07 18:14 usr/share/locale/da/LC_MESSAGES/five-or-more.mo
drwxr-xr-x root/root         0 2022-07-07 18:14 usr/share/locale/de/
drwxr-xr-x root/root         0 2022-07-07 18:14 usr/share/locale/de/LC_MESSAGES/
-rw-r--r-- root/root      5416 2022-07-07 18:14 usr/share/locale/de/LC_MESSAGES/five-or-more.mo
drwxr-xr-x root/root         0 2022-07-07 18:14 usr/share/locale/dz/
drwxr-xr-x root/root         0 2022-07-07 18:14 usr/share/locale/dz/LC_MESSAGES/
-rw-r--r-- root/root      6635 2022-07-07 18:14 usr/share/locale/dz/LC_MESSAGES/five-or-more.mo
drwxr-xr-x root/root         0 2022-07-07 18:14 usr/share/locale/el/
drwxr-xr-x root/root         0 2022-07-07 18:14 usr/share/locale/el/LC_MESSAGES/
-rw-r--r-- root/root      7115 2022-07-07 18:14 usr/share/locale/el/LC_MESSAGES/five-or-more.mo
drwxr-xr-x root/root         0 2022-07-07 18:14 usr/share/locale/en@shaw/
drwxr-xr-x root/root         0 2022-07-07 18:14 usr/share/locale/en@shaw/LC_MESSAGES/
-rw-r--r-- root/root      4795 2022-07-07 18:14 usr/share/locale/en@shaw/LC_MESSAGES/five-or-more.mo
drwxr-xr-x root/root         0 2022-07-07 18:14 usr/share/locale/en_CA/
drwxr-xr-x root/root         0 2022-07-07 18:14 usr/share/locale/en_CA/LC_MESSAGES/
-rw-r--r-- root/root      3283 2022-07-07 18:14 usr/share/locale/en_CA/LC_MESSAGES/five-or-more.mo
drwxr-xr-x root/root         0 2022-07-07 18:14 usr/share/locale/en_GB/
drwxr-xr-x root/root         0 2022-07-07 18:14 usr/share/locale/en_GB/LC_MESSAGES/
-rw-r--r-- root/root      5590 2022-07-07 18:14 usr/share/locale/en_GB/LC_MESSAGES/five-or-more.mo
drwxr-xr-x root/root         0 2022-07-07 18:14 usr/share/locale/eo/
drwxr-xr-x root/root         0 2022-07-07 18:14 usr/share/locale/eo/LC_MESSAGES/
-rw-r--r-- root/root      4669 2022-07-07 18:14 usr/share/locale/eo/LC_MESSAGES/five-or-more.mo
drwxr-xr-x root/root         0 2022-07-07 18:14 usr/share/locale/es/
drwxr-xr-x root/root         0 2022-07-07 18:14 usr/share/locale/es/LC_MESSAGES/
-rw-r--r-- root/root      4968 2022-07-07 18:14 usr/share/locale/es/LC_MESSAGES/five-or-more.mo
drwxr-xr-x root/root         0 2022-07-07 18:14 usr/share/locale/et/
drwxr-xr-x root/root         0 2022-07-07 18:14 usr/share/locale/et/LC_MESSAGES/
-rw-r--r-- root/root      8748 2022-07-07 18:14 usr/share/locale/et/LC_MESSAGES/five-or-more.mo
drwxr-xr-x root/root         0 2022-07-07 18:14 usr/share/locale/eu/
drwxr-xr-x root/root         0 2022-07-07 18:14 usr/share/locale/eu/LC_MESSAGES/
-rw-r--r-- root/root      4750 2022-07-07 18:14 usr/share/locale/eu/LC_MESSAGES/five-or-more.mo
drwxr-xr-x root/root         0 2022-07-07 18:14 usr/share/locale/fa/
drwxr-xr-x root/root         0 2022-07-07 18:14 usr/share/locale/fa/LC_MESSAGES/
-rw-r--r-- root/root      6459 2022-07-07 18:14 usr/share/locale/fa/LC_MESSAGES/five-or-more.mo
drwxr-xr-x root/root         0 2022-07-07 18:14 usr/share/locale/fi/
drwxr-xr-x root/root         0 2022-07-07 18:14 usr/share/locale/fi/LC_MESSAGES/
-rw-r--r-- root/root      5364 2022-07-07 18:14 usr/share/locale/fi/LC_MESSAGES/five-or-more.mo
drwxr-xr-x root/root         0 2022-07-07 18:14 usr/share/locale/fr/
drwxr-xr-x root/root         0 2022-07-07 18:14 usr/share/locale/fr/LC_MESSAGES/
-rw-r--r-- root/root      5387 2022-07-07 18:14 usr/share/locale/fr/LC_MESSAGES/five-or-more.mo
drwxr-xr-x root/root         0 2022-07-07 18:14 usr/share/locale/fur/
drwxr-xr-x root/root         0 2022-07-07 18:14 usr/share/locale/fur/LC_MESSAGES/
-rw-r--r-- root/root      4588 2022-07-07 18:14 usr/share/locale/fur/LC_MESSAGES/five-or-more.mo
drwxr-xr-x root/root         0 2022-07-07 18:14 usr/share/locale/ga/
drwxr-xr-x root/root         0 2022-07-07 18:14 usr/share/locale/ga/LC_MESSAGES/
-rw-r--r-- root/root      1718 2022-07-07 18:14 usr/share/locale/ga/LC_MESSAGES/five-or-more.mo
drwxr-xr-x root/root         0 2022-07-07 18:14 usr/share/locale/gl/
drwxr-xr-x root/root         0 2022-07-07 18:14 usr/share/locale/gl/LC_MESSAGES/
-rw-r--r-- root/root      5321 2022-07-07 18:14 usr/share/locale/gl/LC_MESSAGES/five-or-more.mo
drwxr-xr-x root/root         0 2022-07-07 18:14 usr/share/locale/gu/
drwxr-xr-x root/root         0 2022-07-07 18:14 usr/share/locale/gu/LC_MESSAGES/
-rw-r--r-- root/root      5091 2022-07-07 18:14 usr/share/locale/gu/LC_MESSAGES/five-or-more.mo
drwxr-xr-x root/root         0 2022-07-07 18:14 usr/share/locale/he/
drwxr-xr-x root/root         0 2022-07-07 18:14 usr/share/locale/he/LC_MESSAGES/
-rw-r--r-- root/root      6233 2022-07-07 18:14 usr/share/locale/he/LC_MESSAGES/five-or-more.mo
drwxr-xr-x root/root         0 2022-07-07 18:14 usr/share/locale/hi/
drwxr-xr-x root/root         0 2022-07-07 18:14 usr/share/locale/hi/LC_MESSAGES/
-rw-r--r-- root/root     11939 2022-07-07 18:14 usr/share/locale/hi/LC_MESSAGES/five-or-more.mo
drwxr-xr-x root/root         0 2022-07-07 18:14 usr/share/locale/hr/
drwxr-xr-x root/root         0 2022-07-07 18:14 usr/share/locale/hr/LC_MESSAGES/
-rw-r--r-- root/root      4772 2022-07-07 18:14 usr/share/locale/hr/LC_MESSAGES/five-or-more.mo
drwxr-xr-x root/root         0 2022-07-07 18:14 usr/share/locale/hu/
drwxr-xr-x root/root         0 2022-07-07 18:14 usr/share/locale/hu/LC_MESSAGES/
-rw-r--r-- root/root      4935 2022-07-07 18:14 usr/share/locale/hu/LC_MESSAGES/five-or-more.mo
drwxr-xr-x root/root         0 2022-07-07 18:14 usr/share/locale/id/
drwxr-xr-x root/root         0 2022-07-07 18:14 usr/share/locale/id/LC_MESSAGES/
-rw-r--r-- root/root      4981 2022-07-07 18:14 usr/share/locale/id/LC_MESSAGES/five-or-more.mo
drwxr-xr-x root/root         0 2022-07-07 18:14 usr/share/locale/is/
drwxr-xr-x root/root         0 2022-07-07 18:14 usr/share/locale/is/LC_MESSAGES/
-rw-r--r-- root/root      1882 2022-07-07 18:14 usr/share/locale/is/LC_MESSAGES/five-or-more.mo
drwxr-xr-x root/root         0 2022-07-07 18:14 usr/share/locale/it/
drwxr-xr-x root/root         0 2022-07-07 18:14 usr/share/locale/it/LC_MESSAGES/
-rw-r--r-- root/root      4877 2022-07-07 18:14 usr/share/locale/it/LC_MESSAGES/five-or-more.mo
drwxr-xr-x root/root         0 2022-07-07 18:14 usr/share/locale/ja/
drwxr-xr-x root/root         0 2022-07-07 18:14 usr/share/locale/ja/LC_MESSAGES/
-rw-r--r-- root/root      6466 2022-07-07 18:14 usr/share/locale/ja/LC_MESSAGES/five-or-more.mo
drwxr-xr-x root/root         0 2022-07-07 18:14 usr/share/locale/ka/
drwxr-xr-x root/root         0 2022-07-07 18:14 usr/share/locale/ka/LC_MESSAGES/
-rw-r--r-- root/root      1255 2022-07-07 18:14 usr/share/locale/ka/LC_MESSAGES/five-or-more.mo
drwxr-xr-x root/root         0 2022-07-07 18:14 usr/share/locale/kk/
drwxr-xr-x root/root         0 2022-07-07 18:14 usr/share/locale/kk/LC_MESSAGES/
-rw-r--r-- root/root      5766 2022-07-07 18:14 usr/share/locale/kk/LC_MESSAGES/five-or-more.mo
drwxr-xr-x root/root         0 2022-07-07 18:14 usr/share/locale/km/
drwxr-xr-x root/root         0 2022-07-07 18:14 usr/share/locale/km/LC_MESSAGES/
-rw-r--r-- root/root      6368 2022-07-07 18:14 usr/share/locale/km/LC_MESSAGES/five-or-more.mo
drwxr-xr-x root/root         0 2022-07-07 18:14 usr/share/locale/kn/
drwxr-xr-x root/root         0 2022-07-07 18:14 usr/share/locale/kn/LC_MESSAGES/
-rw-r--r-- root/root      5244 2022-07-07 18:14 usr/share/locale/kn/LC_MESSAGES/five-or-more.mo
drwxr-xr-x root/root         0 2022-07-07 18:14 usr/share/locale/ko/
drwxr-xr-x root/root         0 2022-07-07 18:14 usr/share/locale/ko/LC_MESSAGES/
-rw-r--r-- root/root      4848 2022-07-07 18:14 usr/share/locale/ko/LC_MESSAGES/five-or-more.mo
drwxr-xr-x root/root         0 2022-07-07 18:14 usr/share/locale/ku/
drwxr-xr-x root/root         0 2022-07-07 18:14 usr/share/locale/ku/LC_MESSAGES/
-rw-r--r-- root/root       497 2022-07-07 18:14 usr/share/locale/ku/LC_MESSAGES/five-or-more.mo
drwxr-xr-x root/root         0 2022-07-07 18:14 usr/share/locale/lt/
drwxr-xr-x root/root         0 2022-07-07 18:14 usr/share/locale/lt/LC_MESSAGES/
-rw-r--r-- root/root      4998 2022-07-07 18:14 usr/share/locale/lt/LC_MESSAGES/five-or-more.mo
drwxr-xr-x root/root         0 2022-07-07 18:14 usr/share/locale/lv/
drwxr-xr-x root/root         0 2022-07-07 18:14 usr/share/locale/lv/LC_MESSAGES/
-rw-r--r-- root/root      4859 2022-07-07 18:14 usr/share/locale/lv/LC_MESSAGES/five-or-more.mo
drwxr-xr-x root/root         0 2022-07-07 18:14 usr/share/locale/mai/
drwxr-xr-x root/root         0 2022-07-07 18:14 usr/share/locale/mai/LC_MESSAGES/
-rw-r--r-- root/root      4629 2022-07-07 18:14 usr/share/locale/mai/LC_MESSAGES/five-or-more.mo
drwxr-xr-x root/root         0 2022-07-07 18:14 usr/share/locale/mk/
drwxr-xr-x root/root         0 2022-07-07 18:14 usr/share/locale/mk/LC_MESSAGES/
-rw-r--r-- root/root      4583 2022-07-07 18:14 usr/share/locale/mk/LC_MESSAGES/five-or-more.mo
drwxr-xr-x root/root         0 2022-07-07 18:14 usr/share/locale/ml/
drwxr-xr-x root/root         0 2022-07-07 18:14 usr/share/locale/ml/LC_MESSAGES/
-rw-r--r-- root/root     15639 2022-07-07 18:14 usr/share/locale/ml/LC_MESSAGES/five-or-more.mo
drwxr-xr-x root/root         0 2022-07-07 18:14 usr/share/locale/mn/
drwxr-xr-x root/root         0 2022-07-07 18:14 usr/share/locale/mn/LC_MESSAGES/
-rw-r--r-- root/root      1531 2022-07-07 18:14 usr/share/locale/mn/LC_MESSAGES/five-or-more.mo
drwxr-xr-x root/root         0 2022-07-07 18:14 usr/share/locale/mr/
drwxr-xr-x root/root         0 2022-07-07 18:14 usr/share/locale/mr/LC_MESSAGES/
-rw-r--r-- root/root      5118 2022-07-07 18:14 usr/share/locale/mr/LC_MESSAGES/five-or-more.mo
drwxr-xr-x root/root         0 2022-07-07 18:14 usr/share/locale/ms/
drwxr-xr-x root/root         0 2022-07-07 18:14 usr/share/locale/ms/LC_MESSAGES/
-rw-r--r-- root/root      1497 2022-07-07 18:14 usr/share/locale/ms/LC_MESSAGES/five-or-more.mo
drwxr-xr-x root/root         0 2022-07-07 18:14 usr/share/locale/nb/
drwxr-xr-x root/root         0 2022-07-07 18:14 usr/share/locale/nb/LC_MESSAGES/
-rw-r--r-- root/root      4620 2022-07-07 18:14 usr/share/locale/nb/LC_MESSAGES/five-or-more.mo
drwxr-xr-x root/root         0 2022-07-07 18:14 usr/share/locale/ne/
drwxr-xr-x root/root         0 2022-07-07 18:14 usr/share/locale/ne/LC_MESSAGES/
-rw-r--r-- root/root      6770 2022-07-07 18:14 usr/share/locale/ne/LC_MESSAGES/five-or-more.mo
drwxr-xr-x root/root         0 2022-07-07 18:14 usr/share/locale/nl/
drwxr-xr-x root/root         0 2022-07-07 18:14 usr/share/locale/nl/LC_MESSAGES/
-rw-r--r-- root/root      5693 2022-07-07 18:14 usr/share/locale/nl/LC_MESSAGES/five-or-more.mo
drwxr-xr-x root/root         0 2022-07-07 18:14 usr/share/locale/nn/
drwxr-xr-x root/root         0 2022-07-07 18:14 usr/share/locale/nn/LC_MESSAGES/
-rw-r--r-- root/root      3653 2022-07-07 18:14 usr/share/locale/nn/LC_MESSAGES/five-or-more.mo
drwxr-xr-x root/root         0 2022-07-07 18:14 usr/share/locale/oc/
drwxr-xr-x root/root         0 2022-07-07 18:14 usr/share/locale/oc/LC_MESSAGES/
-rw-r--r-- root/root      5755 2022-07-07 18:14 usr/share/locale/oc/LC_MESSAGES/five-or-more.mo
drwxr-xr-x root/root         0 2022-07-07 18:14 usr/share/locale/or/
drwxr-xr-x root/root         0 2022-07-07 18:14 usr/share/locale/or/LC_MESSAGES/
-rw-r--r-- root/root      5315 2022-07-07 18:14 usr/share/locale/or/LC_MESSAGES/five-or-more.mo
drwxr-xr-x root/root         0 2022-07-07 18:14 usr/share/locale/pa/
drwxr-xr-x root/root         0 2022-07-07 18:14 usr/share/locale/pa/LC_MESSAGES/
-rw-r--r-- root/root     13137 2022-07-07 18:14 usr/share/locale/pa/LC_MESSAGES/five-or-more.mo
drwxr-xr-x root/root         0 2022-07-07 18:14 usr/share/locale/pl/
drwxr-xr-x root/root         0 2022-07-07 18:14 usr/share/locale/pl/LC_MESSAGES/
-rw-r--r-- root/root      5256 2022-07-07 18:14 usr/share/locale/pl/LC_MESSAGES/five-or-more.mo
drwxr-xr-x root/root         0 2022-07-07 18:14 usr/share/locale/pt/
drwxr-xr-x root/root         0 2022-07-07 18:14 usr/share/locale/pt/LC_MESSAGES/
-rw-r--r-- root/root      4744 2022-07-07 18:14 usr/share/locale/pt/LC_MESSAGES/five-or-more.mo
drwxr-xr-x root/root         0 2022-07-07 18:14 usr/share/locale/pt_BR/
drwxr-xr-x root/root         0 2022-07-07 18:14 usr/share/locale/pt_BR/LC_MESSAGES/
-rw-r--r-- root/root      5454 2022-07-07 18:14 usr/share/locale/pt_BR/LC_MESSAGES/five-or-more.mo
drwxr-xr-x root/root         0 2022-07-07 18:14 usr/share/locale/ro/
drwxr-xr-x root/root         0 2022-07-07 18:14 usr/share/locale/ro/LC_MESSAGES/
-rw-r--r-- root/root      5771 2022-07-07 18:14 usr/share/locale/ro/LC_MESSAGES/five-or-more.mo
drwxr-xr-x root/root         0 2022-07-07 18:14 usr/share/locale/ru/
drwxr-xr-x root/root         0 2022-07-07 18:14 usr/share/locale/ru/LC_MESSAGES/
-rw-r--r-- root/root      6990 2022-07-07 18:14 usr/share/locale/ru/LC_MESSAGES/five-or-more.mo
drwxr-xr-x root/root         0 2022-07-07 18:14 usr/share/locale/rw/
drwxr-xr-x root/root         0 2022-07-07 18:14 usr/share/locale/rw/LC_MESSAGES/
-rw-r--r-- root/root       606 2022-07-07 18:14 usr/share/locale/rw/LC_MESSAGES/five-or-more.mo
drwxr-xr-x root/root         0 2022-07-07 18:14 usr/share/locale/si/
drwxr-xr-x root/root         0 2022-07-07 18:14 usr/share/locale/si/LC_MESSAGES/
-rw-r--r-- root/root      2685 2022-07-07 18:14 usr/share/locale/si/LC_MESSAGES/five-or-more.mo
drwxr-xr-x root/root         0 2022-07-07 18:14 usr/share/locale/sk/
drwxr-xr-x root/root         0 2022-07-07 18:14 usr/share/locale/sk/LC_MESSAGES/
-rw-r--r-- root/root      5891 2022-07-07 18:14 usr/share/locale/sk/LC_MESSAGES/five-or-more.mo
drwxr-xr-x root/root         0 2022-07-07 18:14 usr/share/locale/sl/
drwxr-xr-x root/root         0 2022-07-07 18:14 usr/share/locale/sl/LC_MESSAGES/
-rw-r--r-- root/root      4745 2022-07-07 18:14 usr/share/locale/sl/LC_MESSAGES/five-or-more.mo
drwxr-xr-x root/root         0 2022-07-07 18:14 usr/share/locale/sq/
drwxr-xr-x root/root         0 2022-07-07 18:14 usr/share/locale/sq/LC_MESSAGES/
-rw-r--r-- root/root      3411 2022-07-07 18:14 usr/share/locale/sq/LC_MESSAGES/five-or-more.mo
drwxr-xr-x root/root         0 2022-07-07 18:14 usr/share/locale/sr/
drwxr-xr-x root/root         0 2022-07-07 18:14 usr/share/locale/sr/LC_MESSAGES/
-rw-r--r-- root/root      6134 2022-07-07 18:14 usr/share/locale/sr/LC_MESSAGES/five-or-more.mo
drwxr-xr-x root/root         0 2022-07-07 18:14 usr/share/locale/sr@latin/
drwxr-xr-x root/root         0 2022-07-07 18:14 usr/share/locale/sr@latin/LC_MESSAGES/
-rw-r--r-- root/root      5950 2022-07-07 18:14 usr/share/locale/sr@latin/LC_MESSAGES/five-or-more.mo
drwxr-xr-x root/root         0 2022-07-07 18:14 usr/share/locale/sv/
drwxr-xr-x root/root         0 2022-07-07 18:14 usr/share/locale/sv/LC_MESSAGES/
-rw-r--r-- root/root      4855 2022-07-07 18:14 usr/share/locale/sv/LC_MESSAGES/five-or-more.mo
drwxr-xr-x root/root         0 2022-07-07 18:14 usr/share/locale/ta/
drwxr-xr-x root/root         0 2022-07-07 18:14 usr/share/locale/ta/LC_MESSAGES/
-rw-r--r-- root/root     14299 2022-07-07 18:14 usr/share/locale/ta/LC_MESSAGES/five-or-more.mo
drwxr-xr-x root/root         0 2022-07-07 18:14 usr/share/locale/te/
drwxr-xr-x root/root         0 2022-07-07 18:14 usr/share/locale/te/LC_MESSAGES/
-rw-r--r-- root/root      5608 2022-07-07 18:14 usr/share/locale/te/LC_MESSAGES/five-or-more.mo
drwxr-xr-x root/root         0 2022-07-07 18:14 usr/share/locale/tg/
drwxr-xr-x root/root         0 2022-07-07 18:14 usr/share/locale/tg/LC_MESSAGES/
-rw-r--r-- root/root      1812 2022-07-07 18:14 usr/share/locale/tg/LC_MESSAGES/five-or-more.mo
drwxr-xr-x root/root         0 2022-07-07 18:14 usr/share/locale/th/
drwxr-xr-x root/root         0 2022-07-07 18:14 usr/share/locale/th/LC_MESSAGES/
-rw-r--r-- root/root      5445 2022-07-07 18:14 usr/share/locale/th/LC_MESSAGES/five-or-more.mo
drwxr-xr-x root/root         0 2022-07-07 18:14 usr/share/locale/tr/
drwxr-xr-x root/root         0 2022-07-07 18:14 usr/share/locale/tr/LC_MESSAGES/
-rw-r--r-- root/root      4788 2022-07-07 18:14 usr/share/locale/tr/LC_MESSAGES/five-or-more.mo
drwxr-xr-x root/root         0 2022-07-07 18:14 usr/share/locale/ug/
drwxr-xr-x root/root         0 2022-07-07 18:14 usr/share/locale/ug/LC_MESSAGES/
-rw-r--r-- root/root     11762 2022-07-07 18:14 usr/share/locale/ug/LC_MESSAGES/five-or-more.mo
drwxr-xr-x root/root         0 2022-07-07 18:14 usr/share/locale/uk/
drwxr-xr-x root/root         0 2022-07-07 18:14 usr/share/locale/uk/LC_MESSAGES/
-rw-r--r-- root/root      5798 2022-07-07 18:14 usr/share/locale/uk/LC_MESSAGES/five-or-more.mo
drwxr-xr-x root/root         0 2022-07-07 18:14 usr/share/locale/vi/
drwxr-xr-x root/root         0 2022-07-07 18:14 usr/share/locale/vi/LC_MESSAGES/
-rw-r--r-- root/root      6120 2022-07-07 18:14 usr/share/locale/vi/LC_MESSAGES/five-or-more.mo
drwxr-xr-x root/root         0 2022-07-07 18:14 usr/share/locale/wa/
drwxr-xr-x root/root         0 2022-07-07 18:14 usr/share/locale/wa/LC_MESSAGES/
-rw-r--r-- root/root       875 2022-07-07 18:14 usr/share/locale/wa/LC_MESSAGES/five-or-more.mo
drwxr-xr-x root/root         0 2022-07-07 18:14 usr/share/locale/xh/
drwxr-xr-x root/root         0 2022-07-07 18:14 usr/share/locale/xh/LC_MESSAGES/
-rw-r--r-- root/root      2379 2022-07-07 18:14 usr/share/locale/xh/LC_MESSAGES/five-or-more.mo
drwxr-xr-x root/root         0 2022-07-07 18:14 usr/share/locale/zh_CN/
drwxr-xr-x root/root         0 2022-07-07 18:14 usr/share/locale/zh_CN/LC_MESSAGES/
-rw-r--r-- root/root      5151 2022-07-07 18:14 usr/share/locale/zh_CN/LC_MESSAGES/five-or-more.mo
drwxr-xr-x root/root         0 2022-07-07 18:14 usr/share/locale/zh_HK/
drwxr-xr-x root/root         0 2022-07-07 18:14 usr/share/locale/zh_HK/LC_MESSAGES/
-rw-r--r-- root/root      5358 2022-07-07 18:14 usr/share/locale/zh_HK/LC_MESSAGES/five-or-more.mo
drwxr-xr-x root/root         0 2022-07-07 18:14 usr/share/locale/zh_TW/
drwxr-xr-x root/root         0 2022-07-07 18:14 usr/share/locale/zh_TW/LC_MESSAGES/
-rw-r--r-- root/root      4751 2022-07-07 18:14 usr/share/locale/zh_TW/LC_MESSAGES/five-or-more.mo
drwxr-xr-x root/root         0 2022-07-07 18:14 usr/share/metainfo/
-rw-r--r-- root/root     46570 2022-07-07 18:14 usr/share/metainfo/org.gnome.five-or-more.appdata.xml


