++========================================
||
||   Package:  ./gnome-photos-42.0-x86_64-1_rtz.tgz
||
++========================================
drwxr-xr-x root/root         0 2022-05-24 19:22 ./
drwxr-xr-x root/root         0 2022-05-24 19:22 install/
-rw-r--r-- root/root      4273 2022-05-24 19:22 install/doinst.sh
-rw-r--r-- root/root       780 2022-05-24 19:22 install/slack-desc
drwxr-xr-x root/root         0 2022-05-24 19:22 usr/
drwxr-xr-x root/root         0 2022-05-24 19:22 usr/bin/
-rwxr-xr-x root/root   1033624 2022-05-24 19:22 usr/bin/gnome-photos
drwxr-xr-x root/root         0 2022-05-24 19:22 usr/doc/
drwxr-xr-x root/root         0 2022-05-24 19:22 usr/doc/gnome-photos-42.0/
-rw-r--r-- root/root        43 2022-03-19 19:39 usr/doc/gnome-photos-42.0/ARTISTS
-rw-r--r-- root/root       866 2022-03-19 19:39 usr/doc/gnome-photos-42.0/AUTHORS
-rw-r--r-- root/root     35149 2022-03-19 19:39 usr/doc/gnome-photos-42.0/COPYING
-rw-r--r-- root/root     38663 2022-03-19 19:39 usr/doc/gnome-photos-42.0/NEWS
-rw-r--r-- root/root      1284 2022-03-19 19:39 usr/doc/gnome-photos-42.0/README
-rw-r--r-- root/root      4853 2022-05-24 19:22 usr/doc/gnome-photos-42.0/gnome-photos.SlackBuild
drwxr-xr-x root/root         0 2022-05-24 19:22 usr/lib64/
drwxr-xr-x root/root         0 2022-05-24 19:22 usr/lib64/gnome-photos/
-rwxr-xr-x root/root   1368888 2022-05-24 19:22 usr/lib64/gnome-photos/libgnome-photos.so
drwxr-xr-x root/root         0 2022-05-24 19:22 usr/libexec/
-rwxr-xr-x root/root     40056 2022-05-24 19:22 usr/libexec/gnome-photos-thumbnailer
drwxr-xr-x root/root         0 2022-05-24 19:22 usr/man/
drwxr-xr-x root/root         0 2022-05-24 19:22 usr/man/man1/
-rw-r--r-- root/root      1251 2022-05-24 19:22 usr/man/man1/gnome-photos.1.gz
drwxr-xr-x root/root         0 2022-05-24 19:22 usr/share/
drwxr-xr-x root/root         0 2022-05-24 19:22 usr/share/applications/
-rw-r--r-- root/root      8798 2022-05-24 19:21 usr/share/applications/org.gnome.Photos.desktop
drwxr-xr-x root/root         0 2022-05-24 19:22 usr/share/dbus-1/
drwxr-xr-x root/root         0 2022-05-24 19:22 usr/share/dbus-1/services/
-rw-r--r-- root/root       132 2022-05-24 19:21 usr/share/dbus-1/services/org.gnome.Photos.Tracker3.Miner.Extract.service
-rw-r--r-- root/root       149 2022-05-24 19:21 usr/share/dbus-1/services/org.gnome.Photos.Tracker3.Miner.Files.service
-rw-r--r-- root/root        88 2022-05-24 19:21 usr/share/dbus-1/services/org.gnome.Photos.service
drwxr-xr-x root/root         0 2022-05-24 19:22 usr/share/doc/
drwxr-xr-x root/root         0 2022-05-24 19:22 usr/share/doc/gnome-photos/
-rw-r--r-- root/root        43 2022-03-19 19:39 usr/share/doc/gnome-photos/ARTISTS
-rw-r--r-- root/root       866 2022-03-19 19:39 usr/share/doc/gnome-photos/AUTHORS
-rw-r--r-- root/root     38663 2022-03-19 19:39 usr/share/doc/gnome-photos/NEWS
-rw-r--r-- root/root      1284 2022-03-19 19:39 usr/share/doc/gnome-photos/README
drwxr-xr-x root/root         0 2022-05-24 19:22 usr/share/glib-2.0/
drwxr-xr-x root/root         0 2022-05-24 19:22 usr/share/glib-2.0/schemas/
-rw-r--r-- root/root       681 2022-03-19 19:39 usr/share/glib-2.0/schemas/org.gnome.photos.gschema.xml
drwxr-xr-x root/root         0 2022-05-24 19:22 usr/share/gnome-shell/
drwxr-xr-x root/root         0 2022-05-24 19:22 usr/share/gnome-shell/search-providers/
-rw-r--r-- root/root       138 2022-03-19 19:39 usr/share/gnome-shell/search-providers/org.gnome.Photos.search-provider.ini
drwxr-xr-x root/root         0 2022-05-24 19:22 usr/share/help/
drwxr-xr-x root/root         0 2022-05-24 19:22 usr/share/help/C/
drwxr-xr-x root/root         0 2022-05-24 19:22 usr/share/help/C/gnome-photos/
-rw-r--r-- root/root      1495 2022-03-19 19:39 usr/share/help/C/gnome-photos/favorites-set.page
-rw-r--r-- root/root       812 2022-03-19 19:39 usr/share/help/C/gnome-photos/favorites.page
-rw-r--r-- root/root      1187 2022-03-19 19:39 usr/share/help/C/gnome-photos/index.page
-rw-r--r-- root/root       297 2022-03-19 19:39 usr/share/help/C/gnome-photos/legal.xml
drwxr-xr-x root/root         0 2022-05-24 19:22 usr/share/help/C/gnome-photos/media/
-rw-r--r-- root/root      2232 2022-03-19 19:39 usr/share/help/C/gnome-photos/media/logo1.png
-rw-r--r-- root/root      1039 2022-03-19 19:39 usr/share/help/C/gnome-photos/view-album.page
-rw-r--r-- root/root      1127 2022-03-19 19:39 usr/share/help/C/gnome-photos/view-favorites.page
-rw-r--r-- root/root      1438 2022-03-19 19:39 usr/share/help/C/gnome-photos/view-photos.page
-rw-r--r-- root/root       930 2022-03-19 19:39 usr/share/help/C/gnome-photos/view.page
drwxr-xr-x root/root         0 2022-05-24 19:22 usr/share/help/ca/
drwxr-xr-x root/root         0 2022-05-24 19:22 usr/share/help/ca/gnome-photos/
-rw-r--r-- root/root      1635 2022-05-24 19:22 usr/share/help/ca/gnome-photos/favorites-set.page
-rw-r--r-- root/root       935 2022-05-24 19:22 usr/share/help/ca/gnome-photos/favorites.page
-rw-r--r-- root/root      1292 2022-05-24 19:22 usr/share/help/ca/gnome-photos/index.page
-rw-r--r-- root/root       339 2022-05-24 19:22 usr/share/help/ca/gnome-photos/legal.xml
drwxr-xr-x root/root         0 2022-05-24 19:22 usr/share/help/ca/gnome-photos/media/
-rw-r--r-- root/root      1159 2022-05-24 19:22 usr/share/help/ca/gnome-photos/view-album.page
-rw-r--r-- root/root      1281 2022-05-24 19:22 usr/share/help/ca/gnome-photos/view-favorites.page
-rw-r--r-- root/root      1641 2022-05-24 19:22 usr/share/help/ca/gnome-photos/view-photos.page
-rw-r--r-- root/root      1066 2022-05-24 19:22 usr/share/help/ca/gnome-photos/view.page
drwxr-xr-x root/root         0 2022-05-24 19:22 usr/share/help/cs/
drwxr-xr-x root/root         0 2022-05-24 19:22 usr/share/help/cs/gnome-photos/
-rw-r--r-- root/root      1590 2022-05-24 19:22 usr/share/help/cs/gnome-photos/favorites-set.page
-rw-r--r-- root/root       915 2022-05-24 19:22 usr/share/help/cs/gnome-photos/favorites.page
-rw-r--r-- root/root      1262 2022-05-24 19:22 usr/share/help/cs/gnome-photos/index.page
-rw-r--r-- root/root       325 2022-05-24 19:22 usr/share/help/cs/gnome-photos/legal.xml
drwxr-xr-x root/root         0 2022-05-24 19:22 usr/share/help/cs/gnome-photos/media/
-rw-r--r-- root/root      1147 2022-05-24 19:22 usr/share/help/cs/gnome-photos/view-album.page
-rw-r--r-- root/root      1268 2022-05-24 19:22 usr/share/help/cs/gnome-photos/view-favorites.page
-rw-r--r-- root/root      1611 2022-05-24 19:22 usr/share/help/cs/gnome-photos/view-photos.page
-rw-r--r-- root/root      1029 2022-05-24 19:22 usr/share/help/cs/gnome-photos/view.page
drwxr-xr-x root/root         0 2022-05-24 19:22 usr/share/help/da/
drwxr-xr-x root/root         0 2022-05-24 19:22 usr/share/help/da/gnome-photos/
-rw-r--r-- root/root      1786 2022-05-24 19:22 usr/share/help/da/gnome-photos/favorites-set.page
-rw-r--r-- root/root      1104 2022-05-24 19:22 usr/share/help/da/gnome-photos/favorites.page
-rw-r--r-- root/root      1462 2022-05-24 19:22 usr/share/help/da/gnome-photos/index.page
-rw-r--r-- root/root       342 2022-05-24 19:22 usr/share/help/da/gnome-photos/legal.xml
drwxr-xr-x root/root         0 2022-05-24 19:22 usr/share/help/da/gnome-photos/media/
-rw-r--r-- root/root      1319 2022-05-24 19:22 usr/share/help/da/gnome-photos/view-album.page
-rw-r--r-- root/root      1434 2022-05-24 19:22 usr/share/help/da/gnome-photos/view-favorites.page
-rw-r--r-- root/root      1717 2022-05-24 19:22 usr/share/help/da/gnome-photos/view-photos.page
-rw-r--r-- root/root      1219 2022-05-24 19:22 usr/share/help/da/gnome-photos/view.page
drwxr-xr-x root/root         0 2022-05-24 19:22 usr/share/help/de/
drwxr-xr-x root/root         0 2022-05-24 19:22 usr/share/help/de/gnome-photos/
-rw-r--r-- root/root      2318 2022-05-24 19:22 usr/share/help/de/gnome-photos/favorites-set.page
-rw-r--r-- root/root      1623 2022-05-24 19:22 usr/share/help/de/gnome-photos/favorites.page
-rw-r--r-- root/root      1947 2022-05-24 19:22 usr/share/help/de/gnome-photos/index.page
-rw-r--r-- root/root       333 2022-05-24 19:22 usr/share/help/de/gnome-photos/legal.xml
drwxr-xr-x root/root         0 2022-05-24 19:22 usr/share/help/de/gnome-photos/media/
-rw-r--r-- root/root      1881 2022-05-24 19:22 usr/share/help/de/gnome-photos/view-album.page
-rw-r--r-- root/root      2025 2022-05-24 19:22 usr/share/help/de/gnome-photos/view-favorites.page
-rw-r--r-- root/root      2321 2022-05-24 19:22 usr/share/help/de/gnome-photos/view-photos.page
-rw-r--r-- root/root      1732 2022-05-24 19:22 usr/share/help/de/gnome-photos/view.page
drwxr-xr-x root/root         0 2022-05-24 19:22 usr/share/help/el/
drwxr-xr-x root/root         0 2022-05-24 19:22 usr/share/help/el/gnome-photos/
-rw-r--r-- root/root      2542 2022-05-24 19:22 usr/share/help/el/gnome-photos/favorites-set.page
-rw-r--r-- root/root      1707 2022-05-24 19:22 usr/share/help/el/gnome-photos/favorites.page
-rw-r--r-- root/root      2371 2022-05-24 19:22 usr/share/help/el/gnome-photos/index.page
-rw-r--r-- root/root       364 2022-05-24 19:22 usr/share/help/el/gnome-photos/legal.xml
drwxr-xr-x root/root         0 2022-05-24 19:22 usr/share/help/el/gnome-photos/media/
-rw-r--r-- root/root      2062 2022-05-24 19:22 usr/share/help/el/gnome-photos/view-album.page
-rw-r--r-- root/root      2219 2022-05-24 19:22 usr/share/help/el/gnome-photos/view-favorites.page
-rw-r--r-- root/root      2413 2022-05-24 19:22 usr/share/help/el/gnome-photos/view-photos.page
-rw-r--r-- root/root      1638 2022-05-24 19:22 usr/share/help/el/gnome-photos/view.page
drwxr-xr-x root/root         0 2022-05-24 19:22 usr/share/help/en_GB/
drwxr-xr-x root/root         0 2022-05-24 19:22 usr/share/help/en_GB/gnome-photos/
-rw-r--r-- root/root      2005 2022-05-24 19:22 usr/share/help/en_GB/gnome-photos/favorites-set.page
-rw-r--r-- root/root      1338 2022-05-24 19:22 usr/share/help/en_GB/gnome-photos/favorites.page
-rw-r--r-- root/root      1673 2022-05-24 19:22 usr/share/help/en_GB/gnome-photos/index.page
-rw-r--r-- root/root       323 2022-05-24 19:22 usr/share/help/en_GB/gnome-photos/legal.xml
drwxr-xr-x root/root         0 2022-05-24 19:22 usr/share/help/en_GB/gnome-photos/media/
-rw-r--r-- root/root      1558 2022-05-24 19:22 usr/share/help/en_GB/gnome-photos/view-album.page
-rw-r--r-- root/root      1651 2022-05-24 19:22 usr/share/help/en_GB/gnome-photos/view-favorites.page
-rw-r--r-- root/root      1956 2022-05-24 19:22 usr/share/help/en_GB/gnome-photos/view-photos.page
-rw-r--r-- root/root      1456 2022-05-24 19:22 usr/share/help/en_GB/gnome-photos/view.page
drwxr-xr-x root/root         0 2022-05-24 19:22 usr/share/help/es/
drwxr-xr-x root/root         0 2022-05-24 19:22 usr/share/help/es/gnome-photos/
-rw-r--r-- root/root      1864 2022-05-24 19:22 usr/share/help/es/gnome-photos/favorites-set.page
-rw-r--r-- root/root      1164 2022-05-24 19:22 usr/share/help/es/gnome-photos/favorites.page
-rw-r--r-- root/root      1476 2022-05-24 19:22 usr/share/help/es/gnome-photos/index.page
-rw-r--r-- root/root       335 2022-05-24 19:22 usr/share/help/es/gnome-photos/legal.xml
drwxr-xr-x root/root         0 2022-05-24 19:22 usr/share/help/es/gnome-photos/media/
-rw-r--r-- root/root      1354 2022-05-24 19:22 usr/share/help/es/gnome-photos/view-album.page
-rw-r--r-- root/root      1461 2022-05-24 19:22 usr/share/help/es/gnome-photos/view-favorites.page
-rw-r--r-- root/root      1827 2022-05-24 19:22 usr/share/help/es/gnome-photos/view-photos.page
-rw-r--r-- root/root      1258 2022-05-24 19:22 usr/share/help/es/gnome-photos/view.page
drwxr-xr-x root/root         0 2022-05-24 19:22 usr/share/help/eu/
drwxr-xr-x root/root         0 2022-05-24 19:22 usr/share/help/eu/gnome-photos/
-rw-r--r-- root/root      1545 2022-05-24 19:22 usr/share/help/eu/gnome-photos/favorites-set.page
-rw-r--r-- root/root       883 2022-05-24 19:22 usr/share/help/eu/gnome-photos/favorites.page
-rw-r--r-- root/root      1313 2022-05-24 19:22 usr/share/help/eu/gnome-photos/index.page
-rw-r--r-- root/root       318 2022-05-24 19:22 usr/share/help/eu/gnome-photos/legal.xml
drwxr-xr-x root/root         0 2022-05-24 19:22 usr/share/help/eu/gnome-photos/media/
-rw-r--r-- root/root      1115 2022-05-24 19:22 usr/share/help/eu/gnome-photos/view-album.page
-rw-r--r-- root/root      1197 2022-05-24 19:22 usr/share/help/eu/gnome-photos/view-favorites.page
-rw-r--r-- root/root      1611 2022-05-24 19:22 usr/share/help/eu/gnome-photos/view-photos.page
-rw-r--r-- root/root      1017 2022-05-24 19:22 usr/share/help/eu/gnome-photos/view.page
drwxr-xr-x root/root         0 2022-05-24 19:22 usr/share/help/fr/
drwxr-xr-x root/root         0 2022-05-24 19:22 usr/share/help/fr/gnome-photos/
-rw-r--r-- root/root      2124 2022-05-24 19:22 usr/share/help/fr/gnome-photos/favorites-set.page
-rw-r--r-- root/root      1392 2022-05-24 19:22 usr/share/help/fr/gnome-photos/favorites.page
-rw-r--r-- root/root      1673 2022-05-24 19:22 usr/share/help/fr/gnome-photos/index.page
-rw-r--r-- root/root       362 2022-05-24 19:22 usr/share/help/fr/gnome-photos/legal.xml
drwxr-xr-x root/root         0 2022-05-24 19:22 usr/share/help/fr/gnome-photos/media/
-rw-r--r-- root/root      1609 2022-05-24 19:22 usr/share/help/fr/gnome-photos/view-album.page
-rw-r--r-- root/root      1748 2022-05-24 19:22 usr/share/help/fr/gnome-photos/view-favorites.page
-rw-r--r-- root/root      2083 2022-05-24 19:22 usr/share/help/fr/gnome-photos/view-photos.page
-rw-r--r-- root/root      1546 2022-05-24 19:22 usr/share/help/fr/gnome-photos/view.page
drwxr-xr-x root/root         0 2022-05-24 19:22 usr/share/help/fur/
drwxr-xr-x root/root         0 2022-05-24 19:22 usr/share/help/fur/gnome-photos/
-rw-r--r-- root/root      1822 2022-05-24 19:22 usr/share/help/fur/gnome-photos/favorites-set.page
-rw-r--r-- root/root      1134 2022-05-24 19:22 usr/share/help/fur/gnome-photos/favorites.page
-rw-r--r-- root/root      1518 2022-05-24 19:22 usr/share/help/fur/gnome-photos/index.page
-rw-r--r-- root/root       337 2022-05-24 19:22 usr/share/help/fur/gnome-photos/legal.xml
drwxr-xr-x root/root         0 2022-05-24 19:22 usr/share/help/fur/gnome-photos/media/
-rw-r--r-- root/root      1338 2022-05-24 19:22 usr/share/help/fur/gnome-photos/view-album.page
-rw-r--r-- root/root      1448 2022-05-24 19:22 usr/share/help/fur/gnome-photos/view-favorites.page
-rw-r--r-- root/root      1758 2022-05-24 19:22 usr/share/help/fur/gnome-photos/view-photos.page
-rw-r--r-- root/root      1233 2022-05-24 19:22 usr/share/help/fur/gnome-photos/view.page
drwxr-xr-x root/root         0 2022-05-24 19:22 usr/share/help/gl/
drwxr-xr-x root/root         0 2022-05-24 19:22 usr/share/help/gl/gnome-photos/
-rw-r--r-- root/root      1847 2022-05-24 19:22 usr/share/help/gl/gnome-photos/favorites-set.page
-rw-r--r-- root/root      1131 2022-05-24 19:22 usr/share/help/gl/gnome-photos/favorites.page
-rw-r--r-- root/root      1474 2022-05-24 19:22 usr/share/help/gl/gnome-photos/index.page
-rw-r--r-- root/root       328 2022-05-24 19:22 usr/share/help/gl/gnome-photos/legal.xml
drwxr-xr-x root/root         0 2022-05-24 19:22 usr/share/help/gl/gnome-photos/media/
-rw-r--r-- root/root      1346 2022-05-24 19:22 usr/share/help/gl/gnome-photos/view-album.page
-rw-r--r-- root/root      1454 2022-05-24 19:22 usr/share/help/gl/gnome-photos/view-favorites.page
-rw-r--r-- root/root      1780 2022-05-24 19:22 usr/share/help/gl/gnome-photos/view-photos.page
-rw-r--r-- root/root      1210 2022-05-24 19:22 usr/share/help/gl/gnome-photos/view.page
drwxr-xr-x root/root         0 2022-05-24 19:22 usr/share/help/hu/
drwxr-xr-x root/root         0 2022-05-24 19:22 usr/share/help/hu/gnome-photos/
-rw-r--r-- root/root      1623 2022-05-24 19:22 usr/share/help/hu/gnome-photos/favorites-set.page
-rw-r--r-- root/root       897 2022-05-24 19:22 usr/share/help/hu/gnome-photos/favorites.page
-rw-r--r-- root/root      1278 2022-05-24 19:22 usr/share/help/hu/gnome-photos/index.page
-rw-r--r-- root/root       340 2022-05-24 19:22 usr/share/help/hu/gnome-photos/legal.xml
drwxr-xr-x root/root         0 2022-05-24 19:22 usr/share/help/hu/gnome-photos/media/
-rw-r--r-- root/root      1177 2022-05-24 19:22 usr/share/help/hu/gnome-photos/view-album.page
-rw-r--r-- root/root      1260 2022-05-24 19:22 usr/share/help/hu/gnome-photos/view-favorites.page
-rw-r--r-- root/root      1694 2022-05-24 19:22 usr/share/help/hu/gnome-photos/view-photos.page
-rw-r--r-- root/root      1018 2022-05-24 19:22 usr/share/help/hu/gnome-photos/view.page
drwxr-xr-x root/root         0 2022-05-24 19:22 usr/share/help/id/
drwxr-xr-x root/root         0 2022-05-24 19:22 usr/share/help/id/gnome-photos/
-rw-r--r-- root/root      1763 2022-05-24 19:22 usr/share/help/id/gnome-photos/favorites-set.page
-rw-r--r-- root/root      1125 2022-05-24 19:22 usr/share/help/id/gnome-photos/favorites.page
-rw-r--r-- root/root      1481 2022-05-24 19:22 usr/share/help/id/gnome-photos/index.page
-rw-r--r-- root/root       325 2022-05-24 19:22 usr/share/help/id/gnome-photos/legal.xml
drwxr-xr-x root/root         0 2022-05-24 19:22 usr/share/help/id/gnome-photos/media/
-rw-r--r-- root/root      1312 2022-05-24 19:22 usr/share/help/id/gnome-photos/view-album.page
-rw-r--r-- root/root      1430 2022-05-24 19:22 usr/share/help/id/gnome-photos/view-favorites.page
-rw-r--r-- root/root      1697 2022-05-24 19:22 usr/share/help/id/gnome-photos/view-photos.page
-rw-r--r-- root/root      1226 2022-05-24 19:22 usr/share/help/id/gnome-photos/view.page
drwxr-xr-x root/root         0 2022-05-24 19:22 usr/share/help/ko/
drwxr-xr-x root/root         0 2022-05-24 19:22 usr/share/help/ko/gnome-photos/
-rw-r--r-- root/root      1864 2022-05-24 19:22 usr/share/help/ko/gnome-photos/favorites-set.page
-rw-r--r-- root/root      1160 2022-05-24 19:22 usr/share/help/ko/gnome-photos/favorites.page
-rw-r--r-- root/root      1544 2022-05-24 19:22 usr/share/help/ko/gnome-photos/index.page
-rw-r--r-- root/root       378 2022-05-24 19:22 usr/share/help/ko/gnome-photos/legal.xml
drwxr-xr-x root/root         0 2022-05-24 19:22 usr/share/help/ko/gnome-photos/media/
-rw-r--r-- root/root      1434 2022-05-24 19:22 usr/share/help/ko/gnome-photos/view-album.page
-rw-r--r-- root/root      1497 2022-05-24 19:22 usr/share/help/ko/gnome-photos/view-favorites.page
-rw-r--r-- root/root      1842 2022-05-24 19:22 usr/share/help/ko/gnome-photos/view-photos.page
-rw-r--r-- root/root      1241 2022-05-24 19:22 usr/share/help/ko/gnome-photos/view.page
drwxr-xr-x root/root         0 2022-05-24 19:22 usr/share/help/nl/
drwxr-xr-x root/root         0 2022-05-24 19:22 usr/share/help/nl/gnome-photos/
-rw-r--r-- root/root      1790 2022-05-24 19:22 usr/share/help/nl/gnome-photos/favorites-set.page
-rw-r--r-- root/root      1132 2022-05-24 19:22 usr/share/help/nl/gnome-photos/favorites.page
-rw-r--r-- root/root      1484 2022-05-24 19:22 usr/share/help/nl/gnome-photos/index.page
-rw-r--r-- root/root       333 2022-05-24 19:22 usr/share/help/nl/gnome-photos/legal.xml
drwxr-xr-x root/root         0 2022-05-24 19:22 usr/share/help/nl/gnome-photos/media/
-rw-r--r-- root/root      1367 2022-05-24 19:22 usr/share/help/nl/gnome-photos/view-album.page
-rw-r--r-- root/root      1427 2022-05-24 19:22 usr/share/help/nl/gnome-photos/view-favorites.page
-rw-r--r-- root/root      1780 2022-05-24 19:22 usr/share/help/nl/gnome-photos/view-photos.page
-rw-r--r-- root/root      1245 2022-05-24 19:22 usr/share/help/nl/gnome-photos/view.page
drwxr-xr-x root/root         0 2022-05-24 19:22 usr/share/help/pl/
drwxr-xr-x root/root         0 2022-05-24 19:22 usr/share/help/pl/gnome-photos/
-rw-r--r-- root/root      2045 2022-05-24 19:22 usr/share/help/pl/gnome-photos/favorites-set.page
-rw-r--r-- root/root      1358 2022-05-24 19:22 usr/share/help/pl/gnome-photos/favorites.page
-rw-r--r-- root/root      1674 2022-05-24 19:22 usr/share/help/pl/gnome-photos/index.page
-rw-r--r-- root/root       307 2022-05-24 19:22 usr/share/help/pl/gnome-photos/legal.xml
drwxr-xr-x root/root         0 2022-05-24 19:22 usr/share/help/pl/gnome-photos/media/
-rw-r--r-- root/root      1580 2022-05-24 19:22 usr/share/help/pl/gnome-photos/view-album.page
-rw-r--r-- root/root      1718 2022-05-24 19:22 usr/share/help/pl/gnome-photos/view-favorites.page
-rw-r--r-- root/root      2042 2022-05-24 19:22 usr/share/help/pl/gnome-photos/view-photos.page
-rw-r--r-- root/root      1472 2022-05-24 19:22 usr/share/help/pl/gnome-photos/view.page
drwxr-xr-x root/root         0 2022-05-24 19:22 usr/share/help/pt_BR/
drwxr-xr-x root/root         0 2022-05-24 19:22 usr/share/help/pt_BR/gnome-photos/
-rw-r--r-- root/root      2305 2022-05-24 19:22 usr/share/help/pt_BR/gnome-photos/favorites-set.page
-rw-r--r-- root/root      1595 2022-05-24 19:22 usr/share/help/pt_BR/gnome-photos/favorites.page
-rw-r--r-- root/root      1995 2022-05-24 19:22 usr/share/help/pt_BR/gnome-photos/index.page
-rw-r--r-- root/root       348 2022-05-24 19:22 usr/share/help/pt_BR/gnome-photos/legal.xml
drwxr-xr-x root/root         0 2022-05-24 19:22 usr/share/help/pt_BR/gnome-photos/media/
-rw-r--r-- root/root      1808 2022-05-24 19:22 usr/share/help/pt_BR/gnome-photos/view-album.page
-rw-r--r-- root/root      1907 2022-05-24 19:22 usr/share/help/pt_BR/gnome-photos/view-favorites.page
-rw-r--r-- root/root      2203 2022-05-24 19:22 usr/share/help/pt_BR/gnome-photos/view-photos.page
-rw-r--r-- root/root      1723 2022-05-24 19:22 usr/share/help/pt_BR/gnome-photos/view.page
drwxr-xr-x root/root         0 2022-05-24 19:22 usr/share/help/ro/
drwxr-xr-x root/root         0 2022-05-24 19:22 usr/share/help/ro/gnome-photos/
-rw-r--r-- root/root      2126 2022-05-24 19:22 usr/share/help/ro/gnome-photos/favorites-set.page
-rw-r--r-- root/root      1425 2022-05-24 19:22 usr/share/help/ro/gnome-photos/favorites.page
-rw-r--r-- root/root      1851 2022-05-24 19:22 usr/share/help/ro/gnome-photos/index.page
-rw-r--r-- root/root       348 2022-05-24 19:22 usr/share/help/ro/gnome-photos/legal.xml
drwxr-xr-x root/root         0 2022-05-24 19:22 usr/share/help/ro/gnome-photos/media/
-rw-r--r-- root/root      1653 2022-05-24 19:22 usr/share/help/ro/gnome-photos/view-album.page
-rw-r--r-- root/root      1792 2022-05-24 19:22 usr/share/help/ro/gnome-photos/view-favorites.page
-rw-r--r-- root/root      2103 2022-05-24 19:22 usr/share/help/ro/gnome-photos/view-photos.page
-rw-r--r-- root/root      1535 2022-05-24 19:22 usr/share/help/ro/gnome-photos/view.page
drwxr-xr-x root/root         0 2022-05-24 19:22 usr/share/help/ru/
drwxr-xr-x root/root         0 2022-05-24 19:22 usr/share/help/ru/gnome-photos/
-rw-r--r-- root/root      2316 2022-05-24 19:22 usr/share/help/ru/gnome-photos/favorites-set.page
-rw-r--r-- root/root      1415 2022-05-24 19:22 usr/share/help/ru/gnome-photos/favorites.page
-rw-r--r-- root/root      1899 2022-05-24 19:22 usr/share/help/ru/gnome-photos/index.page
-rw-r--r-- root/root       378 2022-05-24 19:22 usr/share/help/ru/gnome-photos/legal.xml
drwxr-xr-x root/root         0 2022-05-24 19:22 usr/share/help/ru/gnome-photos/media/
-rw-r--r-- root/root      1698 2022-05-24 19:22 usr/share/help/ru/gnome-photos/view-album.page
-rw-r--r-- root/root      1834 2022-05-24 19:22 usr/share/help/ru/gnome-photos/view-favorites.page
-rw-r--r-- root/root      2409 2022-05-24 19:22 usr/share/help/ru/gnome-photos/view-photos.page
-rw-r--r-- root/root      1653 2022-05-24 19:22 usr/share/help/ru/gnome-photos/view.page
drwxr-xr-x root/root         0 2022-05-24 19:22 usr/share/help/sv/
drwxr-xr-x root/root         0 2022-05-24 19:22 usr/share/help/sv/gnome-photos/
-rw-r--r-- root/root      1798 2022-05-24 19:22 usr/share/help/sv/gnome-photos/favorites-set.page
-rw-r--r-- root/root      1143 2022-05-24 19:22 usr/share/help/sv/gnome-photos/favorites.page
-rw-r--r-- root/root      1444 2022-05-24 19:22 usr/share/help/sv/gnome-photos/index.page
-rw-r--r-- root/root       325 2022-05-24 19:22 usr/share/help/sv/gnome-photos/legal.xml
drwxr-xr-x root/root         0 2022-05-24 19:22 usr/share/help/sv/gnome-photos/media/
-rw-r--r-- root/root      1355 2022-05-24 19:22 usr/share/help/sv/gnome-photos/view-album.page
-rw-r--r-- root/root      1432 2022-05-24 19:22 usr/share/help/sv/gnome-photos/view-favorites.page
-rw-r--r-- root/root      1769 2022-05-24 19:22 usr/share/help/sv/gnome-photos/view-photos.page
-rw-r--r-- root/root      1220 2022-05-24 19:22 usr/share/help/sv/gnome-photos/view.page
drwxr-xr-x root/root         0 2022-05-24 19:22 usr/share/help/tr/
drwxr-xr-x root/root         0 2022-05-24 19:22 usr/share/help/tr/gnome-photos/
-rw-r--r-- root/root      1805 2022-05-24 19:22 usr/share/help/tr/gnome-photos/favorites-set.page
-rw-r--r-- root/root      1114 2022-05-24 19:22 usr/share/help/tr/gnome-photos/favorites.page
-rw-r--r-- root/root      1541 2022-05-24 19:22 usr/share/help/tr/gnome-photos/index.page
-rw-r--r-- root/root       330 2022-05-24 19:22 usr/share/help/tr/gnome-photos/legal.xml
drwxr-xr-x root/root         0 2022-05-24 19:22 usr/share/help/tr/gnome-photos/media/
-rw-r--r-- root/root      1346 2022-05-24 19:22 usr/share/help/tr/gnome-photos/view-album.page
-rw-r--r-- root/root      1500 2022-05-24 19:22 usr/share/help/tr/gnome-photos/view-favorites.page
-rw-r--r-- root/root      1816 2022-05-24 19:22 usr/share/help/tr/gnome-photos/view-photos.page
-rw-r--r-- root/root      1300 2022-05-24 19:22 usr/share/help/tr/gnome-photos/view.page
drwxr-xr-x root/root         0 2022-05-24 19:22 usr/share/help/uk/
drwxr-xr-x root/root         0 2022-05-24 19:22 usr/share/help/uk/gnome-photos/
-rw-r--r-- root/root      2400 2022-05-24 19:22 usr/share/help/uk/gnome-photos/favorites-set.page
-rw-r--r-- root/root      1345 2022-05-24 19:22 usr/share/help/uk/gnome-photos/favorites.page
-rw-r--r-- root/root      1930 2022-05-24 19:22 usr/share/help/uk/gnome-photos/index.page
-rw-r--r-- root/root       379 2022-05-24 19:22 usr/share/help/uk/gnome-photos/legal.xml
drwxr-xr-x root/root         0 2022-05-24 19:22 usr/share/help/uk/gnome-photos/media/
-rw-r--r-- root/root      1679 2022-05-24 19:22 usr/share/help/uk/gnome-photos/view-album.page
-rw-r--r-- root/root      1897 2022-05-24 19:22 usr/share/help/uk/gnome-photos/view-favorites.page
-rw-r--r-- root/root      2587 2022-05-24 19:22 usr/share/help/uk/gnome-photos/view-photos.page
-rw-r--r-- root/root      1589 2022-05-24 19:22 usr/share/help/uk/gnome-photos/view.page
drwxr-xr-x root/root         0 2022-05-24 19:22 usr/share/icons/
drwxr-xr-x root/root         0 2022-05-24 19:22 usr/share/icons/hicolor/
drwxr-xr-x root/root         0 2022-05-24 19:22 usr/share/icons/hicolor/scalable/
drwxr-xr-x root/root         0 2022-05-24 19:22 usr/share/icons/hicolor/scalable/apps/
-rw-r--r-- root/root      6917 2022-03-19 19:39 usr/share/icons/hicolor/scalable/apps/org.gnome.Photos.svg
drwxr-xr-x root/root         0 2022-05-24 19:22 usr/share/icons/hicolor/symbolic/
drwxr-xr-x root/root         0 2022-05-24 19:22 usr/share/icons/hicolor/symbolic/apps/
-rw-r--r-- root/root      1246 2022-03-19 19:39 usr/share/icons/hicolor/symbolic/apps/org.gnome.Photos-symbolic.svg
drwxr-xr-x root/root         0 2022-05-24 19:22 usr/share/locale/
drwxr-xr-x root/root         0 2022-05-24 19:22 usr/share/locale/an/
drwxr-xr-x root/root         0 2022-05-24 19:22 usr/share/locale/an/LC_MESSAGES/
-rw-r--r-- root/root      8657 2022-05-24 19:22 usr/share/locale/an/LC_MESSAGES/gnome-photos.mo
drwxr-xr-x root/root         0 2022-05-24 19:22 usr/share/locale/ar/
drwxr-xr-x root/root         0 2022-05-24 19:22 usr/share/locale/ar/LC_MESSAGES/
-rw-r--r-- root/root     13430 2022-05-24 19:22 usr/share/locale/ar/LC_MESSAGES/gnome-photos.mo
drwxr-xr-x root/root         0 2022-05-24 19:22 usr/share/locale/as/
drwxr-xr-x root/root         0 2022-05-24 19:22 usr/share/locale/as/LC_MESSAGES/
-rw-r--r-- root/root     11975 2022-05-24 19:22 usr/share/locale/as/LC_MESSAGES/gnome-photos.mo
drwxr-xr-x root/root         0 2022-05-24 19:22 usr/share/locale/bg/
drwxr-xr-x root/root         0 2022-05-24 19:22 usr/share/locale/bg/LC_MESSAGES/
-rw-r--r-- root/root     17839 2022-05-24 19:22 usr/share/locale/bg/LC_MESSAGES/gnome-photos.mo
drwxr-xr-x root/root         0 2022-05-24 19:22 usr/share/locale/bs/
drwxr-xr-x root/root         0 2022-05-24 19:22 usr/share/locale/bs/LC_MESSAGES/
-rw-r--r-- root/root      8767 2022-05-24 19:22 usr/share/locale/bs/LC_MESSAGES/gnome-photos.mo
drwxr-xr-x root/root         0 2022-05-24 19:22 usr/share/locale/ca/
drwxr-xr-x root/root         0 2022-05-24 19:22 usr/share/locale/ca/LC_MESSAGES/
-rw-r--r-- root/root     14312 2022-05-24 19:22 usr/share/locale/ca/LC_MESSAGES/gnome-photos.mo
drwxr-xr-x root/root         0 2022-05-24 19:22 usr/share/locale/ca@valencia/
drwxr-xr-x root/root         0 2022-05-24 19:22 usr/share/locale/ca@valencia/LC_MESSAGES/
-rw-r--r-- root/root     12418 2022-05-24 19:22 usr/share/locale/ca@valencia/LC_MESSAGES/gnome-photos.mo
drwxr-xr-x root/root         0 2022-05-24 19:22 usr/share/locale/ckb/
drwxr-xr-x root/root         0 2022-05-24 19:22 usr/share/locale/ckb/LC_MESSAGES/
-rw-r--r-- root/root      5864 2022-05-24 19:22 usr/share/locale/ckb/LC_MESSAGES/gnome-photos.mo
drwxr-xr-x root/root         0 2022-05-24 19:22 usr/share/locale/cs/
drwxr-xr-x root/root         0 2022-05-24 19:22 usr/share/locale/cs/LC_MESSAGES/
-rw-r--r-- root/root     14299 2022-05-24 19:22 usr/share/locale/cs/LC_MESSAGES/gnome-photos.mo
drwxr-xr-x root/root         0 2022-05-24 19:22 usr/share/locale/da/
drwxr-xr-x root/root         0 2022-05-24 19:22 usr/share/locale/da/LC_MESSAGES/
-rw-r--r-- root/root     13711 2022-05-24 19:22 usr/share/locale/da/LC_MESSAGES/gnome-photos.mo
drwxr-xr-x root/root         0 2022-05-24 19:22 usr/share/locale/de/
drwxr-xr-x root/root         0 2022-05-24 19:22 usr/share/locale/de/LC_MESSAGES/
-rw-r--r-- root/root     14355 2022-05-24 19:22 usr/share/locale/de/LC_MESSAGES/gnome-photos.mo
drwxr-xr-x root/root         0 2022-05-24 19:22 usr/share/locale/el/
drwxr-xr-x root/root         0 2022-05-24 19:22 usr/share/locale/el/LC_MESSAGES/
-rw-r--r-- root/root     18393 2022-05-24 19:22 usr/share/locale/el/LC_MESSAGES/gnome-photos.mo
drwxr-xr-x root/root         0 2022-05-24 19:22 usr/share/locale/en_GB/
drwxr-xr-x root/root         0 2022-05-24 19:22 usr/share/locale/en_GB/LC_MESSAGES/
-rw-r--r-- root/root     13230 2022-05-24 19:22 usr/share/locale/en_GB/LC_MESSAGES/gnome-photos.mo
drwxr-xr-x root/root         0 2022-05-24 19:22 usr/share/locale/eo/
drwxr-xr-x root/root         0 2022-05-24 19:22 usr/share/locale/eo/LC_MESSAGES/
-rw-r--r-- root/root     13200 2022-05-24 19:22 usr/share/locale/eo/LC_MESSAGES/gnome-photos.mo
drwxr-xr-x root/root         0 2022-05-24 19:22 usr/share/locale/es/
drwxr-xr-x root/root         0 2022-05-24 19:22 usr/share/locale/es/LC_MESSAGES/
-rw-r--r-- root/root     14066 2022-05-24 19:22 usr/share/locale/es/LC_MESSAGES/gnome-photos.mo
drwxr-xr-x root/root         0 2022-05-24 19:22 usr/share/locale/et/
drwxr-xr-x root/root         0 2022-05-24 19:22 usr/share/locale/et/LC_MESSAGES/
-rw-r--r-- root/root      6805 2022-05-24 19:22 usr/share/locale/et/LC_MESSAGES/gnome-photos.mo
drwxr-xr-x root/root         0 2022-05-24 19:22 usr/share/locale/eu/
drwxr-xr-x root/root         0 2022-05-24 19:22 usr/share/locale/eu/LC_MESSAGES/
-rw-r--r-- root/root     13924 2022-05-24 19:22 usr/share/locale/eu/LC_MESSAGES/gnome-photos.mo
drwxr-xr-x root/root         0 2022-05-24 19:22 usr/share/locale/fa/
drwxr-xr-x root/root         0 2022-05-24 19:22 usr/share/locale/fa/LC_MESSAGES/
-rw-r--r-- root/root     16173 2022-05-24 19:22 usr/share/locale/fa/LC_MESSAGES/gnome-photos.mo
drwxr-xr-x root/root         0 2022-05-24 19:22 usr/share/locale/fi/
drwxr-xr-x root/root         0 2022-05-24 19:22 usr/share/locale/fi/LC_MESSAGES/
-rw-r--r-- root/root     13606 2022-05-24 19:22 usr/share/locale/fi/LC_MESSAGES/gnome-photos.mo
drwxr-xr-x root/root         0 2022-05-24 19:22 usr/share/locale/fr/
drwxr-xr-x root/root         0 2022-05-24 19:22 usr/share/locale/fr/LC_MESSAGES/
-rw-r--r-- root/root     14656 2022-05-24 19:22 usr/share/locale/fr/LC_MESSAGES/gnome-photos.mo
drwxr-xr-x root/root         0 2022-05-24 19:22 usr/share/locale/fur/
drwxr-xr-x root/root         0 2022-05-24 19:22 usr/share/locale/fur/LC_MESSAGES/
-rw-r--r-- root/root     13822 2022-05-24 19:22 usr/share/locale/fur/LC_MESSAGES/gnome-photos.mo
drwxr-xr-x root/root         0 2022-05-24 19:22 usr/share/locale/ga/
drwxr-xr-x root/root         0 2022-05-24 19:22 usr/share/locale/ga/LC_MESSAGES/
-rw-r--r-- root/root      5747 2022-05-24 19:22 usr/share/locale/ga/LC_MESSAGES/gnome-photos.mo
drwxr-xr-x root/root         0 2022-05-24 19:22 usr/share/locale/gd/
drwxr-xr-x root/root         0 2022-05-24 19:22 usr/share/locale/gd/LC_MESSAGES/
-rw-r--r-- root/root     12878 2022-05-24 19:22 usr/share/locale/gd/LC_MESSAGES/gnome-photos.mo
drwxr-xr-x root/root         0 2022-05-24 19:22 usr/share/locale/gl/
drwxr-xr-x root/root         0 2022-05-24 19:22 usr/share/locale/gl/LC_MESSAGES/
-rw-r--r-- root/root     14194 2022-05-24 19:22 usr/share/locale/gl/LC_MESSAGES/gnome-photos.mo
drwxr-xr-x root/root         0 2022-05-24 19:22 usr/share/locale/gu/
drwxr-xr-x root/root         0 2022-05-24 19:22 usr/share/locale/gu/LC_MESSAGES/
-rw-r--r-- root/root      5556 2022-05-24 19:22 usr/share/locale/gu/LC_MESSAGES/gnome-photos.mo
drwxr-xr-x root/root         0 2022-05-24 19:22 usr/share/locale/he/
drwxr-xr-x root/root         0 2022-05-24 19:22 usr/share/locale/he/LC_MESSAGES/
-rw-r--r-- root/root     15577 2022-05-24 19:22 usr/share/locale/he/LC_MESSAGES/gnome-photos.mo
drwxr-xr-x root/root         0 2022-05-24 19:22 usr/share/locale/hr/
drwxr-xr-x root/root         0 2022-05-24 19:22 usr/share/locale/hr/LC_MESSAGES/
-rw-r--r-- root/root     13996 2022-05-24 19:22 usr/share/locale/hr/LC_MESSAGES/gnome-photos.mo
drwxr-xr-x root/root         0 2022-05-24 19:22 usr/share/locale/hu/
drwxr-xr-x root/root         0 2022-05-24 19:22 usr/share/locale/hu/LC_MESSAGES/
-rw-r--r-- root/root     14434 2022-05-24 19:22 usr/share/locale/hu/LC_MESSAGES/gnome-photos.mo
drwxr-xr-x root/root         0 2022-05-24 19:22 usr/share/locale/id/
drwxr-xr-x root/root         0 2022-05-24 19:22 usr/share/locale/id/LC_MESSAGES/
-rw-r--r-- root/root     13352 2022-05-24 19:22 usr/share/locale/id/LC_MESSAGES/gnome-photos.mo
drwxr-xr-x root/root         0 2022-05-24 19:22 usr/share/locale/is/
drwxr-xr-x root/root         0 2022-05-24 19:22 usr/share/locale/is/LC_MESSAGES/
-rw-r--r-- root/root     13880 2022-05-24 19:22 usr/share/locale/is/LC_MESSAGES/gnome-photos.mo
drwxr-xr-x root/root         0 2022-05-24 19:22 usr/share/locale/it/
drwxr-xr-x root/root         0 2022-05-24 19:22 usr/share/locale/it/LC_MESSAGES/
-rw-r--r-- root/root     14004 2022-05-24 19:22 usr/share/locale/it/LC_MESSAGES/gnome-photos.mo
drwxr-xr-x root/root         0 2022-05-24 19:22 usr/share/locale/ja/
drwxr-xr-x root/root         0 2022-05-24 19:22 usr/share/locale/ja/LC_MESSAGES/
-rw-r--r-- root/root     14971 2022-05-24 19:22 usr/share/locale/ja/LC_MESSAGES/gnome-photos.mo
drwxr-xr-x root/root         0 2022-05-24 19:22 usr/share/locale/kk/
drwxr-xr-x root/root         0 2022-05-24 19:22 usr/share/locale/kk/LC_MESSAGES/
-rw-r--r-- root/root     16948 2022-05-24 19:22 usr/share/locale/kk/LC_MESSAGES/gnome-photos.mo
drwxr-xr-x root/root         0 2022-05-24 19:22 usr/share/locale/km/
drwxr-xr-x root/root         0 2022-05-24 19:22 usr/share/locale/km/LC_MESSAGES/
-rw-r--r-- root/root       477 2022-05-24 19:22 usr/share/locale/km/LC_MESSAGES/gnome-photos.mo
drwxr-xr-x root/root         0 2022-05-24 19:22 usr/share/locale/kn/
drwxr-xr-x root/root         0 2022-05-24 19:22 usr/share/locale/kn/LC_MESSAGES/
-rw-r--r-- root/root      6715 2022-05-24 19:22 usr/share/locale/kn/LC_MESSAGES/gnome-photos.mo
drwxr-xr-x root/root         0 2022-05-24 19:22 usr/share/locale/ko/
drwxr-xr-x root/root         0 2022-05-24 19:22 usr/share/locale/ko/LC_MESSAGES/
-rw-r--r-- root/root     14259 2022-05-24 19:22 usr/share/locale/ko/LC_MESSAGES/gnome-photos.mo
drwxr-xr-x root/root         0 2022-05-24 19:22 usr/share/locale/lt/
drwxr-xr-x root/root         0 2022-05-24 19:22 usr/share/locale/lt/LC_MESSAGES/
-rw-r--r-- root/root     14396 2022-05-24 19:22 usr/share/locale/lt/LC_MESSAGES/gnome-photos.mo
drwxr-xr-x root/root         0 2022-05-24 19:22 usr/share/locale/lv/
drwxr-xr-x root/root         0 2022-05-24 19:22 usr/share/locale/lv/LC_MESSAGES/
-rw-r--r-- root/root     14375 2022-05-24 19:22 usr/share/locale/lv/LC_MESSAGES/gnome-photos.mo
drwxr-xr-x root/root         0 2022-05-24 19:22 usr/share/locale/mjw/
drwxr-xr-x root/root         0 2022-05-24 19:22 usr/share/locale/mjw/LC_MESSAGES/
-rw-r--r-- root/root      4431 2022-05-24 19:22 usr/share/locale/mjw/LC_MESSAGES/gnome-photos.mo
drwxr-xr-x root/root         0 2022-05-24 19:22 usr/share/locale/ml/
drwxr-xr-x root/root         0 2022-05-24 19:22 usr/share/locale/ml/LC_MESSAGES/
-rw-r--r-- root/root     22735 2022-05-24 19:22 usr/share/locale/ml/LC_MESSAGES/gnome-photos.mo
drwxr-xr-x root/root         0 2022-05-24 19:22 usr/share/locale/ms/
drwxr-xr-x root/root         0 2022-05-24 19:22 usr/share/locale/ms/LC_MESSAGES/
-rw-r--r-- root/root     13506 2022-05-24 19:22 usr/share/locale/ms/LC_MESSAGES/gnome-photos.mo
drwxr-xr-x root/root         0 2022-05-24 19:22 usr/share/locale/nb/
drwxr-xr-x root/root         0 2022-05-24 19:22 usr/share/locale/nb/LC_MESSAGES/
-rw-r--r-- root/root     13495 2022-05-24 19:22 usr/share/locale/nb/LC_MESSAGES/gnome-photos.mo
drwxr-xr-x root/root         0 2022-05-24 19:22 usr/share/locale/ne/
drwxr-xr-x root/root         0 2022-05-24 19:22 usr/share/locale/ne/LC_MESSAGES/
-rw-r--r-- root/root     21003 2022-05-24 19:22 usr/share/locale/ne/LC_MESSAGES/gnome-photos.mo
drwxr-xr-x root/root         0 2022-05-24 19:22 usr/share/locale/nl/
drwxr-xr-x root/root         0 2022-05-24 19:22 usr/share/locale/nl/LC_MESSAGES/
-rw-r--r-- root/root     14102 2022-05-24 19:22 usr/share/locale/nl/LC_MESSAGES/gnome-photos.mo
drwxr-xr-x root/root         0 2022-05-24 19:22 usr/share/locale/oc/
drwxr-xr-x root/root         0 2022-05-24 19:22 usr/share/locale/oc/LC_MESSAGES/
-rw-r--r-- root/root     14261 2022-05-24 19:22 usr/share/locale/oc/LC_MESSAGES/gnome-photos.mo
drwxr-xr-x root/root         0 2022-05-24 19:22 usr/share/locale/pa/
drwxr-xr-x root/root         0 2022-05-24 19:22 usr/share/locale/pa/LC_MESSAGES/
-rw-r--r-- root/root     18773 2022-05-24 19:22 usr/share/locale/pa/LC_MESSAGES/gnome-photos.mo
drwxr-xr-x root/root         0 2022-05-24 19:22 usr/share/locale/pl/
drwxr-xr-x root/root         0 2022-05-24 19:22 usr/share/locale/pl/LC_MESSAGES/
-rw-r--r-- root/root     14432 2022-05-24 19:22 usr/share/locale/pl/LC_MESSAGES/gnome-photos.mo
drwxr-xr-x root/root         0 2022-05-24 19:22 usr/share/locale/pt/
drwxr-xr-x root/root         0 2022-05-24 19:22 usr/share/locale/pt/LC_MESSAGES/
-rw-r--r-- root/root     14082 2022-05-24 19:22 usr/share/locale/pt/LC_MESSAGES/gnome-photos.mo
drwxr-xr-x root/root         0 2022-05-24 19:22 usr/share/locale/pt_BR/
drwxr-xr-x root/root         0 2022-05-24 19:22 usr/share/locale/pt_BR/LC_MESSAGES/
-rw-r--r-- root/root     14002 2022-05-24 19:22 usr/share/locale/pt_BR/LC_MESSAGES/gnome-photos.mo
drwxr-xr-x root/root         0 2022-05-24 19:22 usr/share/locale/ro/
drwxr-xr-x root/root         0 2022-05-24 19:22 usr/share/locale/ro/LC_MESSAGES/
-rw-r--r-- root/root     14441 2022-05-24 19:22 usr/share/locale/ro/LC_MESSAGES/gnome-photos.mo
drwxr-xr-x root/root         0 2022-05-24 19:22 usr/share/locale/ru/
drwxr-xr-x root/root         0 2022-05-24 19:22 usr/share/locale/ru/LC_MESSAGES/
-rw-r--r-- root/root     18089 2022-05-24 19:22 usr/share/locale/ru/LC_MESSAGES/gnome-photos.mo
drwxr-xr-x root/root         0 2022-05-24 19:22 usr/share/locale/sk/
drwxr-xr-x root/root         0 2022-05-24 19:22 usr/share/locale/sk/LC_MESSAGES/
-rw-r--r-- root/root     14576 2022-05-24 19:22 usr/share/locale/sk/LC_MESSAGES/gnome-photos.mo
drwxr-xr-x root/root         0 2022-05-24 19:22 usr/share/locale/sl/
drwxr-xr-x root/root         0 2022-05-24 19:22 usr/share/locale/sl/LC_MESSAGES/
-rw-r--r-- root/root     14216 2022-05-24 19:22 usr/share/locale/sl/LC_MESSAGES/gnome-photos.mo
drwxr-xr-x root/root         0 2022-05-24 19:22 usr/share/locale/sr/
drwxr-xr-x root/root         0 2022-05-24 19:22 usr/share/locale/sr/LC_MESSAGES/
-rw-r--r-- root/root     17723 2022-05-24 19:22 usr/share/locale/sr/LC_MESSAGES/gnome-photos.mo
drwxr-xr-x root/root         0 2022-05-24 19:22 usr/share/locale/sr@latin/
drwxr-xr-x root/root         0 2022-05-24 19:22 usr/share/locale/sr@latin/LC_MESSAGES/
-rw-r--r-- root/root     13726 2022-05-24 19:22 usr/share/locale/sr@latin/LC_MESSAGES/gnome-photos.mo
drwxr-xr-x root/root         0 2022-05-24 19:22 usr/share/locale/sv/
drwxr-xr-x root/root         0 2022-05-24 19:22 usr/share/locale/sv/LC_MESSAGES/
-rw-r--r-- root/root     13825 2022-05-24 19:22 usr/share/locale/sv/LC_MESSAGES/gnome-photos.mo
drwxr-xr-x root/root         0 2022-05-24 19:22 usr/share/locale/te/
drwxr-xr-x root/root         0 2022-05-24 19:22 usr/share/locale/te/LC_MESSAGES/
-rw-r--r-- root/root     12459 2022-05-24 19:22 usr/share/locale/te/LC_MESSAGES/gnome-photos.mo
drwxr-xr-x root/root         0 2022-05-24 19:22 usr/share/locale/tg/
drwxr-xr-x root/root         0 2022-05-24 19:22 usr/share/locale/tg/LC_MESSAGES/
-rw-r--r-- root/root     10920 2022-05-24 19:22 usr/share/locale/tg/LC_MESSAGES/gnome-photos.mo
drwxr-xr-x root/root         0 2022-05-24 19:22 usr/share/locale/tr/
drwxr-xr-x root/root         0 2022-05-24 19:22 usr/share/locale/tr/LC_MESSAGES/
-rw-r--r-- root/root     14102 2022-05-24 19:22 usr/share/locale/tr/LC_MESSAGES/gnome-photos.mo
drwxr-xr-x root/root         0 2022-05-24 19:22 usr/share/locale/uk/
drwxr-xr-x root/root         0 2022-05-24 19:22 usr/share/locale/uk/LC_MESSAGES/
-rw-r--r-- root/root     17661 2022-05-24 19:22 usr/share/locale/uk/LC_MESSAGES/gnome-photos.mo
drwxr-xr-x root/root         0 2022-05-24 19:22 usr/share/locale/vi/
drwxr-xr-x root/root         0 2022-05-24 19:22 usr/share/locale/vi/LC_MESSAGES/
-rw-r--r-- root/root     14537 2022-05-24 19:22 usr/share/locale/vi/LC_MESSAGES/gnome-photos.mo
drwxr-xr-x root/root         0 2022-05-24 19:22 usr/share/locale/zh_CN/
drwxr-xr-x root/root         0 2022-05-24 19:22 usr/share/locale/zh_CN/LC_MESSAGES/
-rw-r--r-- root/root     13269 2022-05-24 19:22 usr/share/locale/zh_CN/LC_MESSAGES/gnome-photos.mo
drwxr-xr-x root/root         0 2022-05-24 19:22 usr/share/locale/zh_HK/
drwxr-xr-x root/root         0 2022-05-24 19:22 usr/share/locale/zh_HK/LC_MESSAGES/
-rw-r--r-- root/root      7828 2022-05-24 19:22 usr/share/locale/zh_HK/LC_MESSAGES/gnome-photos.mo
drwxr-xr-x root/root         0 2022-05-24 19:22 usr/share/locale/zh_TW/
drwxr-xr-x root/root         0 2022-05-24 19:22 usr/share/locale/zh_TW/LC_MESSAGES/
-rw-r--r-- root/root     13195 2022-05-24 19:22 usr/share/locale/zh_TW/LC_MESSAGES/gnome-photos.mo
drwxr-xr-x root/root         0 2022-05-24 19:22 usr/share/metainfo/
-rw-r--r-- root/root     76272 2022-05-24 19:21 usr/share/metainfo/org.gnome.Photos.appdata.xml
drwxr-xr-x root/root         0 2022-05-24 19:22 usr/share/tracker3-miners/
drwxr-xr-x root/root         0 2022-05-24 19:22 usr/share/tracker3-miners/domain-ontologies/
-rw-r--r-- root/root      1239 2022-05-24 19:21 usr/share/tracker3-miners/domain-ontologies/org.gnome.Photos.rule


