++========================================
||
||   Package:  ./gnome-mines-40.1-x86_64-1_rtz.txz
||
++========================================
drwxr-xr-x root/root         0 2022-07-07 18:24 ./
drwxr-xr-x root/root         0 2022-07-07 18:24 install/
-rw-r--r-- root/root     13067 2022-07-07 18:24 install/doinst.sh
-rw-r--r-- root/root       669 2022-07-07 18:24 install/slack-desc
drwxr-xr-x root/root         0 2022-07-07 18:24 usr/
drwxr-xr-x root/root         0 2022-07-07 18:24 usr/bin/
-rwxr-xr-x root/root    122984 2022-07-07 18:24 usr/bin/gnome-mines
drwxr-xr-x root/root         0 2022-07-07 18:24 usr/doc/
drwxr-xr-x root/root         0 2022-07-07 18:24 usr/doc/gnome-mines-40.1/
-rw-r--r-- root/root     35147 2022-02-18 08:28 usr/doc/gnome-mines-40.1/COPYING
-rw-r--r-- root/root     13181 2022-02-18 08:28 usr/doc/gnome-mines-40.1/NEWS
-rw-r--r-- root/root       640 2022-02-18 08:28 usr/doc/gnome-mines-40.1/README.md
-rw-r--r-- root/root      3223 2022-07-07 18:24 usr/doc/gnome-mines-40.1/gnome-mines.SlackBuild
drwxr-xr-x root/root         0 2022-07-07 18:24 usr/man/
drwxr-xr-x root/root         0 2022-07-07 18:24 usr/man/man6/
-rw-r--r-- root/root       979 2022-02-18 08:28 usr/man/man6/gnome-mines.6.gz
drwxr-xr-x root/root         0 2022-07-07 18:24 usr/share/
drwxr-xr-x root/root         0 2022-07-07 18:24 usr/share/applications/
-rw-r--r-- root/root     14708 2022-07-07 18:24 usr/share/applications/org.gnome.Mines.desktop
drwxr-xr-x root/root         0 2022-07-07 18:24 usr/share/glib-2.0/
drwxr-xr-x root/root         0 2022-07-07 18:24 usr/share/glib-2.0/schemas/
-rw-r--r-- root/root      2103 2022-02-18 08:28 usr/share/glib-2.0/schemas/org.gnome.Mines.gschema.xml
drwxr-xr-x root/root         0 2022-07-07 18:24 usr/share/gnome-mines/
drwxr-xr-x root/root         0 2022-07-07 18:24 usr/share/gnome-mines/themes/
drwxr-xr-x root/root         0 2022-07-07 18:24 usr/share/gnome-mines/themes/bgcolors/
-rw-r--r-- root/root      2857 2022-02-18 08:28 usr/share/gnome-mines/themes/bgcolors/1mines.svg
-rw-r--r-- root/root      2853 2022-02-18 08:28 usr/share/gnome-mines/themes/bgcolors/2mines.svg
-rw-r--r-- root/root      2853 2022-02-18 08:28 usr/share/gnome-mines/themes/bgcolors/3mines.svg
-rw-r--r-- root/root      2854 2022-02-18 08:28 usr/share/gnome-mines/themes/bgcolors/4mines.svg
-rw-r--r-- root/root      2854 2022-02-18 08:28 usr/share/gnome-mines/themes/bgcolors/5mines.svg
-rw-r--r-- root/root      2854 2022-02-18 08:28 usr/share/gnome-mines/themes/bgcolors/6mines.svg
-rw-r--r-- root/root      2854 2022-02-18 08:28 usr/share/gnome-mines/themes/bgcolors/7mines.svg
-rw-r--r-- root/root      2854 2022-02-18 08:28 usr/share/gnome-mines/themes/bgcolors/8mines.svg
-rw-r--r-- root/root      3223 2022-02-18 08:28 usr/share/gnome-mines/themes/bgcolors/exploded.svg
-rw-r--r-- root/root      2490 2022-02-18 08:28 usr/share/gnome-mines/themes/bgcolors/flag.svg
-rw-r--r-- root/root      2490 2022-02-18 08:28 usr/share/gnome-mines/themes/bgcolors/incorrect.svg
-rw-r--r-- root/root      3655 2022-02-18 08:28 usr/share/gnome-mines/themes/bgcolors/maybe.svg
-rw-r--r-- root/root      3223 2022-02-18 08:28 usr/share/gnome-mines/themes/bgcolors/mine.svg
-rw-r--r-- root/root      1057 2022-02-18 08:28 usr/share/gnome-mines/themes/bgcolors/theme.css
drwxr-xr-x root/root         0 2022-07-07 18:24 usr/share/gnome-mines/themes/classic/
-rw-r--r-- root/root      2862 2022-02-18 08:28 usr/share/gnome-mines/themes/classic/1mines.svg
-rw-r--r-- root/root      2860 2022-02-18 08:28 usr/share/gnome-mines/themes/classic/2mines.svg
-rw-r--r-- root/root      2861 2022-02-18 08:28 usr/share/gnome-mines/themes/classic/3mines.svg
-rw-r--r-- root/root      2861 2022-02-18 08:28 usr/share/gnome-mines/themes/classic/4mines.svg
-rw-r--r-- root/root      2861 2022-02-18 08:28 usr/share/gnome-mines/themes/classic/5mines.svg
-rw-r--r-- root/root      2862 2022-02-18 08:28 usr/share/gnome-mines/themes/classic/6mines.svg
-rw-r--r-- root/root      2862 2022-02-18 08:28 usr/share/gnome-mines/themes/classic/7mines.svg
-rw-r--r-- root/root      2862 2022-02-18 08:28 usr/share/gnome-mines/themes/classic/8mines.svg
-rw-r--r-- root/root      4866 2022-02-18 08:28 usr/share/gnome-mines/themes/classic/exploded.svg
-rw-r--r-- root/root      2473 2022-02-18 08:28 usr/share/gnome-mines/themes/classic/flag.svg
-rw-r--r-- root/root      4439 2022-02-18 08:28 usr/share/gnome-mines/themes/classic/incorrect.svg
-rw-r--r-- root/root      3598 2022-02-18 08:28 usr/share/gnome-mines/themes/classic/maybe.svg
-rw-r--r-- root/root      1329 2022-02-18 08:28 usr/share/gnome-mines/themes/classic/mine.svg
-rw-r--r-- root/root       245 2022-02-18 08:28 usr/share/gnome-mines/themes/classic/theme.css
drwxr-xr-x root/root         0 2022-07-07 18:24 usr/share/gnome-mines/themes/default/
-rw-r--r-- root/root      2857 2022-02-18 08:28 usr/share/gnome-mines/themes/default/1mines.svg
-rw-r--r-- root/root      2853 2022-02-18 08:28 usr/share/gnome-mines/themes/default/2mines.svg
-rw-r--r-- root/root      2853 2022-02-18 08:28 usr/share/gnome-mines/themes/default/3mines.svg
-rw-r--r-- root/root      2854 2022-02-18 08:28 usr/share/gnome-mines/themes/default/4mines.svg
-rw-r--r-- root/root      2854 2022-02-18 08:28 usr/share/gnome-mines/themes/default/5mines.svg
-rw-r--r-- root/root      2854 2022-02-18 08:28 usr/share/gnome-mines/themes/default/6mines.svg
-rw-r--r-- root/root      2854 2022-02-18 08:28 usr/share/gnome-mines/themes/default/7mines.svg
-rw-r--r-- root/root      2854 2022-02-18 08:28 usr/share/gnome-mines/themes/default/8mines.svg
-rw-r--r-- root/root      3223 2022-02-18 08:28 usr/share/gnome-mines/themes/default/exploded.svg
-rw-r--r-- root/root      2490 2022-02-18 08:28 usr/share/gnome-mines/themes/default/flag.svg
-rw-r--r-- root/root      2490 2022-02-18 08:28 usr/share/gnome-mines/themes/default/incorrect.svg
-rw-r--r-- root/root      3655 2022-02-18 08:28 usr/share/gnome-mines/themes/default/maybe.svg
-rw-r--r-- root/root      3223 2022-02-18 08:28 usr/share/gnome-mines/themes/default/mine.svg
-rw-r--r-- root/root       186 2022-02-18 08:28 usr/share/gnome-mines/themes/default/theme.css
drwxr-xr-x root/root         0 2022-07-07 18:24 usr/share/help/
drwxr-xr-x root/root         0 2022-07-07 18:24 usr/share/help/C/
drwxr-xr-x root/root         0 2022-07-07 18:24 usr/share/help/C/gnome-mines/
-rw-r--r-- root/root      1225 2022-02-18 08:28 usr/share/help/C/gnome-mines/board-size.page
-rw-r--r-- root/root      2054 2022-02-18 08:28 usr/share/help/C/gnome-mines/bug-filing.page
-rw-r--r-- root/root      1033 2022-02-18 08:28 usr/share/help/C/gnome-mines/develop.page
-rw-r--r-- root/root      1525 2022-02-18 08:28 usr/share/help/C/gnome-mines/documentation.page
drwxr-xr-x root/root         0 2022-07-07 18:24 usr/share/help/C/gnome-mines/figures/
-rw-r--r-- root/root      3655 2022-02-18 08:28 usr/share/help/C/gnome-mines/figures/flag-question.svg
-rw-r--r-- root/root      2490 2022-02-18 08:28 usr/share/help/C/gnome-mines/figures/flag.svg
-rw-r--r-- root/root      3505 2022-02-18 08:28 usr/share/help/C/gnome-mines/figures/flags.png
-rw-r--r-- root/root      3502 2022-02-18 08:28 usr/share/help/C/gnome-mines/figures/org.gnome.Mines.svg
-rw-r--r-- root/root      2881 2022-02-18 08:28 usr/share/help/C/gnome-mines/flags.page
-rw-r--r-- root/root      1251 2022-02-18 08:28 usr/share/help/C/gnome-mines/high-scores.page
-rw-r--r-- root/root      1461 2022-02-18 08:28 usr/share/help/C/gnome-mines/index.page
-rw-r--r-- root/root      1859 2022-02-18 08:28 usr/share/help/C/gnome-mines/license.page
-rw-r--r-- root/root      1663 2022-02-18 08:28 usr/share/help/C/gnome-mines/new-game.page
-rw-r--r-- root/root      1735 2022-02-18 08:28 usr/share/help/C/gnome-mines/rules.page
-rw-r--r-- root/root      1641 2022-02-18 08:28 usr/share/help/C/gnome-mines/translate.page
drwxr-xr-x root/root         0 2022-07-07 18:24 usr/share/help/ca/
drwxr-xr-x root/root         0 2022-07-07 18:24 usr/share/help/ca/gnome-mines/
-rw-r--r-- root/root      1827 2022-07-07 18:24 usr/share/help/ca/gnome-mines/board-size.page
-rw-r--r-- root/root      2648 2022-07-07 18:24 usr/share/help/ca/gnome-mines/bug-filing.page
-rw-r--r-- root/root      1615 2022-07-07 18:24 usr/share/help/ca/gnome-mines/develop.page
-rw-r--r-- root/root      2108 2022-07-07 18:24 usr/share/help/ca/gnome-mines/documentation.page
drwxr-xr-x root/root         0 2022-07-07 18:24 usr/share/help/ca/gnome-mines/figures/
-rw-r--r-- root/root      3583 2022-07-07 18:24 usr/share/help/ca/gnome-mines/flags.page
-rw-r--r-- root/root      1865 2022-07-07 18:24 usr/share/help/ca/gnome-mines/high-scores.page
-rw-r--r-- root/root      2014 2022-07-07 18:24 usr/share/help/ca/gnome-mines/index.page
-rw-r--r-- root/root      2043 2022-07-07 18:24 usr/share/help/ca/gnome-mines/license.page
-rw-r--r-- root/root      2231 2022-07-07 18:24 usr/share/help/ca/gnome-mines/new-game.page
-rw-r--r-- root/root      2316 2022-07-07 18:24 usr/share/help/ca/gnome-mines/rules.page
-rw-r--r-- root/root      2226 2022-07-07 18:24 usr/share/help/ca/gnome-mines/translate.page
drwxr-xr-x root/root         0 2022-07-07 18:24 usr/share/help/cs/
drwxr-xr-x root/root         0 2022-07-07 18:24 usr/share/help/cs/gnome-mines/
-rw-r--r-- root/root      1553 2022-07-07 18:24 usr/share/help/cs/gnome-mines/board-size.page
-rw-r--r-- root/root      2469 2022-07-07 18:24 usr/share/help/cs/gnome-mines/bug-filing.page
-rw-r--r-- root/root      1368 2022-07-07 18:24 usr/share/help/cs/gnome-mines/develop.page
-rw-r--r-- root/root      1897 2022-07-07 18:24 usr/share/help/cs/gnome-mines/documentation.page
drwxr-xr-x root/root         0 2022-07-07 18:24 usr/share/help/cs/gnome-mines/figures/
-rw-r--r-- root/root      3347 2022-07-07 18:24 usr/share/help/cs/gnome-mines/flags.page
-rw-r--r-- root/root      1650 2022-07-07 18:24 usr/share/help/cs/gnome-mines/high-scores.page
-rw-r--r-- root/root      1788 2022-07-07 18:24 usr/share/help/cs/gnome-mines/index.page
-rw-r--r-- root/root      1796 2022-07-07 18:24 usr/share/help/cs/gnome-mines/license.page
-rw-r--r-- root/root      2030 2022-07-07 18:24 usr/share/help/cs/gnome-mines/new-game.page
-rw-r--r-- root/root      2075 2022-07-07 18:24 usr/share/help/cs/gnome-mines/rules.page
-rw-r--r-- root/root      1964 2022-07-07 18:24 usr/share/help/cs/gnome-mines/translate.page
drwxr-xr-x root/root         0 2022-07-07 18:24 usr/share/help/da/
drwxr-xr-x root/root         0 2022-07-07 18:24 usr/share/help/da/gnome-mines/
-rw-r--r-- root/root      1511 2022-07-07 18:24 usr/share/help/da/gnome-mines/board-size.page
-rw-r--r-- root/root      2325 2022-07-07 18:24 usr/share/help/da/gnome-mines/bug-filing.page
-rw-r--r-- root/root      1299 2022-07-07 18:24 usr/share/help/da/gnome-mines/develop.page
-rw-r--r-- root/root      1806 2022-07-07 18:24 usr/share/help/da/gnome-mines/documentation.page
drwxr-xr-x root/root         0 2022-07-07 18:24 usr/share/help/da/gnome-mines/figures/
-rw-r--r-- root/root      3166 2022-07-07 18:24 usr/share/help/da/gnome-mines/flags.page
-rw-r--r-- root/root      1501 2022-07-07 18:24 usr/share/help/da/gnome-mines/high-scores.page
-rw-r--r-- root/root      1699 2022-07-07 18:24 usr/share/help/da/gnome-mines/index.page
-rw-r--r-- root/root      1746 2022-07-07 18:24 usr/share/help/da/gnome-mines/license.page
-rw-r--r-- root/root      1953 2022-07-07 18:24 usr/share/help/da/gnome-mines/new-game.page
-rw-r--r-- root/root      1981 2022-07-07 18:24 usr/share/help/da/gnome-mines/rules.page
-rw-r--r-- root/root      1904 2022-07-07 18:24 usr/share/help/da/gnome-mines/translate.page
drwxr-xr-x root/root         0 2022-07-07 18:24 usr/share/help/de/
drwxr-xr-x root/root         0 2022-07-07 18:24 usr/share/help/de/gnome-mines/
-rw-r--r-- root/root      2362 2022-07-07 18:24 usr/share/help/de/gnome-mines/board-size.page
-rw-r--r-- root/root      3426 2022-07-07 18:24 usr/share/help/de/gnome-mines/bug-filing.page
-rw-r--r-- root/root      2147 2022-07-07 18:24 usr/share/help/de/gnome-mines/develop.page
-rw-r--r-- root/root      2682 2022-07-07 18:24 usr/share/help/de/gnome-mines/documentation.page
drwxr-xr-x root/root         0 2022-07-07 18:24 usr/share/help/de/gnome-mines/figures/
-rw-r--r-- root/root      4193 2022-07-07 18:24 usr/share/help/de/gnome-mines/flags.page
-rw-r--r-- root/root      2399 2022-07-07 18:24 usr/share/help/de/gnome-mines/high-scores.page
-rw-r--r-- root/root      2503 2022-07-07 18:24 usr/share/help/de/gnome-mines/index.page
-rw-r--r-- root/root      2867 2022-07-07 18:24 usr/share/help/de/gnome-mines/license.page
-rw-r--r-- root/root      2791 2022-07-07 18:24 usr/share/help/de/gnome-mines/new-game.page
-rw-r--r-- root/root      2933 2022-07-07 18:24 usr/share/help/de/gnome-mines/rules.page
-rw-r--r-- root/root      2824 2022-07-07 18:24 usr/share/help/de/gnome-mines/translate.page
drwxr-xr-x root/root         0 2022-07-07 18:24 usr/share/help/el/
drwxr-xr-x root/root         0 2022-07-07 18:24 usr/share/help/el/gnome-mines/
-rw-r--r-- root/root      2727 2022-07-07 18:24 usr/share/help/el/gnome-mines/board-size.page
-rw-r--r-- root/root      3823 2022-07-07 18:24 usr/share/help/el/gnome-mines/bug-filing.page
-rw-r--r-- root/root      2513 2022-07-07 18:24 usr/share/help/el/gnome-mines/develop.page
-rw-r--r-- root/root      3018 2022-07-07 18:24 usr/share/help/el/gnome-mines/documentation.page
drwxr-xr-x root/root         0 2022-07-07 18:24 usr/share/help/el/gnome-mines/figures/
-rw-r--r-- root/root      4712 2022-07-07 18:24 usr/share/help/el/gnome-mines/flags.page
-rw-r--r-- root/root      2724 2022-07-07 18:24 usr/share/help/el/gnome-mines/high-scores.page
-rw-r--r-- root/root      3089 2022-07-07 18:24 usr/share/help/el/gnome-mines/index.page
-rw-r--r-- root/root      3396 2022-07-07 18:24 usr/share/help/el/gnome-mines/license.page
-rw-r--r-- root/root      3062 2022-07-07 18:24 usr/share/help/el/gnome-mines/new-game.page
-rw-r--r-- root/root      3948 2022-07-07 18:24 usr/share/help/el/gnome-mines/rules.page
-rw-r--r-- root/root      3268 2022-07-07 18:24 usr/share/help/el/gnome-mines/translate.page
drwxr-xr-x root/root         0 2022-07-07 18:24 usr/share/help/es/
drwxr-xr-x root/root         0 2022-07-07 18:24 usr/share/help/es/gnome-mines/
-rw-r--r-- root/root      1842 2022-07-07 18:24 usr/share/help/es/gnome-mines/board-size.page
-rw-r--r-- root/root      2668 2022-07-07 18:24 usr/share/help/es/gnome-mines/bug-filing.page
-rw-r--r-- root/root      1634 2022-07-07 18:24 usr/share/help/es/gnome-mines/develop.page
-rw-r--r-- root/root      2116 2022-07-07 18:24 usr/share/help/es/gnome-mines/documentation.page
drwxr-xr-x root/root         0 2022-07-07 18:24 usr/share/help/es/gnome-mines/figures/
-rw-r--r-- root/root      3582 2022-07-07 18:24 usr/share/help/es/gnome-mines/flags.page
-rw-r--r-- root/root      1873 2022-07-07 18:24 usr/share/help/es/gnome-mines/high-scores.page
-rw-r--r-- root/root      1946 2022-07-07 18:24 usr/share/help/es/gnome-mines/index.page
-rw-r--r-- root/root      2088 2022-07-07 18:24 usr/share/help/es/gnome-mines/license.page
-rw-r--r-- root/root      2257 2022-07-07 18:24 usr/share/help/es/gnome-mines/new-game.page
-rw-r--r-- root/root      2338 2022-07-07 18:24 usr/share/help/es/gnome-mines/rules.page
-rw-r--r-- root/root      2270 2022-07-07 18:24 usr/share/help/es/gnome-mines/translate.page
drwxr-xr-x root/root         0 2022-07-07 18:24 usr/share/help/eu/
drwxr-xr-x root/root         0 2022-07-07 18:24 usr/share/help/eu/gnome-mines/
-rw-r--r-- root/root      1268 2022-07-07 18:24 usr/share/help/eu/gnome-mines/board-size.page
-rw-r--r-- root/root      2237 2022-07-07 18:24 usr/share/help/eu/gnome-mines/bug-filing.page
-rw-r--r-- root/root      1076 2022-07-07 18:24 usr/share/help/eu/gnome-mines/develop.page
-rw-r--r-- root/root      1545 2022-07-07 18:24 usr/share/help/eu/gnome-mines/documentation.page
drwxr-xr-x root/root         0 2022-07-07 18:24 usr/share/help/eu/gnome-mines/figures/
-rw-r--r-- root/root      2939 2022-07-07 18:24 usr/share/help/eu/gnome-mines/flags.page
-rw-r--r-- root/root      1386 2022-07-07 18:24 usr/share/help/eu/gnome-mines/high-scores.page
-rw-r--r-- root/root      1467 2022-07-07 18:24 usr/share/help/eu/gnome-mines/index.page
-rw-r--r-- root/root      1500 2022-07-07 18:24 usr/share/help/eu/gnome-mines/license.page
-rw-r--r-- root/root      1719 2022-07-07 18:24 usr/share/help/eu/gnome-mines/new-game.page
-rw-r--r-- root/root      1811 2022-07-07 18:24 usr/share/help/eu/gnome-mines/rules.page
-rw-r--r-- root/root      1689 2022-07-07 18:24 usr/share/help/eu/gnome-mines/translate.page
drwxr-xr-x root/root         0 2022-07-07 18:24 usr/share/help/fr/
drwxr-xr-x root/root         0 2022-07-07 18:24 usr/share/help/fr/gnome-mines/
-rw-r--r-- root/root      2803 2022-07-07 18:24 usr/share/help/fr/gnome-mines/board-size.page
-rw-r--r-- root/root      3881 2022-07-07 18:24 usr/share/help/fr/gnome-mines/bug-filing.page
-rw-r--r-- root/root      2629 2022-07-07 18:24 usr/share/help/fr/gnome-mines/develop.page
-rw-r--r-- root/root      3124 2022-07-07 18:24 usr/share/help/fr/gnome-mines/documentation.page
drwxr-xr-x root/root         0 2022-07-07 18:24 usr/share/help/fr/gnome-mines/figures/
-rw-r--r-- root/root      4621 2022-07-07 18:24 usr/share/help/fr/gnome-mines/flags.page
-rw-r--r-- root/root      2859 2022-07-07 18:24 usr/share/help/fr/gnome-mines/high-scores.page
-rw-r--r-- root/root      2981 2022-07-07 18:24 usr/share/help/fr/gnome-mines/index.page
-rw-r--r-- root/root      3216 2022-07-07 18:24 usr/share/help/fr/gnome-mines/license.page
-rw-r--r-- root/root      3259 2022-07-07 18:24 usr/share/help/fr/gnome-mines/new-game.page
-rw-r--r-- root/root      3338 2022-07-07 18:24 usr/share/help/fr/gnome-mines/rules.page
-rw-r--r-- root/root      3366 2022-07-07 18:24 usr/share/help/fr/gnome-mines/translate.page
drwxr-xr-x root/root         0 2022-07-07 18:24 usr/share/help/gl/
drwxr-xr-x root/root         0 2022-07-07 18:24 usr/share/help/gl/gnome-mines/
-rw-r--r-- root/root      1786 2022-07-07 18:24 usr/share/help/gl/gnome-mines/board-size.page
-rw-r--r-- root/root      2603 2022-07-07 18:24 usr/share/help/gl/gnome-mines/bug-filing.page
-rw-r--r-- root/root      1585 2022-07-07 18:24 usr/share/help/gl/gnome-mines/develop.page
-rw-r--r-- root/root      2080 2022-07-07 18:24 usr/share/help/gl/gnome-mines/documentation.page
drwxr-xr-x root/root         0 2022-07-07 18:24 usr/share/help/gl/gnome-mines/figures/
-rw-r--r-- root/root      3419 2022-07-07 18:24 usr/share/help/gl/gnome-mines/flags.page
-rw-r--r-- root/root      1790 2022-07-07 18:24 usr/share/help/gl/gnome-mines/high-scores.page
-rw-r--r-- root/root      1934 2022-07-07 18:24 usr/share/help/gl/gnome-mines/index.page
-rw-r--r-- root/root      1989 2022-07-07 18:24 usr/share/help/gl/gnome-mines/license.page
-rw-r--r-- root/root      2202 2022-07-07 18:24 usr/share/help/gl/gnome-mines/new-game.page
-rw-r--r-- root/root      2244 2022-07-07 18:24 usr/share/help/gl/gnome-mines/rules.page
-rw-r--r-- root/root      2241 2022-07-07 18:24 usr/share/help/gl/gnome-mines/translate.page
drwxr-xr-x root/root         0 2022-07-07 18:24 usr/share/help/hu/
drwxr-xr-x root/root         0 2022-07-07 18:24 usr/share/help/hu/gnome-mines/
-rw-r--r-- root/root      1839 2022-07-07 18:24 usr/share/help/hu/gnome-mines/board-size.page
-rw-r--r-- root/root      2812 2022-07-07 18:24 usr/share/help/hu/gnome-mines/bug-filing.page
-rw-r--r-- root/root      1623 2022-07-07 18:24 usr/share/help/hu/gnome-mines/develop.page
-rw-r--r-- root/root      2112 2022-07-07 18:24 usr/share/help/hu/gnome-mines/documentation.page
drwxr-xr-x root/root         0 2022-07-07 18:24 usr/share/help/hu/gnome-mines/figures/
-rw-r--r-- root/root      3612 2022-07-07 18:24 usr/share/help/hu/gnome-mines/flags.page
-rw-r--r-- root/root      1889 2022-07-07 18:24 usr/share/help/hu/gnome-mines/high-scores.page
-rw-r--r-- root/root      2034 2022-07-07 18:24 usr/share/help/hu/gnome-mines/index.page
-rw-r--r-- root/root      2036 2022-07-07 18:24 usr/share/help/hu/gnome-mines/license.page
-rw-r--r-- root/root      2266 2022-07-07 18:24 usr/share/help/hu/gnome-mines/new-game.page
-rw-r--r-- root/root      2341 2022-07-07 18:24 usr/share/help/hu/gnome-mines/rules.page
-rw-r--r-- root/root      2248 2022-07-07 18:24 usr/share/help/hu/gnome-mines/translate.page
drwxr-xr-x root/root         0 2022-07-07 18:24 usr/share/help/ja/
drwxr-xr-x root/root         0 2022-07-07 18:24 usr/share/help/ja/gnome-mines/
-rw-r--r-- root/root      1523 2022-07-07 18:24 usr/share/help/ja/gnome-mines/board-size.page
-rw-r--r-- root/root      2345 2022-07-07 18:24 usr/share/help/ja/gnome-mines/bug-filing.page
-rw-r--r-- root/root      1334 2022-07-07 18:24 usr/share/help/ja/gnome-mines/develop.page
-rw-r--r-- root/root      1826 2022-07-07 18:24 usr/share/help/ja/gnome-mines/documentation.page
drwxr-xr-x root/root         0 2022-07-07 18:24 usr/share/help/ja/gnome-mines/figures/
-rw-r--r-- root/root      3180 2022-07-07 18:24 usr/share/help/ja/gnome-mines/flags.page
-rw-r--r-- root/root      1542 2022-07-07 18:24 usr/share/help/ja/gnome-mines/high-scores.page
-rw-r--r-- root/root      1803 2022-07-07 18:24 usr/share/help/ja/gnome-mines/index.page
-rw-r--r-- root/root      2158 2022-07-07 18:24 usr/share/help/ja/gnome-mines/license.page
-rw-r--r-- root/root      2009 2022-07-07 18:24 usr/share/help/ja/gnome-mines/new-game.page
-rw-r--r-- root/root      2192 2022-07-07 18:24 usr/share/help/ja/gnome-mines/rules.page
-rw-r--r-- root/root      1987 2022-07-07 18:24 usr/share/help/ja/gnome-mines/translate.page
drwxr-xr-x root/root         0 2022-07-07 18:24 usr/share/help/ko/
drwxr-xr-x root/root         0 2022-07-07 18:24 usr/share/help/ko/gnome-mines/
-rw-r--r-- root/root      1856 2022-07-07 18:24 usr/share/help/ko/gnome-mines/board-size.page
-rw-r--r-- root/root      2781 2022-07-07 18:24 usr/share/help/ko/gnome-mines/bug-filing.page
-rw-r--r-- root/root      1567 2022-07-07 18:24 usr/share/help/ko/gnome-mines/develop.page
-rw-r--r-- root/root      2084 2022-07-07 18:24 usr/share/help/ko/gnome-mines/documentation.page
drwxr-xr-x root/root         0 2022-07-07 18:24 usr/share/help/ko/gnome-mines/figures/
-rw-r--r-- root/root      3522 2022-07-07 18:24 usr/share/help/ko/gnome-mines/flags.page
-rw-r--r-- root/root      1815 2022-07-07 18:24 usr/share/help/ko/gnome-mines/high-scores.page
-rw-r--r-- root/root      2037 2022-07-07 18:24 usr/share/help/ko/gnome-mines/index.page
-rw-r--r-- root/root      2173 2022-07-07 18:24 usr/share/help/ko/gnome-mines/license.page
-rw-r--r-- root/root      2168 2022-07-07 18:24 usr/share/help/ko/gnome-mines/new-game.page
-rw-r--r-- root/root      2287 2022-07-07 18:24 usr/share/help/ko/gnome-mines/rules.page
-rw-r--r-- root/root      2229 2022-07-07 18:24 usr/share/help/ko/gnome-mines/translate.page
drwxr-xr-x root/root         0 2022-07-07 18:24 usr/share/help/pl/
drwxr-xr-x root/root         0 2022-07-07 18:24 usr/share/help/pl/gnome-mines/
-rw-r--r-- root/root      1726 2022-07-07 18:24 usr/share/help/pl/gnome-mines/board-size.page
-rw-r--r-- root/root      2772 2022-07-07 18:24 usr/share/help/pl/gnome-mines/bug-filing.page
-rw-r--r-- root/root      1592 2022-07-07 18:24 usr/share/help/pl/gnome-mines/develop.page
-rw-r--r-- root/root      2133 2022-07-07 18:24 usr/share/help/pl/gnome-mines/documentation.page
drwxr-xr-x root/root         0 2022-07-07 18:24 usr/share/help/pl/gnome-mines/figures/
-rw-r--r-- root/root      3364 2022-07-07 18:24 usr/share/help/pl/gnome-mines/flags.page
-rw-r--r-- root/root      1778 2022-07-07 18:24 usr/share/help/pl/gnome-mines/high-scores.page
-rw-r--r-- root/root      1938 2022-07-07 18:24 usr/share/help/pl/gnome-mines/index.page
-rw-r--r-- root/root      1972 2022-07-07 18:24 usr/share/help/pl/gnome-mines/license.page
-rw-r--r-- root/root      2194 2022-07-07 18:24 usr/share/help/pl/gnome-mines/new-game.page
-rw-r--r-- root/root      2192 2022-07-07 18:24 usr/share/help/pl/gnome-mines/rules.page
-rw-r--r-- root/root      2171 2022-07-07 18:24 usr/share/help/pl/gnome-mines/translate.page
drwxr-xr-x root/root         0 2022-07-07 18:24 usr/share/help/pt_BR/
drwxr-xr-x root/root         0 2022-07-07 18:24 usr/share/help/pt_BR/gnome-mines/
-rw-r--r-- root/root      1511 2022-07-07 18:24 usr/share/help/pt_BR/gnome-mines/board-size.page
-rw-r--r-- root/root      2337 2022-07-07 18:24 usr/share/help/pt_BR/gnome-mines/bug-filing.page
-rw-r--r-- root/root      1344 2022-07-07 18:24 usr/share/help/pt_BR/gnome-mines/develop.page
-rw-r--r-- root/root      1830 2022-07-07 18:24 usr/share/help/pt_BR/gnome-mines/documentation.page
drwxr-xr-x root/root         0 2022-07-07 18:24 usr/share/help/pt_BR/gnome-mines/figures/
-rw-r--r-- root/root      3190 2022-07-07 18:24 usr/share/help/pt_BR/gnome-mines/flags.page
-rw-r--r-- root/root      1537 2022-07-07 18:24 usr/share/help/pt_BR/gnome-mines/high-scores.page
-rw-r--r-- root/root      1742 2022-07-07 18:24 usr/share/help/pt_BR/gnome-mines/index.page
-rw-r--r-- root/root      2153 2022-07-07 18:24 usr/share/help/pt_BR/gnome-mines/license.page
-rw-r--r-- root/root      1949 2022-07-07 18:24 usr/share/help/pt_BR/gnome-mines/new-game.page
-rw-r--r-- root/root      2019 2022-07-07 18:24 usr/share/help/pt_BR/gnome-mines/rules.page
-rw-r--r-- root/root      1937 2022-07-07 18:24 usr/share/help/pt_BR/gnome-mines/translate.page
drwxr-xr-x root/root         0 2022-07-07 18:24 usr/share/help/sl/
drwxr-xr-x root/root         0 2022-07-07 18:24 usr/share/help/sl/gnome-mines/
-rw-r--r-- root/root      1278 2022-07-07 18:24 usr/share/help/sl/gnome-mines/board-size.page
-rw-r--r-- root/root      2143 2022-07-07 18:24 usr/share/help/sl/gnome-mines/bug-filing.page
-rw-r--r-- root/root      1085 2022-07-07 18:24 usr/share/help/sl/gnome-mines/develop.page
-rw-r--r-- root/root      1612 2022-07-07 18:24 usr/share/help/sl/gnome-mines/documentation.page
drwxr-xr-x root/root         0 2022-07-07 18:24 usr/share/help/sl/gnome-mines/figures/
-rw-r--r-- root/root      2944 2022-07-07 18:24 usr/share/help/sl/gnome-mines/flags.page
-rw-r--r-- root/root      1304 2022-07-07 18:24 usr/share/help/sl/gnome-mines/high-scores.page
-rw-r--r-- root/root      1524 2022-07-07 18:24 usr/share/help/sl/gnome-mines/index.page
-rw-r--r-- root/root      1513 2022-07-07 18:24 usr/share/help/sl/gnome-mines/license.page
-rw-r--r-- root/root      1716 2022-07-07 18:24 usr/share/help/sl/gnome-mines/new-game.page
-rw-r--r-- root/root      1788 2022-07-07 18:24 usr/share/help/sl/gnome-mines/rules.page
-rw-r--r-- root/root      1693 2022-07-07 18:24 usr/share/help/sl/gnome-mines/translate.page
drwxr-xr-x root/root         0 2022-07-07 18:24 usr/share/help/sv/
drwxr-xr-x root/root         0 2022-07-07 18:24 usr/share/help/sv/gnome-mines/
-rw-r--r-- root/root      2036 2022-07-07 18:24 usr/share/help/sv/gnome-mines/board-size.page
-rw-r--r-- root/root      2840 2022-07-07 18:24 usr/share/help/sv/gnome-mines/bug-filing.page
-rw-r--r-- root/root      1820 2022-07-07 18:24 usr/share/help/sv/gnome-mines/develop.page
-rw-r--r-- root/root      2309 2022-07-07 18:24 usr/share/help/sv/gnome-mines/documentation.page
drwxr-xr-x root/root         0 2022-07-07 18:24 usr/share/help/sv/gnome-mines/figures/
-rw-r--r-- root/root      3749 2022-07-07 18:24 usr/share/help/sv/gnome-mines/flags.page
-rw-r--r-- root/root      2028 2022-07-07 18:24 usr/share/help/sv/gnome-mines/high-scores.page
-rw-r--r-- root/root      2229 2022-07-07 18:24 usr/share/help/sv/gnome-mines/index.page
-rw-r--r-- root/root      2273 2022-07-07 18:24 usr/share/help/sv/gnome-mines/license.page
-rw-r--r-- root/root      2477 2022-07-07 18:24 usr/share/help/sv/gnome-mines/new-game.page
-rw-r--r-- root/root      2547 2022-07-07 18:24 usr/share/help/sv/gnome-mines/rules.page
-rw-r--r-- root/root      2471 2022-07-07 18:24 usr/share/help/sv/gnome-mines/translate.page
drwxr-xr-x root/root         0 2022-07-07 18:24 usr/share/help/uk/
drwxr-xr-x root/root         0 2022-07-07 18:24 usr/share/help/uk/gnome-mines/
-rw-r--r-- root/root      1802 2022-07-07 18:24 usr/share/help/uk/gnome-mines/board-size.page
-rw-r--r-- root/root      4013 2022-07-07 18:24 usr/share/help/uk/gnome-mines/bug-filing.page
-rw-r--r-- root/root      1554 2022-07-07 18:24 usr/share/help/uk/gnome-mines/develop.page
-rw-r--r-- root/root      2145 2022-07-07 18:24 usr/share/help/uk/gnome-mines/documentation.page
drwxr-xr-x root/root         0 2022-07-07 18:24 usr/share/help/uk/gnome-mines/figures/
-rw-r--r-- root/root      4322 2022-07-07 18:24 usr/share/help/uk/gnome-mines/flags.page
-rw-r--r-- root/root      2049 2022-07-07 18:24 usr/share/help/uk/gnome-mines/high-scores.page
-rw-r--r-- root/root      1929 2022-07-07 18:24 usr/share/help/uk/gnome-mines/index.page
-rw-r--r-- root/root      2365 2022-07-07 18:24 usr/share/help/uk/gnome-mines/license.page
-rw-r--r-- root/root      2315 2022-07-07 18:24 usr/share/help/uk/gnome-mines/new-game.page
-rw-r--r-- root/root      2713 2022-07-07 18:24 usr/share/help/uk/gnome-mines/rules.page
-rw-r--r-- root/root      2605 2022-07-07 18:24 usr/share/help/uk/gnome-mines/translate.page
drwxr-xr-x root/root         0 2022-07-07 18:24 usr/share/icons/
drwxr-xr-x root/root         0 2022-07-07 18:24 usr/share/icons/hicolor/
drwxr-xr-x root/root         0 2022-07-07 18:24 usr/share/icons/hicolor/scalable/
drwxr-xr-x root/root         0 2022-07-07 18:24 usr/share/icons/hicolor/scalable/apps/
-rw-r--r-- root/root      3502 2022-02-18 08:28 usr/share/icons/hicolor/scalable/apps/org.gnome.Mines.svg
drwxr-xr-x root/root         0 2022-07-07 18:24 usr/share/icons/hicolor/symbolic/
drwxr-xr-x root/root         0 2022-07-07 18:24 usr/share/icons/hicolor/symbolic/apps/
-rw-r--r-- root/root       597 2022-02-18 08:28 usr/share/icons/hicolor/symbolic/apps/org.gnome.Mines-symbolic.svg
drwxr-xr-x root/root         0 2022-07-07 18:24 usr/share/locale/
drwxr-xr-x root/root         0 2022-07-07 18:24 usr/share/locale/af/
drwxr-xr-x root/root         0 2022-07-07 18:24 usr/share/locale/af/LC_MESSAGES/
-rw-r--r-- root/root      2283 2022-07-07 18:24 usr/share/locale/af/LC_MESSAGES/gnome-mines.mo
drwxr-xr-x root/root         0 2022-07-07 18:24 usr/share/locale/am/
drwxr-xr-x root/root         0 2022-07-07 18:24 usr/share/locale/am/LC_MESSAGES/
-rw-r--r-- root/root       604 2022-07-07 18:24 usr/share/locale/am/LC_MESSAGES/gnome-mines.mo
drwxr-xr-x root/root         0 2022-07-07 18:24 usr/share/locale/an/
drwxr-xr-x root/root         0 2022-07-07 18:24 usr/share/locale/an/LC_MESSAGES/
-rw-r--r-- root/root      6180 2022-07-07 18:24 usr/share/locale/an/LC_MESSAGES/gnome-mines.mo
drwxr-xr-x root/root         0 2022-07-07 18:24 usr/share/locale/ar/
drwxr-xr-x root/root         0 2022-07-07 18:24 usr/share/locale/ar/LC_MESSAGES/
-rw-r--r-- root/root      3902 2022-07-07 18:24 usr/share/locale/ar/LC_MESSAGES/gnome-mines.mo
drwxr-xr-x root/root         0 2022-07-07 18:24 usr/share/locale/as/
drwxr-xr-x root/root         0 2022-07-07 18:24 usr/share/locale/as/LC_MESSAGES/
-rw-r--r-- root/root      2691 2022-07-07 18:24 usr/share/locale/as/LC_MESSAGES/gnome-mines.mo
drwxr-xr-x root/root         0 2022-07-07 18:24 usr/share/locale/ast/
drwxr-xr-x root/root         0 2022-07-07 18:24 usr/share/locale/ast/LC_MESSAGES/
-rw-r--r-- root/root      2573 2022-07-07 18:24 usr/share/locale/ast/LC_MESSAGES/gnome-mines.mo
drwxr-xr-x root/root         0 2022-07-07 18:24 usr/share/locale/az/
drwxr-xr-x root/root         0 2022-07-07 18:24 usr/share/locale/az/LC_MESSAGES/
-rw-r--r-- root/root      1153 2022-07-07 18:24 usr/share/locale/az/LC_MESSAGES/gnome-mines.mo
drwxr-xr-x root/root         0 2022-07-07 18:24 usr/share/locale/be/
drwxr-xr-x root/root         0 2022-07-07 18:24 usr/share/locale/be/LC_MESSAGES/
-rw-r--r-- root/root      7838 2022-07-07 18:24 usr/share/locale/be/LC_MESSAGES/gnome-mines.mo
drwxr-xr-x root/root         0 2022-07-07 18:24 usr/share/locale/bg/
drwxr-xr-x root/root         0 2022-07-07 18:24 usr/share/locale/bg/LC_MESSAGES/
-rw-r--r-- root/root      8667 2022-07-07 18:24 usr/share/locale/bg/LC_MESSAGES/gnome-mines.mo
drwxr-xr-x root/root         0 2022-07-07 18:24 usr/share/locale/bn/
drwxr-xr-x root/root         0 2022-07-07 18:24 usr/share/locale/bn/LC_MESSAGES/
-rw-r--r-- root/root      3416 2022-07-07 18:24 usr/share/locale/bn/LC_MESSAGES/gnome-mines.mo
drwxr-xr-x root/root         0 2022-07-07 18:24 usr/share/locale/bn_IN/
drwxr-xr-x root/root         0 2022-07-07 18:24 usr/share/locale/bn_IN/LC_MESSAGES/
-rw-r--r-- root/root      2551 2022-07-07 18:24 usr/share/locale/bn_IN/LC_MESSAGES/gnome-mines.mo
drwxr-xr-x root/root         0 2022-07-07 18:24 usr/share/locale/br/
drwxr-xr-x root/root         0 2022-07-07 18:24 usr/share/locale/br/LC_MESSAGES/
-rw-r--r-- root/root      1035 2022-07-07 18:24 usr/share/locale/br/LC_MESSAGES/gnome-mines.mo
drwxr-xr-x root/root         0 2022-07-07 18:24 usr/share/locale/bs/
drwxr-xr-x root/root         0 2022-07-07 18:24 usr/share/locale/bs/LC_MESSAGES/
-rw-r--r-- root/root      6130 2022-07-07 18:24 usr/share/locale/bs/LC_MESSAGES/gnome-mines.mo
drwxr-xr-x root/root         0 2022-07-07 18:24 usr/share/locale/ca/
drwxr-xr-x root/root         0 2022-07-07 18:24 usr/share/locale/ca/LC_MESSAGES/
-rw-r--r-- root/root      7390 2022-07-07 18:24 usr/share/locale/ca/LC_MESSAGES/gnome-mines.mo
drwxr-xr-x root/root         0 2022-07-07 18:24 usr/share/locale/ca@valencia/
drwxr-xr-x root/root         0 2022-07-07 18:24 usr/share/locale/ca@valencia/LC_MESSAGES/
-rw-r--r-- root/root      6573 2022-07-07 18:24 usr/share/locale/ca@valencia/LC_MESSAGES/gnome-mines.mo
drwxr-xr-x root/root         0 2022-07-07 18:24 usr/share/locale/ckb/
drwxr-xr-x root/root         0 2022-07-07 18:24 usr/share/locale/ckb/LC_MESSAGES/
-rw-r--r-- root/root      6443 2022-07-07 18:24 usr/share/locale/ckb/LC_MESSAGES/gnome-mines.mo
drwxr-xr-x root/root         0 2022-07-07 18:24 usr/share/locale/cs/
drwxr-xr-x root/root         0 2022-07-07 18:24 usr/share/locale/cs/LC_MESSAGES/
-rw-r--r-- root/root      7471 2022-07-07 18:24 usr/share/locale/cs/LC_MESSAGES/gnome-mines.mo
drwxr-xr-x root/root         0 2022-07-07 18:24 usr/share/locale/cy/
drwxr-xr-x root/root         0 2022-07-07 18:24 usr/share/locale/cy/LC_MESSAGES/
-rw-r--r-- root/root      2141 2022-07-07 18:24 usr/share/locale/cy/LC_MESSAGES/gnome-mines.mo
drwxr-xr-x root/root         0 2022-07-07 18:24 usr/share/locale/da/
drwxr-xr-x root/root         0 2022-07-07 18:24 usr/share/locale/da/LC_MESSAGES/
-rw-r--r-- root/root      7002 2022-07-07 18:24 usr/share/locale/da/LC_MESSAGES/gnome-mines.mo
drwxr-xr-x root/root         0 2022-07-07 18:24 usr/share/locale/de/
drwxr-xr-x root/root         0 2022-07-07 18:24 usr/share/locale/de/LC_MESSAGES/
-rw-r--r-- root/root      7809 2022-07-07 18:24 usr/share/locale/de/LC_MESSAGES/gnome-mines.mo
drwxr-xr-x root/root         0 2022-07-07 18:24 usr/share/locale/dz/
drwxr-xr-x root/root         0 2022-07-07 18:24 usr/share/locale/dz/LC_MESSAGES/
-rw-r--r-- root/root      3917 2022-07-07 18:24 usr/share/locale/dz/LC_MESSAGES/gnome-mines.mo
drwxr-xr-x root/root         0 2022-07-07 18:24 usr/share/locale/el/
drwxr-xr-x root/root         0 2022-07-07 18:24 usr/share/locale/el/LC_MESSAGES/
-rw-r--r-- root/root      9738 2022-07-07 18:24 usr/share/locale/el/LC_MESSAGES/gnome-mines.mo
drwxr-xr-x root/root         0 2022-07-07 18:24 usr/share/locale/en@shaw/
drwxr-xr-x root/root         0 2022-07-07 18:24 usr/share/locale/en@shaw/LC_MESSAGES/
-rw-r--r-- root/root      2848 2022-07-07 18:24 usr/share/locale/en@shaw/LC_MESSAGES/gnome-mines.mo
drwxr-xr-x root/root         0 2022-07-07 18:24 usr/share/locale/en_CA/
drwxr-xr-x root/root         0 2022-07-07 18:24 usr/share/locale/en_CA/LC_MESSAGES/
-rw-r--r-- root/root      2154 2022-07-07 18:24 usr/share/locale/en_CA/LC_MESSAGES/gnome-mines.mo
drwxr-xr-x root/root         0 2022-07-07 18:24 usr/share/locale/en_GB/
drwxr-xr-x root/root         0 2022-07-07 18:24 usr/share/locale/en_GB/LC_MESSAGES/
-rw-r--r-- root/root      6869 2022-07-07 18:24 usr/share/locale/en_GB/LC_MESSAGES/gnome-mines.mo
drwxr-xr-x root/root         0 2022-07-07 18:24 usr/share/locale/eo/
drwxr-xr-x root/root         0 2022-07-07 18:24 usr/share/locale/eo/LC_MESSAGES/
-rw-r--r-- root/root      6719 2022-07-07 18:24 usr/share/locale/eo/LC_MESSAGES/gnome-mines.mo
drwxr-xr-x root/root         0 2022-07-07 18:24 usr/share/locale/es/
drwxr-xr-x root/root         0 2022-07-07 18:24 usr/share/locale/es/LC_MESSAGES/
-rw-r--r-- root/root      7315 2022-07-07 18:24 usr/share/locale/es/LC_MESSAGES/gnome-mines.mo
drwxr-xr-x root/root         0 2022-07-07 18:24 usr/share/locale/et/
drwxr-xr-x root/root         0 2022-07-07 18:24 usr/share/locale/et/LC_MESSAGES/
-rw-r--r-- root/root      5136 2022-07-07 18:24 usr/share/locale/et/LC_MESSAGES/gnome-mines.mo
drwxr-xr-x root/root         0 2022-07-07 18:24 usr/share/locale/eu/
drwxr-xr-x root/root         0 2022-07-07 18:24 usr/share/locale/eu/LC_MESSAGES/
-rw-r--r-- root/root      6880 2022-07-07 18:24 usr/share/locale/eu/LC_MESSAGES/gnome-mines.mo
drwxr-xr-x root/root         0 2022-07-07 18:24 usr/share/locale/fa/
drwxr-xr-x root/root         0 2022-07-07 18:24 usr/share/locale/fa/LC_MESSAGES/
-rw-r--r-- root/root      8522 2022-07-07 18:24 usr/share/locale/fa/LC_MESSAGES/gnome-mines.mo
drwxr-xr-x root/root         0 2022-07-07 18:24 usr/share/locale/fi/
drwxr-xr-x root/root         0 2022-07-07 18:24 usr/share/locale/fi/LC_MESSAGES/
-rw-r--r-- root/root      7560 2022-07-07 18:24 usr/share/locale/fi/LC_MESSAGES/gnome-mines.mo
drwxr-xr-x root/root         0 2022-07-07 18:24 usr/share/locale/fr/
drwxr-xr-x root/root         0 2022-07-07 18:24 usr/share/locale/fr/LC_MESSAGES/
-rw-r--r-- root/root      7716 2022-07-07 18:24 usr/share/locale/fr/LC_MESSAGES/gnome-mines.mo
drwxr-xr-x root/root         0 2022-07-07 18:24 usr/share/locale/fur/
drwxr-xr-x root/root         0 2022-07-07 18:24 usr/share/locale/fur/LC_MESSAGES/
-rw-r--r-- root/root      6921 2022-07-07 18:24 usr/share/locale/fur/LC_MESSAGES/gnome-mines.mo
drwxr-xr-x root/root         0 2022-07-07 18:24 usr/share/locale/ga/
drwxr-xr-x root/root         0 2022-07-07 18:24 usr/share/locale/ga/LC_MESSAGES/
-rw-r--r-- root/root      1250 2022-07-07 18:24 usr/share/locale/ga/LC_MESSAGES/gnome-mines.mo
drwxr-xr-x root/root         0 2022-07-07 18:24 usr/share/locale/gl/
drwxr-xr-x root/root         0 2022-07-07 18:24 usr/share/locale/gl/LC_MESSAGES/
-rw-r--r-- root/root      7387 2022-07-07 18:24 usr/share/locale/gl/LC_MESSAGES/gnome-mines.mo
drwxr-xr-x root/root         0 2022-07-07 18:24 usr/share/locale/gu/
drwxr-xr-x root/root         0 2022-07-07 18:24 usr/share/locale/gu/LC_MESSAGES/
-rw-r--r-- root/root      3091 2022-07-07 18:24 usr/share/locale/gu/LC_MESSAGES/gnome-mines.mo
drwxr-xr-x root/root         0 2022-07-07 18:24 usr/share/locale/he/
drwxr-xr-x root/root         0 2022-07-07 18:24 usr/share/locale/he/LC_MESSAGES/
-rw-r--r-- root/root      7857 2022-07-07 18:24 usr/share/locale/he/LC_MESSAGES/gnome-mines.mo
drwxr-xr-x root/root         0 2022-07-07 18:24 usr/share/locale/hi/
drwxr-xr-x root/root         0 2022-07-07 18:24 usr/share/locale/hi/LC_MESSAGES/
-rw-r--r-- root/root      7495 2022-07-07 18:24 usr/share/locale/hi/LC_MESSAGES/gnome-mines.mo
drwxr-xr-x root/root         0 2022-07-07 18:24 usr/share/locale/hr/
drwxr-xr-x root/root         0 2022-07-07 18:24 usr/share/locale/hr/LC_MESSAGES/
-rw-r--r-- root/root      6891 2022-07-07 18:24 usr/share/locale/hr/LC_MESSAGES/gnome-mines.mo
drwxr-xr-x root/root         0 2022-07-07 18:24 usr/share/locale/hu/
drwxr-xr-x root/root         0 2022-07-07 18:24 usr/share/locale/hu/LC_MESSAGES/
-rw-r--r-- root/root      7464 2022-07-07 18:24 usr/share/locale/hu/LC_MESSAGES/gnome-mines.mo
drwxr-xr-x root/root         0 2022-07-07 18:24 usr/share/locale/id/
drwxr-xr-x root/root         0 2022-07-07 18:24 usr/share/locale/id/LC_MESSAGES/
-rw-r--r-- root/root      7224 2022-07-07 18:24 usr/share/locale/id/LC_MESSAGES/gnome-mines.mo
drwxr-xr-x root/root         0 2022-07-07 18:24 usr/share/locale/is/
drwxr-xr-x root/root         0 2022-07-07 18:24 usr/share/locale/is/LC_MESSAGES/
-rw-r--r-- root/root      7335 2022-07-07 18:24 usr/share/locale/is/LC_MESSAGES/gnome-mines.mo
drwxr-xr-x root/root         0 2022-07-07 18:24 usr/share/locale/it/
drwxr-xr-x root/root         0 2022-07-07 18:24 usr/share/locale/it/LC_MESSAGES/
-rw-r--r-- root/root      7205 2022-07-07 18:24 usr/share/locale/it/LC_MESSAGES/gnome-mines.mo
drwxr-xr-x root/root         0 2022-07-07 18:24 usr/share/locale/ja/
drwxr-xr-x root/root         0 2022-07-07 18:24 usr/share/locale/ja/LC_MESSAGES/
-rw-r--r-- root/root      7070 2022-07-07 18:24 usr/share/locale/ja/LC_MESSAGES/gnome-mines.mo
drwxr-xr-x root/root         0 2022-07-07 18:24 usr/share/locale/ka/
drwxr-xr-x root/root         0 2022-07-07 18:24 usr/share/locale/ka/LC_MESSAGES/
-rw-r--r-- root/root       785 2022-07-07 18:24 usr/share/locale/ka/LC_MESSAGES/gnome-mines.mo
drwxr-xr-x root/root         0 2022-07-07 18:24 usr/share/locale/kk/
drwxr-xr-x root/root         0 2022-07-07 18:24 usr/share/locale/kk/LC_MESSAGES/
-rw-r--r-- root/root      8628 2022-07-07 18:24 usr/share/locale/kk/LC_MESSAGES/gnome-mines.mo
drwxr-xr-x root/root         0 2022-07-07 18:24 usr/share/locale/km/
drwxr-xr-x root/root         0 2022-07-07 18:24 usr/share/locale/km/LC_MESSAGES/
-rw-r--r-- root/root      4598 2022-07-07 18:24 usr/share/locale/km/LC_MESSAGES/gnome-mines.mo
drwxr-xr-x root/root         0 2022-07-07 18:24 usr/share/locale/kn/
drwxr-xr-x root/root         0 2022-07-07 18:24 usr/share/locale/kn/LC_MESSAGES/
-rw-r--r-- root/root      3401 2022-07-07 18:24 usr/share/locale/kn/LC_MESSAGES/gnome-mines.mo
drwxr-xr-x root/root         0 2022-07-07 18:24 usr/share/locale/ko/
drwxr-xr-x root/root         0 2022-07-07 18:24 usr/share/locale/ko/LC_MESSAGES/
-rw-r--r-- root/root      7168 2022-07-07 18:24 usr/share/locale/ko/LC_MESSAGES/gnome-mines.mo
drwxr-xr-x root/root         0 2022-07-07 18:24 usr/share/locale/ku/
drwxr-xr-x root/root         0 2022-07-07 18:24 usr/share/locale/ku/LC_MESSAGES/
-rw-r--r-- root/root       611 2022-07-07 18:24 usr/share/locale/ku/LC_MESSAGES/gnome-mines.mo
drwxr-xr-x root/root         0 2022-07-07 18:24 usr/share/locale/lt/
drwxr-xr-x root/root         0 2022-07-07 18:24 usr/share/locale/lt/LC_MESSAGES/
-rw-r--r-- root/root      7254 2022-07-07 18:24 usr/share/locale/lt/LC_MESSAGES/gnome-mines.mo
drwxr-xr-x root/root         0 2022-07-07 18:24 usr/share/locale/lv/
drwxr-xr-x root/root         0 2022-07-07 18:24 usr/share/locale/lv/LC_MESSAGES/
-rw-r--r-- root/root      7177 2022-07-07 18:24 usr/share/locale/lv/LC_MESSAGES/gnome-mines.mo
drwxr-xr-x root/root         0 2022-07-07 18:24 usr/share/locale/mai/
drwxr-xr-x root/root         0 2022-07-07 18:24 usr/share/locale/mai/LC_MESSAGES/
-rw-r--r-- root/root      2781 2022-07-07 18:24 usr/share/locale/mai/LC_MESSAGES/gnome-mines.mo
drwxr-xr-x root/root         0 2022-07-07 18:24 usr/share/locale/mk/
drwxr-xr-x root/root         0 2022-07-07 18:24 usr/share/locale/mk/LC_MESSAGES/
-rw-r--r-- root/root      3013 2022-07-07 18:24 usr/share/locale/mk/LC_MESSAGES/gnome-mines.mo
drwxr-xr-x root/root         0 2022-07-07 18:24 usr/share/locale/ml/
drwxr-xr-x root/root         0 2022-07-07 18:24 usr/share/locale/ml/LC_MESSAGES/
-rw-r--r-- root/root      8594 2022-07-07 18:24 usr/share/locale/ml/LC_MESSAGES/gnome-mines.mo
drwxr-xr-x root/root         0 2022-07-07 18:24 usr/share/locale/mn/
drwxr-xr-x root/root         0 2022-07-07 18:24 usr/share/locale/mn/LC_MESSAGES/
-rw-r--r-- root/root       904 2022-07-07 18:24 usr/share/locale/mn/LC_MESSAGES/gnome-mines.mo
drwxr-xr-x root/root         0 2022-07-07 18:24 usr/share/locale/mr/
drwxr-xr-x root/root         0 2022-07-07 18:24 usr/share/locale/mr/LC_MESSAGES/
-rw-r--r-- root/root      3167 2022-07-07 18:24 usr/share/locale/mr/LC_MESSAGES/gnome-mines.mo
drwxr-xr-x root/root         0 2022-07-07 18:24 usr/share/locale/ms/
drwxr-xr-x root/root         0 2022-07-07 18:24 usr/share/locale/ms/LC_MESSAGES/
-rw-r--r-- root/root      6946 2022-07-07 18:24 usr/share/locale/ms/LC_MESSAGES/gnome-mines.mo
drwxr-xr-x root/root         0 2022-07-07 18:24 usr/share/locale/nb/
drwxr-xr-x root/root         0 2022-07-07 18:24 usr/share/locale/nb/LC_MESSAGES/
-rw-r--r-- root/root      6657 2022-07-07 18:24 usr/share/locale/nb/LC_MESSAGES/gnome-mines.mo
drwxr-xr-x root/root         0 2022-07-07 18:24 usr/share/locale/ne/
drwxr-xr-x root/root         0 2022-07-07 18:24 usr/share/locale/ne/LC_MESSAGES/
-rw-r--r-- root/root      5250 2022-07-07 18:24 usr/share/locale/ne/LC_MESSAGES/gnome-mines.mo
drwxr-xr-x root/root         0 2022-07-07 18:24 usr/share/locale/nl/
drwxr-xr-x root/root         0 2022-07-07 18:24 usr/share/locale/nl/LC_MESSAGES/
-rw-r--r-- root/root      7818 2022-07-07 18:24 usr/share/locale/nl/LC_MESSAGES/gnome-mines.mo
drwxr-xr-x root/root         0 2022-07-07 18:24 usr/share/locale/nn/
drwxr-xr-x root/root         0 2022-07-07 18:24 usr/share/locale/nn/LC_MESSAGES/
-rw-r--r-- root/root      2373 2022-07-07 18:24 usr/share/locale/nn/LC_MESSAGES/gnome-mines.mo
drwxr-xr-x root/root         0 2022-07-07 18:24 usr/share/locale/oc/
drwxr-xr-x root/root         0 2022-07-07 18:24 usr/share/locale/oc/LC_MESSAGES/
-rw-r--r-- root/root      6218 2022-07-07 18:24 usr/share/locale/oc/LC_MESSAGES/gnome-mines.mo
drwxr-xr-x root/root         0 2022-07-07 18:24 usr/share/locale/or/
drwxr-xr-x root/root         0 2022-07-07 18:24 usr/share/locale/or/LC_MESSAGES/
-rw-r--r-- root/root      3382 2022-07-07 18:24 usr/share/locale/or/LC_MESSAGES/gnome-mines.mo
drwxr-xr-x root/root         0 2022-07-07 18:24 usr/share/locale/pa/
drwxr-xr-x root/root         0 2022-07-07 18:24 usr/share/locale/pa/LC_MESSAGES/
-rw-r--r-- root/root      4235 2022-07-07 18:24 usr/share/locale/pa/LC_MESSAGES/gnome-mines.mo
drwxr-xr-x root/root         0 2022-07-07 18:24 usr/share/locale/pl/
drwxr-xr-x root/root         0 2022-07-07 18:24 usr/share/locale/pl/LC_MESSAGES/
-rw-r--r-- root/root      7502 2022-07-07 18:24 usr/share/locale/pl/LC_MESSAGES/gnome-mines.mo
drwxr-xr-x root/root         0 2022-07-07 18:24 usr/share/locale/pt/
drwxr-xr-x root/root         0 2022-07-07 18:24 usr/share/locale/pt/LC_MESSAGES/
-rw-r--r-- root/root      7109 2022-07-07 18:24 usr/share/locale/pt/LC_MESSAGES/gnome-mines.mo
drwxr-xr-x root/root         0 2022-07-07 18:24 usr/share/locale/pt_BR/
drwxr-xr-x root/root         0 2022-07-07 18:24 usr/share/locale/pt_BR/LC_MESSAGES/
-rw-r--r-- root/root      7779 2022-07-07 18:24 usr/share/locale/pt_BR/LC_MESSAGES/gnome-mines.mo
drwxr-xr-x root/root         0 2022-07-07 18:24 usr/share/locale/ro/
drwxr-xr-x root/root         0 2022-07-07 18:24 usr/share/locale/ro/LC_MESSAGES/
-rw-r--r-- root/root      8131 2022-07-07 18:24 usr/share/locale/ro/LC_MESSAGES/gnome-mines.mo
drwxr-xr-x root/root         0 2022-07-07 18:24 usr/share/locale/ru/
drwxr-xr-x root/root         0 2022-07-07 18:24 usr/share/locale/ru/LC_MESSAGES/
-rw-r--r-- root/root      8741 2022-07-07 18:24 usr/share/locale/ru/LC_MESSAGES/gnome-mines.mo
drwxr-xr-x root/root         0 2022-07-07 18:24 usr/share/locale/rw/
drwxr-xr-x root/root         0 2022-07-07 18:24 usr/share/locale/rw/LC_MESSAGES/
-rw-r--r-- root/root       564 2022-07-07 18:24 usr/share/locale/rw/LC_MESSAGES/gnome-mines.mo
drwxr-xr-x root/root         0 2022-07-07 18:24 usr/share/locale/si/
drwxr-xr-x root/root         0 2022-07-07 18:24 usr/share/locale/si/LC_MESSAGES/
-rw-r--r-- root/root      1788 2022-07-07 18:24 usr/share/locale/si/LC_MESSAGES/gnome-mines.mo
drwxr-xr-x root/root         0 2022-07-07 18:24 usr/share/locale/sk/
drwxr-xr-x root/root         0 2022-07-07 18:24 usr/share/locale/sk/LC_MESSAGES/
-rw-r--r-- root/root      7166 2022-07-07 18:24 usr/share/locale/sk/LC_MESSAGES/gnome-mines.mo
drwxr-xr-x root/root         0 2022-07-07 18:24 usr/share/locale/sl/
drwxr-xr-x root/root         0 2022-07-07 18:24 usr/share/locale/sl/LC_MESSAGES/
-rw-r--r-- root/root      6853 2022-07-07 18:24 usr/share/locale/sl/LC_MESSAGES/gnome-mines.mo
drwxr-xr-x root/root         0 2022-07-07 18:24 usr/share/locale/sq/
drwxr-xr-x root/root         0 2022-07-07 18:24 usr/share/locale/sq/LC_MESSAGES/
-rw-r--r-- root/root      1364 2022-07-07 18:24 usr/share/locale/sq/LC_MESSAGES/gnome-mines.mo
drwxr-xr-x root/root         0 2022-07-07 18:24 usr/share/locale/sr/
drwxr-xr-x root/root         0 2022-07-07 18:24 usr/share/locale/sr/LC_MESSAGES/
-rw-r--r-- root/root      9123 2022-07-07 18:24 usr/share/locale/sr/LC_MESSAGES/gnome-mines.mo
drwxr-xr-x root/root         0 2022-07-07 18:24 usr/share/locale/sr@latin/
drwxr-xr-x root/root         0 2022-07-07 18:24 usr/share/locale/sr@latin/LC_MESSAGES/
-rw-r--r-- root/root      6624 2022-07-07 18:24 usr/share/locale/sr@latin/LC_MESSAGES/gnome-mines.mo
drwxr-xr-x root/root         0 2022-07-07 18:24 usr/share/locale/sv/
drwxr-xr-x root/root         0 2022-07-07 18:24 usr/share/locale/sv/LC_MESSAGES/
-rw-r--r-- root/root      7100 2022-07-07 18:24 usr/share/locale/sv/LC_MESSAGES/gnome-mines.mo
drwxr-xr-x root/root         0 2022-07-07 18:24 usr/share/locale/ta/
drwxr-xr-x root/root         0 2022-07-07 18:24 usr/share/locale/ta/LC_MESSAGES/
-rw-r--r-- root/root      8369 2022-07-07 18:24 usr/share/locale/ta/LC_MESSAGES/gnome-mines.mo
drwxr-xr-x root/root         0 2022-07-07 18:24 usr/share/locale/te/
drwxr-xr-x root/root         0 2022-07-07 18:24 usr/share/locale/te/LC_MESSAGES/
-rw-r--r-- root/root      3755 2022-07-07 18:24 usr/share/locale/te/LC_MESSAGES/gnome-mines.mo
drwxr-xr-x root/root         0 2022-07-07 18:24 usr/share/locale/tg/
drwxr-xr-x root/root         0 2022-07-07 18:24 usr/share/locale/tg/LC_MESSAGES/
-rw-r--r-- root/root      1161 2022-07-07 18:24 usr/share/locale/tg/LC_MESSAGES/gnome-mines.mo
drwxr-xr-x root/root         0 2022-07-07 18:24 usr/share/locale/th/
drwxr-xr-x root/root         0 2022-07-07 18:24 usr/share/locale/th/LC_MESSAGES/
-rw-r--r-- root/root      4129 2022-07-07 18:24 usr/share/locale/th/LC_MESSAGES/gnome-mines.mo
drwxr-xr-x root/root         0 2022-07-07 18:24 usr/share/locale/tr/
drwxr-xr-x root/root         0 2022-07-07 18:24 usr/share/locale/tr/LC_MESSAGES/
-rw-r--r-- root/root      7022 2022-07-07 18:24 usr/share/locale/tr/LC_MESSAGES/gnome-mines.mo
drwxr-xr-x root/root         0 2022-07-07 18:24 usr/share/locale/ug/
drwxr-xr-x root/root         0 2022-07-07 18:24 usr/share/locale/ug/LC_MESSAGES/
-rw-r--r-- root/root      6466 2022-07-07 18:24 usr/share/locale/ug/LC_MESSAGES/gnome-mines.mo
drwxr-xr-x root/root         0 2022-07-07 18:24 usr/share/locale/uk/
drwxr-xr-x root/root         0 2022-07-07 18:24 usr/share/locale/uk/LC_MESSAGES/
-rw-r--r-- root/root      8840 2022-07-07 18:24 usr/share/locale/uk/LC_MESSAGES/gnome-mines.mo
drwxr-xr-x root/root         0 2022-07-07 18:24 usr/share/locale/vi/
drwxr-xr-x root/root         0 2022-07-07 18:24 usr/share/locale/vi/LC_MESSAGES/
-rw-r--r-- root/root      6625 2022-07-07 18:24 usr/share/locale/vi/LC_MESSAGES/gnome-mines.mo
drwxr-xr-x root/root         0 2022-07-07 18:24 usr/share/locale/wa/
drwxr-xr-x root/root         0 2022-07-07 18:24 usr/share/locale/wa/LC_MESSAGES/
-rw-r--r-- root/root       843 2022-07-07 18:24 usr/share/locale/wa/LC_MESSAGES/gnome-mines.mo
drwxr-xr-x root/root         0 2022-07-07 18:24 usr/share/locale/xh/
drwxr-xr-x root/root         0 2022-07-07 18:24 usr/share/locale/xh/LC_MESSAGES/
-rw-r--r-- root/root      1329 2022-07-07 18:24 usr/share/locale/xh/LC_MESSAGES/gnome-mines.mo
drwxr-xr-x root/root         0 2022-07-07 18:24 usr/share/locale/zh_CN/
drwxr-xr-x root/root         0 2022-07-07 18:24 usr/share/locale/zh_CN/LC_MESSAGES/
-rw-r--r-- root/root      6768 2022-07-07 18:24 usr/share/locale/zh_CN/LC_MESSAGES/gnome-mines.mo
drwxr-xr-x root/root         0 2022-07-07 18:24 usr/share/locale/zh_HK/
drwxr-xr-x root/root         0 2022-07-07 18:24 usr/share/locale/zh_HK/LC_MESSAGES/
-rw-r--r-- root/root      5530 2022-07-07 18:24 usr/share/locale/zh_HK/LC_MESSAGES/gnome-mines.mo
drwxr-xr-x root/root         0 2022-07-07 18:24 usr/share/locale/zh_TW/
drwxr-xr-x root/root         0 2022-07-07 18:24 usr/share/locale/zh_TW/LC_MESSAGES/
-rw-r--r-- root/root      6534 2022-07-07 18:24 usr/share/locale/zh_TW/LC_MESSAGES/gnome-mines.mo
drwxr-xr-x root/root         0 2022-07-07 18:24 usr/share/metainfo/
-rw-r--r-- root/root     44537 2022-07-07 18:24 usr/share/metainfo/org.gnome.Mines.appdata.xml


