++========================================
||
||   Package:  ./libvirt-8.1.0-x86_64-2_rtz.txz
||
++========================================
drwxr-xr-x root/root         0 2022-07-18 13:53 ./
drwxr-xr-x root/root         0 2022-07-18 13:53 etc/
drwxr-xr-x root/root         0 2022-07-18 13:53 etc/libvirt/
-rw-r--r-- root/root       450 2022-03-01 11:08 etc/libvirt/libvirt-admin.conf.new
-rw-r--r-- root/root       547 2022-03-01 11:08 etc/libvirt/libvirt.conf.new
-rw-r--r-- root/root     17580 2022-07-18 13:53 etc/libvirt/libvirtd.conf.new
drwxr-xr-x root/root         0 2022-07-18 13:53 etc/libvirt/lxc/
-rw-r--r-- root/root      1175 2022-03-01 11:08 etc/libvirt/lxc.conf.new
drwxr-xr-x root/root         0 2022-07-18 13:53 etc/libvirt/lxc/autostart/
drwxr-xr-x root/root         0 2022-07-18 13:53 etc/libvirt/nwfilter/
-rw-r--r-- root/root        92 2022-03-01 11:08 etc/libvirt/nwfilter/allow-arp.xml.new
-rw-r--r-- root/root       837 2022-03-01 11:08 etc/libvirt/nwfilter/allow-dhcp-server.xml.new
-rw-r--r-- root/root       692 2022-03-01 11:08 etc/libvirt/nwfilter/allow-dhcp.xml.new
-rw-r--r-- root/root      1024 2022-03-01 11:08 etc/libvirt/nwfilter/allow-dhcpv6-server.xml.new
-rw-r--r-- root/root       877 2022-03-01 11:08 etc/libvirt/nwfilter/allow-dhcpv6.xml.new
-rw-r--r-- root/root       100 2022-03-01 11:08 etc/libvirt/nwfilter/allow-incoming-ipv4.xml.new
-rw-r--r-- root/root       100 2022-03-01 11:08 etc/libvirt/nwfilter/allow-incoming-ipv6.xml.new
-rw-r--r-- root/root        94 2022-03-01 11:08 etc/libvirt/nwfilter/allow-ipv4.xml.new
-rw-r--r-- root/root        94 2022-03-01 11:08 etc/libvirt/nwfilter/allow-ipv6.xml.new
-rw-r--r-- root/root      1149 2022-03-01 11:08 etc/libvirt/nwfilter/clean-traffic-gateway.xml.new
-rw-r--r-- root/root       947 2022-03-01 11:08 etc/libvirt/nwfilter/clean-traffic.xml.new
-rw-r--r-- root/root       353 2022-03-01 11:08 etc/libvirt/nwfilter/no-arp-ip-spoofing.xml.new
-rw-r--r-- root/root       284 2022-03-01 11:08 etc/libvirt/nwfilter/no-arp-mac-spoofing.xml.new
-rw-r--r-- root/root       142 2022-03-01 11:08 etc/libvirt/nwfilter/no-arp-spoofing.xml.new
-rw-r--r-- root/root       290 2022-03-01 11:08 etc/libvirt/nwfilter/no-ip-multicast.xml.new
-rw-r--r-- root/root       477 2022-03-01 11:08 etc/libvirt/nwfilter/no-ip-spoofing.xml.new
-rw-r--r-- root/root       288 2022-03-01 11:08 etc/libvirt/nwfilter/no-ipv6-multicast.xml.new
-rw-r--r-- root/root       519 2022-03-01 11:08 etc/libvirt/nwfilter/no-ipv6-spoofing.xml.new
-rw-r--r-- root/root       269 2022-03-01 11:08 etc/libvirt/nwfilter/no-mac-broadcast.xml.new
-rw-r--r-- root/root       308 2022-03-01 11:08 etc/libvirt/nwfilter/no-mac-spoofing.xml.new
-rw-r--r-- root/root       247 2022-03-01 11:08 etc/libvirt/nwfilter/no-other-l2-traffic.xml.new
-rw-r--r-- root/root       121 2022-03-01 11:08 etc/libvirt/nwfilter/no-other-rarp-traffic.xml.new
-rw-r--r-- root/root       584 2022-03-01 11:08 etc/libvirt/nwfilter/qemu-announce-self-rarp.xml.new
-rw-r--r-- root/root       432 2022-03-01 11:08 etc/libvirt/nwfilter/qemu-announce-self.xml.new
drwxr-xr-x root/root         0 2022-07-18 13:53 etc/libvirt/qemu/
-rw-r--r-- root/root      2169 2022-03-01 11:08 etc/libvirt/qemu-lockd.conf.new
-rw-r--r-- root/root     36012 2022-07-18 13:53 etc/libvirt/qemu.conf.new
drwxr-xr-x root/root         0 2022-07-18 13:53 etc/libvirt/qemu/autostart/
drwxr-xr-x root/root         0 2022-07-18 13:53 etc/libvirt/qemu/networks/
drwxr-xr-x root/root         0 2022-07-18 13:53 etc/libvirt/qemu/networks/autostart/
-rw-r--r-- root/root       228 2022-03-01 11:08 etc/libvirt/qemu/networks/default.xml.new
drwxr-xr-x root/root         0 2022-07-18 13:53 etc/libvirt/secrets/
drwxr-xr-x root/root         0 2022-07-18 13:53 etc/libvirt/storage/
drwxr-xr-x root/root         0 2022-07-18 13:53 etc/libvirt/storage/autostart/
-rw-r--r-- root/root      1883 2022-03-01 11:08 etc/libvirt/virt-login-shell.conf.new
-rw-r--r-- root/root     12337 2022-07-18 13:49 etc/libvirt/virtchd.conf.new
-rw-r--r-- root/root     12372 2022-07-18 13:49 etc/libvirt/virtinterfaced.conf.new
-rw-r--r-- root/root      3058 2022-03-01 11:08 etc/libvirt/virtlockd.conf.new
-rw-r--r-- root/root      3537 2022-03-01 11:08 etc/libvirt/virtlogd.conf.new
-rw-r--r-- root/root     12342 2022-07-18 13:49 etc/libvirt/virtlxcd.conf.new
-rw-r--r-- root/root     12362 2022-07-18 13:49 etc/libvirt/virtnetworkd.conf.new
-rw-r--r-- root/root     12362 2022-07-18 13:49 etc/libvirt/virtnodedevd.conf.new
-rw-r--r-- root/root     12367 2022-07-18 13:49 etc/libvirt/virtnwfilterd.conf.new
-rw-r--r-- root/root     17609 2022-07-18 13:49 etc/libvirt/virtproxyd.conf.new
-rw-r--r-- root/root     12347 2022-07-18 13:49 etc/libvirt/virtqemud.conf.new
-rw-r--r-- root/root     12357 2022-07-18 13:49 etc/libvirt/virtsecretd.conf.new
-rw-r--r-- root/root     12362 2022-07-18 13:49 etc/libvirt/virtstoraged.conf.new
-rw-r--r-- root/root     12347 2022-07-18 13:49 etc/libvirt/virtvboxd.conf.new
drwxr-xr-x root/root         0 2022-07-18 13:53 etc/logrotate.d/
-rw-r--r-- root/root       149 2022-07-18 13:49 etc/logrotate.d/libvirtd.libxl.new
-rw-r--r-- root/root       147 2022-07-18 13:49 etc/logrotate.d/libvirtd.lxc.new
-rw-r--r-- root/root       165 2022-07-18 13:49 etc/logrotate.d/libvirtd.new
-rw-r--r-- root/root       540 2022-07-18 13:49 etc/logrotate.d/libvirtd.qemu.new
drwxr-xr-x root/root         0 2022-07-18 13:53 etc/rc.d/
-rwxr-xr-x root/root      5857 2022-07-18 13:53 etc/rc.d/rc.libvirt.new
drwxr-xr-x root/root         0 2022-07-18 13:53 etc/sasl2/
-rw-r--r-- root/root      1718 2022-03-01 11:08 etc/sasl2/libvirt.conf.new
drwxr-xr-x root/root         0 2022-07-18 13:53 etc/sysctl.d/
-rw-r--r-- root/root       499 2022-03-01 11:08 etc/sysctl.d/60-libvirtd.conf.new
drwxr-xr-x root/root         0 2022-07-18 13:53 install/
-rw-r--r-- root/root      3903 2022-07-18 13:53 install/doinst.sh
-rw-r--r-- root/root       765 2022-07-18 13:53 install/slack-desc
drwxr-xr-x root/root         0 2022-07-18 13:53 usr/
drwxr-xr-x root/root         0 2022-07-18 13:53 usr/bin/
-rwxr-xr-x root/root    911256 2022-07-18 13:53 usr/bin/virsh
-rwxr-xr-x root/root    104632 2022-07-18 13:53 usr/bin/virt-admin
-rwxr-xr-x root/root     26832 2022-07-18 13:53 usr/bin/virt-host-validate
-rwxr-xr-x root/root     14512 2022-07-18 13:53 usr/bin/virt-login-shell
-rwxr-xr-x root/root     14392 2022-07-18 13:53 usr/bin/virt-pki-query-dn
-rwxrwxr-x root/root      9772 2022-07-18 13:49 usr/bin/virt-pki-validate
-rwxr-xr-x root/root     22592 2022-07-18 13:53 usr/bin/virt-qemu-run
-rwxr-xr-x root/root     30896 2022-07-18 13:53 usr/bin/virt-ssh-helper
-rwxrwxr-x root/root      2840 2022-07-18 13:49 usr/bin/virt-xml-validate
drwxr-xr-x root/root         0 2022-07-18 13:53 usr/doc/
drwxr-xr-x root/root         0 2022-07-18 13:53 usr/doc/libvirt-8.1.0/
-rw-r--r-- root/root     35565 2022-03-01 11:08 usr/doc/libvirt-8.1.0/AUTHORS.rst
-rw-r--r-- root/root      1057 2022-03-01 11:08 usr/doc/libvirt-8.1.0/CONTRIBUTING.rst
-rw-r--r-- root/root     18092 2022-03-01 11:08 usr/doc/libvirt-8.1.0/COPYING
-rw-r--r-- root/root     26521 2022-03-01 11:08 usr/doc/libvirt-8.1.0/COPYING.LESSER
-rw-r--r-- root/root    191900 2022-03-01 11:08 usr/doc/libvirt-8.1.0/NEWS.rst
-rw-r--r-- root/root      2450 2022-03-01 11:08 usr/doc/libvirt-8.1.0/README.rst
drwxr-xr-x root/root         0 2022-07-18 13:53 usr/doc/libvirt-8.1.0/examples/
drwxr-xr-x root/root         0 2022-07-18 13:53 usr/doc/libvirt-8.1.0/examples/c/
drwxr-xr-x root/root         0 2022-07-18 13:53 usr/doc/libvirt-8.1.0/examples/c/admin/
-rw-r--r-- root/root      1998 2022-03-01 11:08 usr/doc/libvirt-8.1.0/examples/c/admin/client_close.c
-rw-r--r-- root/root      4885 2022-03-01 11:08 usr/doc/libvirt-8.1.0/examples/c/admin/client_info.c
-rw-r--r-- root/root      1886 2022-03-01 11:08 usr/doc/libvirt-8.1.0/examples/c/admin/client_limits.c
-rw-r--r-- root/root      3347 2022-03-01 11:08 usr/doc/libvirt-8.1.0/examples/c/admin/list_clients.c
-rw-r--r-- root/root      1297 2022-03-01 11:08 usr/doc/libvirt-8.1.0/examples/c/admin/list_servers.c
-rw-r--r-- root/root      2834 2022-03-01 11:08 usr/doc/libvirt-8.1.0/examples/c/admin/logging.c
-rw-r--r-- root/root      2075 2022-03-01 11:08 usr/doc/libvirt-8.1.0/examples/c/admin/threadpool_params.c
drwxr-xr-x root/root         0 2022-07-18 13:53 usr/doc/libvirt-8.1.0/examples/c/domain/
-rw-r--r-- root/root      2451 2022-03-01 11:08 usr/doc/libvirt-8.1.0/examples/c/domain/dommigrate.c
-rw-r--r-- root/root     11550 2022-03-01 11:08 usr/doc/libvirt-8.1.0/examples/c/domain/domtop.c
-rw-r--r-- root/root      1624 2022-03-01 11:08 usr/doc/libvirt-8.1.0/examples/c/domain/info1.c
-rw-r--r-- root/root      2069 2022-03-01 11:08 usr/doc/libvirt-8.1.0/examples/c/domain/rename.c
-rw-r--r-- root/root      7443 2022-03-01 11:08 usr/doc/libvirt-8.1.0/examples/c/domain/suspend.c
drwxr-xr-x root/root         0 2022-07-18 13:53 usr/doc/libvirt-8.1.0/examples/c/misc/
-rw-r--r-- root/root     41887 2022-03-01 11:08 usr/doc/libvirt-8.1.0/examples/c/misc/event-test.c
-rw-r--r-- root/root      4539 2022-03-01 11:08 usr/doc/libvirt-8.1.0/examples/c/misc/hellolibvirt.c
-rw-r--r-- root/root      6656 2022-03-01 11:08 usr/doc/libvirt-8.1.0/examples/c/misc/openauth.c
drwxr-xr-x root/root         0 2022-07-18 13:53 usr/doc/libvirt-8.1.0/examples/polkit/
-rw-r--r-- root/root      3881 2022-03-01 11:08 usr/doc/libvirt-8.1.0/examples/polkit/libvirt-acl.rules
drwxr-xr-x root/root         0 2022-07-18 13:53 usr/doc/libvirt-8.1.0/examples/sh/
-rw-r--r-- root/root      3458 2022-03-01 11:08 usr/doc/libvirt-8.1.0/examples/sh/virt-lxc-convert
drwxr-xr-x root/root         0 2022-07-18 13:53 usr/doc/libvirt-8.1.0/examples/systemtap/
-rw-r--r-- root/root      3273 2022-03-01 11:08 usr/doc/libvirt-8.1.0/examples/systemtap/events.stp
-rw-r--r-- root/root      2699 2022-03-01 11:08 usr/doc/libvirt-8.1.0/examples/systemtap/lock-debug.stp
-rw-r--r-- root/root      3233 2022-03-01 11:08 usr/doc/libvirt-8.1.0/examples/systemtap/qemu-monitor.stp
-rw-r--r-- root/root      5722 2022-03-01 11:08 usr/doc/libvirt-8.1.0/examples/systemtap/rpc-monitor.stp
drwxr-xr-x root/root         0 2022-07-18 13:53 usr/doc/libvirt-8.1.0/examples/xml/
drwxr-xr-x root/root         0 2022-07-18 13:53 usr/doc/libvirt-8.1.0/examples/xml/storage/
-rw-r--r-- root/root       113 2022-03-01 11:08 usr/doc/libvirt-8.1.0/examples/xml/storage/pool-dir.xml
-rw-r--r-- root/root       344 2022-03-01 11:08 usr/doc/libvirt-8.1.0/examples/xml/storage/pool-fs.xml
-rw-r--r-- root/root       158 2022-03-01 11:08 usr/doc/libvirt-8.1.0/examples/xml/storage/pool-logical.xml
-rw-r--r-- root/root       373 2022-03-01 11:08 usr/doc/libvirt-8.1.0/examples/xml/storage/pool-netfs.xml
-rw-r--r-- root/root       165 2022-03-01 11:08 usr/doc/libvirt-8.1.0/examples/xml/storage/vol-cow.xml
-rw-r--r-- root/root       167 2022-03-01 11:08 usr/doc/libvirt-8.1.0/examples/xml/storage/vol-qcow.xml
-rw-r--r-- root/root       169 2022-03-01 11:08 usr/doc/libvirt-8.1.0/examples/xml/storage/vol-qcow2.xml
-rw-r--r-- root/root       178 2022-03-01 11:08 usr/doc/libvirt-8.1.0/examples/xml/storage/vol-raw.xml
-rw-r--r-- root/root       168 2022-03-01 11:08 usr/doc/libvirt-8.1.0/examples/xml/storage/vol-sparse.xml
-rw-r--r-- root/root       168 2022-03-01 11:08 usr/doc/libvirt-8.1.0/examples/xml/storage/vol-vmdk.xml
drwxr-xr-x root/root         0 2022-07-18 13:53 usr/doc/libvirt-8.1.0/examples/xml/test/
-rw-r--r-- root/root       426 2022-03-01 11:08 usr/doc/libvirt-8.1.0/examples/xml/test/testdev.xml
-rw-r--r-- root/root       828 2022-03-01 11:08 usr/doc/libvirt-8.1.0/examples/xml/test/testdomfc4.xml
-rw-r--r-- root/root      1339 2022-03-01 11:08 usr/doc/libvirt-8.1.0/examples/xml/test/testdomfv0.xml
-rw-r--r-- root/root       292 2022-03-01 11:08 usr/doc/libvirt-8.1.0/examples/xml/test/testnetdef.xml
-rw-r--r-- root/root       265 2022-03-01 11:08 usr/doc/libvirt-8.1.0/examples/xml/test/testnetpriv.xml
-rw-r--r-- root/root       801 2022-03-01 11:08 usr/doc/libvirt-8.1.0/examples/xml/test/testnode.xml
-rw-r--r-- root/root      5275 2022-03-01 11:08 usr/doc/libvirt-8.1.0/examples/xml/test/testnodeinline.xml
-rw-r--r-- root/root       378 2022-03-01 11:08 usr/doc/libvirt-8.1.0/examples/xml/test/testpool.xml
-rw-r--r-- root/root       122 2022-03-01 11:08 usr/doc/libvirt-8.1.0/examples/xml/test/testvol.xml
drwxr-xr-x root/root         0 2022-07-18 13:53 usr/doc/libvirt-8.1.0/html/
-rw-r--r-- root/root      4398 2022-07-18 13:52 usr/doc/libvirt-8.1.0/html/404.html
-rw-r--r-- root/root     25565 2022-07-18 13:53 usr/doc/libvirt-8.1.0/html/acl.html
-rw-r--r-- root/root     22758 2022-07-18 13:53 usr/doc/libvirt-8.1.0/html/aclpolkit.html
-rw-r--r-- root/root     11262 2022-07-18 13:53 usr/doc/libvirt-8.1.0/html/advanced-tests.html
-rw-r--r-- root/root     13057 2022-03-01 11:08 usr/doc/libvirt-8.1.0/html/android-chrome-192x192.png
-rw-r--r-- root/root     16597 2022-03-01 11:08 usr/doc/libvirt-8.1.0/html/android-chrome-256x256.png
-rw-r--r-- root/root     20089 2022-07-18 13:53 usr/doc/libvirt-8.1.0/html/api.html
-rw-r--r-- root/root     19981 2022-07-18 13:53 usr/doc/libvirt-8.1.0/html/api_extension.html
-rw-r--r-- root/root     10489 2022-03-01 11:08 usr/doc/libvirt-8.1.0/html/apple-touch-icon.png
-rw-r--r-- root/root     26478 2022-07-18 13:53 usr/doc/libvirt-8.1.0/html/apps.html
-rw-r--r-- root/root     23890 2022-07-18 13:53 usr/doc/libvirt-8.1.0/html/auditlog.html
-rw-r--r-- root/root     21307 2022-07-18 13:53 usr/doc/libvirt-8.1.0/html/auth.html
-rw-r--r-- root/root      5872 2022-07-18 13:53 usr/doc/libvirt-8.1.0/html/best-practices.html
-rw-r--r-- root/root      7071 2022-07-18 13:53 usr/doc/libvirt-8.1.0/html/bindings.html
-rw-r--r-- root/root       246 2022-03-01 11:08 usr/doc/libvirt-8.1.0/html/browserconfig.xml
-rw-r--r-- root/root     11565 2022-07-18 13:52 usr/doc/libvirt-8.1.0/html/bugs.html
-rw-r--r-- root/root     20686 2022-07-18 13:52 usr/doc/libvirt-8.1.0/html/cgroups.html
-rw-r--r-- root/root     15735 2022-07-18 13:53 usr/doc/libvirt-8.1.0/html/ci.html
-rw-r--r-- root/root     41660 2022-07-18 13:53 usr/doc/libvirt-8.1.0/html/coding-style.html
-rw-r--r-- root/root      5577 2022-07-18 13:53 usr/doc/libvirt-8.1.0/html/committer-guidelines.html
-rw-r--r-- root/root      7639 2022-07-18 13:53 usr/doc/libvirt-8.1.0/html/compiling.html
-rw-r--r-- root/root      8727 2022-07-18 13:52 usr/doc/libvirt-8.1.0/html/contact.html
-rw-r--r-- root/root     11686 2022-07-18 13:52 usr/doc/libvirt-8.1.0/html/contribute.html
-rw-r--r-- root/root     49870 2022-07-18 13:52 usr/doc/libvirt-8.1.0/html/csharp.html
drwxr-xr-x root/root         0 2022-07-18 13:53 usr/doc/libvirt-8.1.0/html/css/
-rw-r--r-- root/root      1392 2022-03-01 11:08 usr/doc/libvirt-8.1.0/html/css/fonts.css
-rw-r--r-- root/root       951 2022-03-01 11:08 usr/doc/libvirt-8.1.0/html/css/generic.css
-rw-r--r-- root/root      9700 2022-03-01 11:08 usr/doc/libvirt-8.1.0/html/css/libvirt.css
-rw-r--r-- root/root       101 2022-03-01 11:08 usr/doc/libvirt-8.1.0/html/css/main.css
-rw-r--r-- root/root      1711 2022-03-01 11:08 usr/doc/libvirt-8.1.0/html/css/mobile.css
-rw-r--r-- root/root     53521 2022-07-18 13:53 usr/doc/libvirt-8.1.0/html/daemons.html
-rw-r--r-- root/root      7163 2022-07-18 13:52 usr/doc/libvirt-8.1.0/html/dbus.html
-rw-r--r-- root/root      4571 2022-07-18 13:53 usr/doc/libvirt-8.1.0/html/developer-tooling.html
-rw-r--r-- root/root      5639 2022-07-18 13:52 usr/doc/libvirt-8.1.0/html/devguide.html
-rw-r--r-- root/root     11540 2022-07-18 13:52 usr/doc/libvirt-8.1.0/html/docs.html
-rw-r--r-- root/root     28792 2022-07-18 13:52 usr/doc/libvirt-8.1.0/html/downloads.html
-rw-r--r-- root/root      5751 2022-07-18 13:52 usr/doc/libvirt-8.1.0/html/drivers.html
-rw-r--r-- root/root     27943 2022-07-18 13:52 usr/doc/libvirt-8.1.0/html/drvbhyve.html
-rw-r--r-- root/root      6258 2022-07-18 13:53 usr/doc/libvirt-8.1.0/html/drvch.html
-rw-r--r-- root/root     40656 2022-07-18 13:52 usr/doc/libvirt-8.1.0/html/drvesx.html
-rw-r--r-- root/root     10004 2022-07-18 13:52 usr/doc/libvirt-8.1.0/html/drvhyperv.html
-rw-r--r-- root/root     39003 2022-07-18 13:52 usr/doc/libvirt-8.1.0/html/drvlxc.html
-rw-r--r-- root/root     20804 2022-07-18 13:52 usr/doc/libvirt-8.1.0/html/drvnodedev.html
-rw-r--r-- root/root      9211 2022-07-18 13:52 usr/doc/libvirt-8.1.0/html/drvopenvz.html
-rw-r--r-- root/root     43606 2022-07-18 13:53 usr/doc/libvirt-8.1.0/html/drvqemu.html
-rw-r--r-- root/root      3963 2022-07-18 13:52 usr/doc/libvirt-8.1.0/html/drvremote.html
-rw-r--r-- root/root      6829 2022-07-18 13:53 usr/doc/libvirt-8.1.0/html/drvsecret.html
-rw-r--r-- root/root      4753 2022-07-18 13:53 usr/doc/libvirt-8.1.0/html/drvtest.html
-rw-r--r-- root/root      9254 2022-07-18 13:53 usr/doc/libvirt-8.1.0/html/drvvbox.html
-rw-r--r-- root/root      6620 2022-07-18 13:53 usr/doc/libvirt-8.1.0/html/drvvirtuozzo.html
-rw-r--r-- root/root      6776 2022-07-18 13:53 usr/doc/libvirt-8.1.0/html/drvvmware.html
-rw-r--r-- root/root     18505 2022-07-18 13:53 usr/doc/libvirt-8.1.0/html/drvxen.html
-rw-r--r-- root/root      9363 2022-07-18 13:53 usr/doc/libvirt-8.1.0/html/errors.html
-rw-r--r-- root/root       872 2022-03-01 11:08 usr/doc/libvirt-8.1.0/html/favicon-16x16.png
-rw-r--r-- root/root      1793 2022-03-01 11:08 usr/doc/libvirt-8.1.0/html/favicon-32x32.png
-rw-r--r-- root/root     15086 2022-03-01 11:08 usr/doc/libvirt-8.1.0/html/favicon.ico
-rw-r--r-- root/root     30115 2022-07-18 13:53 usr/doc/libvirt-8.1.0/html/firewall.html
drwxr-xr-x root/root         0 2022-07-18 13:53 usr/doc/libvirt-8.1.0/html/fonts/
-rw-r--r-- root/root      4383 2022-03-01 11:08 usr/doc/libvirt-8.1.0/html/fonts/LICENSE.rst
-rw-r--r-- root/root     46524 2022-03-01 11:08 usr/doc/libvirt-8.1.0/html/fonts/overpass-bold-italic.woff
-rw-r--r-- root/root     43612 2022-03-01 11:08 usr/doc/libvirt-8.1.0/html/fonts/overpass-bold.woff
-rw-r--r-- root/root     46744 2022-03-01 11:08 usr/doc/libvirt-8.1.0/html/fonts/overpass-italic.woff
-rw-r--r-- root/root     45844 2022-03-01 11:08 usr/doc/libvirt-8.1.0/html/fonts/overpass-light-italic.woff
-rw-r--r-- root/root     43576 2022-03-01 11:08 usr/doc/libvirt-8.1.0/html/fonts/overpass-light.woff
-rw-r--r-- root/root     67472 2022-03-01 11:08 usr/doc/libvirt-8.1.0/html/fonts/overpass-mono-bold.woff
-rw-r--r-- root/root     65780 2022-03-01 11:08 usr/doc/libvirt-8.1.0/html/fonts/overpass-mono-light.woff
-rw-r--r-- root/root     67420 2022-03-01 11:08 usr/doc/libvirt-8.1.0/html/fonts/overpass-mono-regular.woff
-rw-r--r-- root/root     67324 2022-03-01 11:08 usr/doc/libvirt-8.1.0/html/fonts/overpass-mono-semibold.woff
-rw-r--r-- root/root     44272 2022-03-01 11:08 usr/doc/libvirt-8.1.0/html/fonts/overpass-regular.woff
-rw-r--r-- root/root      5641 2022-07-18 13:53 usr/doc/libvirt-8.1.0/html/format.html
-rw-r--r-- root/root     14688 2022-07-18 13:53 usr/doc/libvirt-8.1.0/html/formatbackup.html
-rw-r--r-- root/root     13920 2022-07-18 13:53 usr/doc/libvirt-8.1.0/html/formatcaps.html
-rw-r--r-- root/root     13716 2022-07-18 13:53 usr/doc/libvirt-8.1.0/html/formatcheckpoint.html
-rw-r--r-- root/root    515291 2022-07-18 13:53 usr/doc/libvirt-8.1.0/html/formatdomain.html
-rw-r--r-- root/root     33597 2022-07-18 13:53 usr/doc/libvirt-8.1.0/html/formatdomaincaps.html
-rw-r--r-- root/root     77672 2022-07-18 13:53 usr/doc/libvirt-8.1.0/html/formatnetwork.html
-rw-r--r-- root/root     13410 2022-07-18 13:53 usr/doc/libvirt-8.1.0/html/formatnetworkport.html
-rw-r--r-- root/root     35813 2022-07-18 13:53 usr/doc/libvirt-8.1.0/html/formatnode.html
-rw-r--r-- root/root     99865 2022-07-18 13:53 usr/doc/libvirt-8.1.0/html/formatnwfilter.html
-rw-r--r-- root/root     20384 2022-07-18 13:53 usr/doc/libvirt-8.1.0/html/formatsecret.html
-rw-r--r-- root/root     21033 2022-07-18 13:53 usr/doc/libvirt-8.1.0/html/formatsnapshot.html
-rw-r--r-- root/root     55880 2022-07-18 13:53 usr/doc/libvirt-8.1.0/html/formatstorage.html
-rw-r--r-- root/root      7605 2022-07-18 13:53 usr/doc/libvirt-8.1.0/html/formatstoragecaps.html
-rw-r--r-- root/root     13523 2022-07-18 13:53 usr/doc/libvirt-8.1.0/html/formatstorageencryption.html
-rw-r--r-- root/root      7448 2022-07-18 13:53 usr/doc/libvirt-8.1.0/html/glib-adoption.html
drwxr-xr-x root/root         0 2022-07-18 13:53 usr/doc/libvirt-8.1.0/html/go/
-rw-r--r-- root/root      5225 2022-07-18 13:53 usr/doc/libvirt-8.1.0/html/go/libvirt.html
-rw-r--r-- root/root      5073 2022-07-18 13:53 usr/doc/libvirt-8.1.0/html/go/libvirtxml.html
-rw-r--r-- root/root      7407 2022-07-18 13:53 usr/doc/libvirt-8.1.0/html/goals.html
-rw-r--r-- root/root     19881 2022-07-18 13:53 usr/doc/libvirt-8.1.0/html/governance.html
-rw-r--r-- root/root      7507 2022-07-18 13:53 usr/doc/libvirt-8.1.0/html/hacking.html
-rw-r--r-- root/root     28792 2022-07-18 13:53 usr/doc/libvirt-8.1.0/html/hooks.html
drwxr-xr-x root/root         0 2022-07-18 13:53 usr/doc/libvirt-8.1.0/html/html/
-rw-r--r-- root/root       654 2022-03-01 11:08 usr/doc/libvirt-8.1.0/html/html/home.png
-rw-r--r-- root/root      3930 2022-07-18 13:53 usr/doc/libvirt-8.1.0/html/html/index-admin.html
-rw-r--r-- root/root      3901 2022-07-18 13:53 usr/doc/libvirt-8.1.0/html/html/index-lxc.html
-rw-r--r-- root/root      3906 2022-07-18 13:53 usr/doc/libvirt-8.1.0/html/html/index-qemu.html
-rw-r--r-- root/root      5446 2022-07-18 13:53 usr/doc/libvirt-8.1.0/html/html/index.html
-rw-r--r-- root/root       459 2022-03-01 11:08 usr/doc/libvirt-8.1.0/html/html/left.png
-rw-r--r-- root/root     76658 2022-07-18 13:53 usr/doc/libvirt-8.1.0/html/html/libvirt-libvirt-admin.html
-rw-r--r-- root/root     58484 2022-07-18 13:53 usr/doc/libvirt-8.1.0/html/html/libvirt-libvirt-common.html
-rw-r--r-- root/root     41444 2022-07-18 13:53 usr/doc/libvirt-8.1.0/html/html/libvirt-libvirt-domain-checkpoint.html
-rw-r--r-- root/root     76230 2022-07-18 13:53 usr/doc/libvirt-8.1.0/html/html/libvirt-libvirt-domain-snapshot.html
-rw-r--r-- root/root   1009416 2022-07-18 13:53 usr/doc/libvirt-8.1.0/html/html/libvirt-libvirt-domain.html
-rw-r--r-- root/root     35481 2022-07-18 13:53 usr/doc/libvirt-8.1.0/html/html/libvirt-libvirt-event.html
-rw-r--r-- root/root    147184 2022-07-18 13:53 usr/doc/libvirt-8.1.0/html/html/libvirt-libvirt-host.html
-rw-r--r-- root/root     43018 2022-07-18 13:53 usr/doc/libvirt-8.1.0/html/html/libvirt-libvirt-interface.html
-rw-r--r-- root/root     12078 2022-07-18 13:53 usr/doc/libvirt-8.1.0/html/html/libvirt-libvirt-lxc.html
-rw-r--r-- root/root    111570 2022-07-18 13:53 usr/doc/libvirt-8.1.0/html/html/libvirt-libvirt-network.html
-rw-r--r-- root/root     66194 2022-07-18 13:53 usr/doc/libvirt-8.1.0/html/html/libvirt-libvirt-nodedev.html
-rw-r--r-- root/root     44256 2022-07-18 13:53 usr/doc/libvirt-8.1.0/html/html/libvirt-libvirt-nwfilter.html
-rw-r--r-- root/root     24789 2022-07-18 13:53 usr/doc/libvirt-8.1.0/html/html/libvirt-libvirt-qemu.html
-rw-r--r-- root/root     52218 2022-07-18 13:53 usr/doc/libvirt-8.1.0/html/html/libvirt-libvirt-secret.html
-rw-r--r-- root/root    147252 2022-07-18 13:53 usr/doc/libvirt-8.1.0/html/html/libvirt-libvirt-storage.html
-rw-r--r-- root/root     57240 2022-07-18 13:53 usr/doc/libvirt-8.1.0/html/html/libvirt-libvirt-stream.html
-rw-r--r-- root/root     90528 2022-07-18 13:53 usr/doc/libvirt-8.1.0/html/html/libvirt-virterror.html
-rw-r--r-- root/root       472 2022-03-01 11:08 usr/doc/libvirt-8.1.0/html/html/right.png
-rw-r--r-- root/root       406 2022-03-01 11:08 usr/doc/libvirt-8.1.0/html/html/up.png
-rw-r--r-- root/root    114597 2022-07-18 13:53 usr/doc/libvirt-8.1.0/html/hvsupport.html
drwxr-xr-x root/root         0 2022-07-18 13:53 usr/doc/libvirt-8.1.0/html/images/
-rw-r--r-- root/root     16043 2022-03-01 11:08 usr/doc/libvirt-8.1.0/html/images/event_loop_simple.png
-rw-r--r-- root/root     29696 2022-03-01 11:08 usr/doc/libvirt-8.1.0/html/images/event_loop_worker.png
-rw-r--r-- root/root     11624 2022-03-01 11:08 usr/doc/libvirt-8.1.0/html/images/libvirt-daemon-arch.png
-rw-r--r-- root/root     12555 2022-03-01 11:08 usr/doc/libvirt-8.1.0/html/images/libvirt-driver-arch.png
-rw-r--r-- root/root      9559 2022-03-01 11:08 usr/doc/libvirt-8.1.0/html/images/libvirt-object-model.png
-rw-r--r-- root/root     10464 2022-03-01 11:08 usr/doc/libvirt-8.1.0/html/images/libvirt-virConnect-example.png
-rw-r--r-- root/root      3901 2022-03-01 11:08 usr/doc/libvirt-8.1.0/html/images/migration-managed-direct.png
-rw-r--r-- root/root      4004 2022-03-01 11:08 usr/doc/libvirt-8.1.0/html/images/migration-managed-p2p.png
-rw-r--r-- root/root      2173 2022-03-01 11:08 usr/doc/libvirt-8.1.0/html/images/migration-native.png
-rw-r--r-- root/root      2237 2022-03-01 11:08 usr/doc/libvirt-8.1.0/html/images/migration-tunnel.png
-rw-r--r-- root/root      3951 2022-03-01 11:08 usr/doc/libvirt-8.1.0/html/images/migration-unmanaged-direct.png
-rw-r--r-- root/root      7052 2022-07-18 13:53 usr/doc/libvirt-8.1.0/html/index.html
drwxr-xr-x root/root         0 2022-07-18 13:53 usr/doc/libvirt-8.1.0/html/internals/
-rw-r--r-- root/root      9992 2022-07-18 13:53 usr/doc/libvirt-8.1.0/html/internals.html
-rw-r--r-- root/root     26235 2022-07-18 13:53 usr/doc/libvirt-8.1.0/html/internals/command.html
-rw-r--r-- root/root      8779 2022-07-18 13:53 usr/doc/libvirt-8.1.0/html/internals/eventloop.html
-rw-r--r-- root/root     13085 2022-07-18 13:53 usr/doc/libvirt-8.1.0/html/internals/locking.html
-rw-r--r-- root/root     46235 2022-07-18 13:53 usr/doc/libvirt-8.1.0/html/internals/rpc.html
-rw-r--r-- root/root      9342 2022-07-18 13:53 usr/doc/libvirt-8.1.0/html/java.html
drwxr-xr-x root/root         0 2022-07-18 13:53 usr/doc/libvirt-8.1.0/html/js/
-rw-r--r-- root/root      4550 2022-03-01 11:08 usr/doc/libvirt-8.1.0/html/js/main.js
drwxr-xr-x root/root         0 2022-07-18 13:53 usr/doc/libvirt-8.1.0/html/kbase/
-rw-r--r-- root/root     16109 2022-07-18 13:53 usr/doc/libvirt-8.1.0/html/kbase/backing_chains.html
-rw-r--r-- root/root     24909 2022-07-18 13:53 usr/doc/libvirt-8.1.0/html/kbase/debuglogs.html
-rw-r--r-- root/root     19769 2022-07-18 13:53 usr/doc/libvirt-8.1.0/html/kbase/domainstatecapture.html
-rw-r--r-- root/root     18882 2022-07-18 13:53 usr/doc/libvirt-8.1.0/html/kbase/incrementalbackupinternals.html
-rw-r--r-- root/root      7783 2022-07-18 13:53 usr/doc/libvirt-8.1.0/html/kbase/index.html
-rw-r--r-- root/root     14375 2022-07-18 13:53 usr/doc/libvirt-8.1.0/html/kbase/kvm-realtime.html
-rw-r--r-- root/root     25568 2022-07-18 13:53 usr/doc/libvirt-8.1.0/html/kbase/launch_security_sev.html
-rw-r--r-- root/root     12758 2022-07-18 13:53 usr/doc/libvirt-8.1.0/html/kbase/live_full_disk_backup.html
-rw-r--r-- root/root     10451 2022-07-18 13:53 usr/doc/libvirt-8.1.0/html/kbase/locking-lockd.html
-rw-r--r-- root/root     13261 2022-07-18 13:53 usr/doc/libvirt-8.1.0/html/kbase/locking-sanlock.html
-rw-r--r-- root/root      5654 2022-07-18 13:53 usr/doc/libvirt-8.1.0/html/kbase/locking.html
-rw-r--r-- root/root     11310 2022-07-18 13:53 usr/doc/libvirt-8.1.0/html/kbase/memorydevices.html
-rw-r--r-- root/root     13493 2022-07-18 13:53 usr/doc/libvirt-8.1.0/html/kbase/merging_disk_image_chains.html
-rw-r--r-- root/root     14859 2022-07-18 13:53 usr/doc/libvirt-8.1.0/html/kbase/migrationinternals.html
-rw-r--r-- root/root     10184 2022-07-18 13:53 usr/doc/libvirt-8.1.0/html/kbase/qemu-core-dump.html
-rw-r--r-- root/root     13351 2022-07-18 13:53 usr/doc/libvirt-8.1.0/html/kbase/qemu-passthrough-security.html
-rw-r--r-- root/root     20431 2022-07-18 13:53 usr/doc/libvirt-8.1.0/html/kbase/rpm-deployment.html
-rw-r--r-- root/root     14431 2022-07-18 13:53 usr/doc/libvirt-8.1.0/html/kbase/s390_protected_virt.html
-rw-r--r-- root/root     11965 2022-07-18 13:53 usr/doc/libvirt-8.1.0/html/kbase/secureusage.html
-rw-r--r-- root/root      9085 2022-07-18 13:53 usr/doc/libvirt-8.1.0/html/kbase/systemtap.html
-rw-r--r-- root/root     11257 2022-07-18 13:53 usr/doc/libvirt-8.1.0/html/kbase/virtiofs.html
-rw-r--r-- root/root      5466 2022-07-18 13:53 usr/doc/libvirt-8.1.0/html/libvirt-go-xml.html
-rw-r--r-- root/root      5601 2022-07-18 13:53 usr/doc/libvirt-8.1.0/html/libvirt-go.html
-rw-r--r-- root/root     16968 2022-07-18 13:53 usr/doc/libvirt-8.1.0/html/logging.html
drwxr-xr-x root/root         0 2022-07-18 13:53 usr/doc/libvirt-8.1.0/html/logos/
-rw-r--r-- root/root     16093 2022-03-01 11:08 usr/doc/libvirt-8.1.0/html/logos/logo-banner-dark-256.png
-rw-r--r-- root/root     64715 2022-03-01 11:08 usr/doc/libvirt-8.1.0/html/logos/logo-banner-dark-800.png
-rw-r--r-- root/root     36078 2022-03-01 11:08 usr/doc/libvirt-8.1.0/html/logos/logo-banner-dark.svg
-rw-r--r-- root/root     16106 2022-03-01 11:08 usr/doc/libvirt-8.1.0/html/logos/logo-banner-light-256.png
-rw-r--r-- root/root     64942 2022-03-01 11:08 usr/doc/libvirt-8.1.0/html/logos/logo-banner-light-800.png
-rw-r--r-- root/root     35496 2022-03-01 11:08 usr/doc/libvirt-8.1.0/html/logos/logo-banner-light.svg
-rw-r--r-- root/root     36395 2022-03-01 11:08 usr/doc/libvirt-8.1.0/html/logos/logo-base.svg
-rw-r--r-- root/root     20074 2022-03-01 11:08 usr/doc/libvirt-8.1.0/html/logos/logo-square-128.png
-rw-r--r-- root/root     38361 2022-03-01 11:08 usr/doc/libvirt-8.1.0/html/logos/logo-square-192.png
-rw-r--r-- root/root     52107 2022-03-01 11:08 usr/doc/libvirt-8.1.0/html/logos/logo-square-256.png
-rw-r--r-- root/root     13749 2022-03-01 11:08 usr/doc/libvirt-8.1.0/html/logos/logo-square-96.png
-rw-r--r-- root/root     21521 2022-03-01 11:08 usr/doc/libvirt-8.1.0/html/logos/logo-square-powered-128.png
-rw-r--r-- root/root     41246 2022-03-01 11:08 usr/doc/libvirt-8.1.0/html/logos/logo-square-powered-192.png
-rw-r--r-- root/root     55839 2022-03-01 11:08 usr/doc/libvirt-8.1.0/html/logos/logo-square-powered-256.png
-rw-r--r-- root/root     14683 2022-03-01 11:08 usr/doc/libvirt-8.1.0/html/logos/logo-square-powered-96.png
-rw-r--r-- root/root     39058 2022-03-01 11:08 usr/doc/libvirt-8.1.0/html/logos/logo-square-powered.svg
-rw-r--r-- root/root     39251 2022-03-01 11:08 usr/doc/libvirt-8.1.0/html/logos/logo-square.svg
-rw-r--r-- root/root     50660 2022-03-01 11:08 usr/doc/libvirt-8.1.0/html/logos/logo-sticker-hexagon.svg
-rw-r--r-- root/root     44493 2022-03-01 11:08 usr/doc/libvirt-8.1.0/html/logos/logo-sticker-square.svg
-rw-r--r-- root/root      5409 2022-07-18 13:53 usr/doc/libvirt-8.1.0/html/macos.html
-rw-r--r-- root/root       411 2022-03-01 11:08 usr/doc/libvirt-8.1.0/html/manifest.json
drwxr-xr-x root/root         0 2022-07-18 13:53 usr/doc/libvirt-8.1.0/html/manpages/
-rw-r--r-- root/root      9060 2022-07-18 13:53 usr/doc/libvirt-8.1.0/html/manpages/index.html
-rw-r--r-- root/root     11323 2022-07-18 13:53 usr/doc/libvirt-8.1.0/html/manpages/libvirt-guests.html
-rw-r--r-- root/root     18682 2022-07-18 13:53 usr/doc/libvirt-8.1.0/html/manpages/libvirtd.html
-rw-r--r-- root/root     17912 2022-07-18 13:53 usr/doc/libvirt-8.1.0/html/manpages/virkeycode-atset1.html
-rw-r--r-- root/root     12517 2022-07-18 13:53 usr/doc/libvirt-8.1.0/html/manpages/virkeycode-atset2.html
-rw-r--r-- root/root     12147 2022-07-18 13:53 usr/doc/libvirt-8.1.0/html/manpages/virkeycode-atset3.html
-rw-r--r-- root/root     29614 2022-07-18 13:53 usr/doc/libvirt-8.1.0/html/manpages/virkeycode-linux.html
-rw-r--r-- root/root     10900 2022-07-18 13:53 usr/doc/libvirt-8.1.0/html/manpages/virkeycode-osx.html
-rw-r--r-- root/root     17480 2022-07-18 13:53 usr/doc/libvirt-8.1.0/html/manpages/virkeycode-qnum.html
-rw-r--r-- root/root     13643 2022-07-18 13:53 usr/doc/libvirt-8.1.0/html/manpages/virkeycode-usb.html
-rw-r--r-- root/root     12518 2022-07-18 13:53 usr/doc/libvirt-8.1.0/html/manpages/virkeycode-win32.html
-rw-r--r-- root/root     17553 2022-07-18 13:53 usr/doc/libvirt-8.1.0/html/manpages/virkeycode-xtkbd.html
-rw-r--r-- root/root     30017 2022-07-18 13:53 usr/doc/libvirt-8.1.0/html/manpages/virkeyname-linux.html
-rw-r--r-- root/root     27951 2022-07-18 13:53 usr/doc/libvirt-8.1.0/html/manpages/virkeyname-osx.html
-rw-r--r-- root/root     28111 2022-07-18 13:53 usr/doc/libvirt-8.1.0/html/manpages/virkeyname-win32.html
-rw-r--r-- root/root    389596 2022-07-18 13:53 usr/doc/libvirt-8.1.0/html/manpages/virsh.html
-rw-r--r-- root/root     30101 2022-07-18 13:53 usr/doc/libvirt-8.1.0/html/manpages/virt-admin.html
-rw-r--r-- root/root      8384 2022-07-18 13:53 usr/doc/libvirt-8.1.0/html/manpages/virt-host-validate.html
-rw-r--r-- root/root     10858 2022-07-18 13:53 usr/doc/libvirt-8.1.0/html/manpages/virt-login-shell.html
-rw-r--r-- root/root      7984 2022-07-18 13:53 usr/doc/libvirt-8.1.0/html/manpages/virt-pki-query-dn.html
-rw-r--r-- root/root      8028 2022-07-18 13:53 usr/doc/libvirt-8.1.0/html/manpages/virt-pki-validate.html
-rw-r--r-- root/root      9851 2022-07-18 13:53 usr/doc/libvirt-8.1.0/html/manpages/virt-qemu-run.html
-rw-r--r-- root/root      7456 2022-07-18 13:53 usr/doc/libvirt-8.1.0/html/manpages/virt-sanlock-cleanup.html
-rw-r--r-- root/root      8015 2022-07-18 13:53 usr/doc/libvirt-8.1.0/html/manpages/virt-ssh-helper.html
-rw-r--r-- root/root     10044 2022-07-18 13:53 usr/doc/libvirt-8.1.0/html/manpages/virt-xml-validate.html
-rw-r--r-- root/root     13826 2022-07-18 13:53 usr/doc/libvirt-8.1.0/html/manpages/virtbhyved.html
-rw-r--r-- root/root     15051 2022-07-18 13:53 usr/doc/libvirt-8.1.0/html/manpages/virtinterfaced.html
-rw-r--r-- root/root     13237 2022-07-18 13:53 usr/doc/libvirt-8.1.0/html/manpages/virtlockd.html
-rw-r--r-- root/root     13166 2022-07-18 13:53 usr/doc/libvirt-8.1.0/html/manpages/virtlogd.html
-rw-r--r-- root/root     13494 2022-07-18 13:53 usr/doc/libvirt-8.1.0/html/manpages/virtlxcd.html
-rw-r--r-- root/root     14948 2022-07-18 13:53 usr/doc/libvirt-8.1.0/html/manpages/virtnetworkd.html
-rw-r--r-- root/root     14936 2022-07-18 13:53 usr/doc/libvirt-8.1.0/html/manpages/virtnodedevd.html
-rw-r--r-- root/root     14986 2022-07-18 13:53 usr/doc/libvirt-8.1.0/html/manpages/virtnwfilterd.html
-rw-r--r-- root/root     16755 2022-07-18 13:53 usr/doc/libvirt-8.1.0/html/manpages/virtproxyd.html
-rw-r--r-- root/root     16094 2022-07-18 13:53 usr/doc/libvirt-8.1.0/html/manpages/virtqemud.html
-rw-r--r-- root/root     14894 2022-07-18 13:53 usr/doc/libvirt-8.1.0/html/manpages/virtsecretd.html
-rw-r--r-- root/root     14939 2022-07-18 13:53 usr/doc/libvirt-8.1.0/html/manpages/virtstoraged.html
-rw-r--r-- root/root     14734 2022-07-18 13:53 usr/doc/libvirt-8.1.0/html/manpages/virtvboxd.html
-rw-r--r-- root/root     14741 2022-07-18 13:53 usr/doc/libvirt-8.1.0/html/manpages/virtvzd.html
-rw-r--r-- root/root     13506 2022-07-18 13:53 usr/doc/libvirt-8.1.0/html/manpages/virtxend.html
-rw-r--r-- root/root     34034 2022-07-18 13:53 usr/doc/libvirt-8.1.0/html/migration.html
-rw-r--r-- root/root      7579 2022-03-01 11:08 usr/doc/libvirt-8.1.0/html/mstile-150x150.png
-rw-r--r-- root/root     10194 2022-07-18 13:53 usr/doc/libvirt-8.1.0/html/newreposetup.html
-rw-r--r-- root/root    235044 2022-07-18 13:53 usr/doc/libvirt-8.1.0/html/news.html
-rw-r--r-- root/root     12482 2022-07-18 13:53 usr/doc/libvirt-8.1.0/html/nss.html
-rw-r--r-- root/root     17993 2022-07-18 13:53 usr/doc/libvirt-8.1.0/html/pci-addresses.html
-rw-r--r-- root/root     12176 2022-07-18 13:53 usr/doc/libvirt-8.1.0/html/pci-hotplug.html
-rw-r--r-- root/root      4695 2022-07-18 13:53 usr/doc/libvirt-8.1.0/html/php.html
-rw-r--r-- root/root      8496 2022-07-18 13:53 usr/doc/libvirt-8.1.0/html/platforms.html
-rw-r--r-- root/root      4836 2022-07-18 13:53 usr/doc/libvirt-8.1.0/html/programming-languages.html
-rw-r--r-- root/root      7823 2022-07-18 13:53 usr/doc/libvirt-8.1.0/html/python.html
-rw-r--r-- root/root     15943 2022-07-18 13:53 usr/doc/libvirt-8.1.0/html/remote.html
-rw-r--r-- root/root      9931 2022-07-18 13:53 usr/doc/libvirt-8.1.0/html/securityprocess.html
-rw-r--r-- root/root     36218 2022-07-18 13:53 usr/doc/libvirt-8.1.0/html/storage.html
-rw-r--r-- root/root      9997 2022-07-18 13:53 usr/doc/libvirt-8.1.0/html/strategy.html
-rw-r--r-- root/root      8116 2022-07-18 13:53 usr/doc/libvirt-8.1.0/html/styleguide.html
-rw-r--r-- root/root      8293 2022-07-18 13:53 usr/doc/libvirt-8.1.0/html/submitting-patches.html
-rw-r--r-- root/root     18716 2022-07-18 13:53 usr/doc/libvirt-8.1.0/html/support.html
-rw-r--r-- root/root      5643 2022-07-18 13:53 usr/doc/libvirt-8.1.0/html/testapi.html
-rw-r--r-- root/root      5745 2022-07-18 13:53 usr/doc/libvirt-8.1.0/html/testsuites.html
-rw-r--r-- root/root      5899 2022-07-18 13:53 usr/doc/libvirt-8.1.0/html/testtck.html
-rw-r--r-- root/root     18637 2022-07-18 13:53 usr/doc/libvirt-8.1.0/html/tlscerts.html
-rw-r--r-- root/root     23194 2022-07-18 13:53 usr/doc/libvirt-8.1.0/html/uri.html
-rw-r--r-- root/root      7336 2022-07-18 13:53 usr/doc/libvirt-8.1.0/html/virshcmdref.html
-rw-r--r-- root/root     11165 2022-07-18 13:53 usr/doc/libvirt-8.1.0/html/windows.html
-rw-r--r-- root/root      3881 2022-03-01 11:08 usr/doc/libvirt-8.1.0/libvirt-acl.rules
-rw-r--r-- root/root      5054 2022-07-18 13:53 usr/doc/libvirt-8.1.0/libvirt.SlackBuild
-rw-r--r-- root/root        71 2022-03-01 11:08 usr/doc/libvirt-8.1.0/meson.build
drwxr-xr-x root/root         0 2022-07-18 13:53 usr/include/
drwxr-xr-x root/root         0 2022-07-18 13:53 usr/include/libvirt/
-rw-r--r-- root/root     13848 2022-03-01 11:08 usr/include/libvirt/libvirt-admin.h
-rw-r--r-- root/root     10560 2022-07-18 13:49 usr/include/libvirt/libvirt-common.h
-rw-r--r-- root/root      6611 2022-03-01 11:08 usr/include/libvirt/libvirt-domain-checkpoint.h
-rw-r--r-- root/root     11118 2022-03-01 11:08 usr/include/libvirt/libvirt-domain-snapshot.h
-rw-r--r-- root/root    200943 2022-03-01 11:08 usr/include/libvirt/libvirt-domain.h
-rw-r--r-- root/root      6664 2022-03-01 11:08 usr/include/libvirt/libvirt-event.h
-rw-r--r-- root/root     26036 2022-03-01 11:08 usr/include/libvirt/libvirt-host.h
-rw-r--r-- root/root      4632 2022-03-01 11:08 usr/include/libvirt/libvirt-interface.h
-rw-r--r-- root/root      1910 2022-03-01 11:08 usr/include/libvirt/libvirt-lxc.h
-rw-r--r-- root/root     16544 2022-03-01 11:08 usr/include/libvirt/libvirt-network.h
-rw-r--r-- root/root     10779 2022-03-01 11:08 usr/include/libvirt/libvirt-nodedev.h
-rw-r--r-- root/root      5565 2022-03-01 11:08 usr/include/libvirt/libvirt-nwfilter.h
-rw-r--r-- root/root      4200 2022-03-01 11:08 usr/include/libvirt/libvirt-qemu.h
-rw-r--r-- root/root      8478 2022-03-01 11:08 usr/include/libvirt/libvirt-secret.h
-rw-r--r-- root/root     22471 2022-03-01 11:08 usr/include/libvirt/libvirt-storage.h
-rw-r--r-- root/root      9116 2022-03-01 11:08 usr/include/libvirt/libvirt-stream.h
-rw-r--r-- root/root      1689 2022-03-01 11:08 usr/include/libvirt/libvirt.h
-rw-r--r-- root/root     19776 2022-03-01 11:08 usr/include/libvirt/virterror.h
drwxr-xr-x root/root         0 2022-07-18 13:53 usr/lib/
drwxr-xr-x root/root         0 2022-07-18 13:53 usr/lib/firewalld/
drwxr-xr-x root/root         0 2022-07-18 13:53 usr/lib/firewalld/zones/
-rw-r--r-- root/root       809 2022-03-01 11:08 usr/lib/firewalld/zones/libvirt.xml
drwxr-xr-x root/root         0 2022-07-18 13:53 usr/lib/sysctl.d/
-rw-r--r-- root/root       312 2022-03-01 11:08 usr/lib/sysctl.d/60-qemu-postcopy-migration.conf
drwxr-xr-x root/root         0 2022-07-18 13:53 usr/lib64/
-rwxr-xr-x root/root     18224 2022-07-18 13:53 usr/lib64/libnss_libvirt.so.2
-rwxr-xr-x root/root     18224 2022-07-18 13:53 usr/lib64/libnss_libvirt_guest.so.2
drwxr-xr-x root/root         0 2022-07-18 13:53 usr/lib64/libvirt/
-rwxr-xr-x root/root     63568 2022-07-18 13:53 usr/lib64/libvirt-admin.so.0.8001.0
-rwxr-xr-x root/root     14320 2022-07-18 13:53 usr/lib64/libvirt-lxc.so.0.8001.0
-rwxr-xr-x root/root     14232 2022-07-18 13:53 usr/lib64/libvirt-qemu.so.0.8001.0
-rwxr-xr-x root/root   4709648 2022-07-18 13:53 usr/lib64/libvirt.so.0.8001.0
drwxr-xr-x root/root         0 2022-07-18 13:53 usr/lib64/libvirt/connection-driver/
-rwxr-xr-x root/root     94648 2022-07-18 13:53 usr/lib64/libvirt/connection-driver/libvirt_driver_ch.so
-rwxr-xr-x root/root     37064 2022-07-18 13:53 usr/lib64/libvirt/connection-driver/libvirt_driver_interface.so
-rwxr-xr-x root/root    246840 2022-07-18 13:53 usr/lib64/libvirt/connection-driver/libvirt_driver_lxc.so
-rwxr-xr-x root/root    119192 2022-07-18 13:53 usr/lib64/libvirt/connection-driver/libvirt_driver_network.so
-rwxr-xr-x root/root     98704 2022-07-18 13:53 usr/lib64/libvirt/connection-driver/libvirt_driver_nodedev.so
-rwxr-xr-x root/root    119384 2022-07-18 13:53 usr/lib64/libvirt/connection-driver/libvirt_driver_nwfilter.so
-rwxr-xr-x root/root   2012800 2022-07-18 13:53 usr/lib64/libvirt/connection-driver/libvirt_driver_qemu.so
-rwxr-xr-x root/root     28840 2022-07-18 13:53 usr/lib64/libvirt/connection-driver/libvirt_driver_secret.so
-rwxr-xr-x root/root    147928 2022-07-18 13:53 usr/lib64/libvirt/connection-driver/libvirt_driver_storage.so
-rwxr-xr-x root/root    281600 2022-07-18 13:53 usr/lib64/libvirt/connection-driver/libvirt_driver_vbox.so
drwxr-xr-x root/root         0 2022-07-18 13:53 usr/lib64/libvirt/lock-driver/
-rwxr-xr-x root/root     26624 2022-07-18 13:53 usr/lib64/libvirt/lock-driver/lockd.so
drwxr-xr-x root/root         0 2022-07-18 13:53 usr/lib64/libvirt/storage-backend/
-rwxr-xr-x root/root     30784 2022-07-18 13:53 usr/lib64/libvirt/storage-backend/libvirt_storage_backend_disk.so
-rwxr-xr-x root/root     27048 2022-07-18 13:53 usr/lib64/libvirt/storage-backend/libvirt_storage_backend_fs.so
-rwxr-xr-x root/root     30784 2022-07-18 13:53 usr/lib64/libvirt/storage-backend/libvirt_storage_backend_logical.so
-rwxr-xr-x root/root     14400 2022-07-18 13:53 usr/lib64/libvirt/storage-backend/libvirt_storage_backend_mpath.so
-rwxr-xr-x root/root     22592 2022-07-18 13:53 usr/lib64/libvirt/storage-backend/libvirt_storage_backend_scsi.so
-rwxr-xr-x root/root     22592 2022-07-18 13:53 usr/lib64/libvirt/storage-backend/libvirt_storage_backend_zfs.so
drwxr-xr-x root/root         0 2022-07-18 13:53 usr/lib64/libvirt/storage-file/
-rwxr-xr-x root/root     14528 2022-07-18 13:53 usr/lib64/libvirt/storage-file/libvirt_storage_file_fs.so
drwxr-xr-x root/root         0 2022-07-18 13:53 usr/lib64/pkgconfig/
-rw-r--r-- root/root       284 2022-07-18 13:49 usr/lib64/pkgconfig/libvirt-admin.pc
-rw-r--r-- root/root       292 2022-07-18 13:49 usr/lib64/pkgconfig/libvirt-lxc.pc
-rw-r--r-- root/root       297 2022-07-18 13:49 usr/lib64/pkgconfig/libvirt-qemu.pc
-rw-r--r-- root/root       471 2022-07-18 13:49 usr/lib64/pkgconfig/libvirt.pc
drwxr-xr-x root/root         0 2022-07-18 13:53 usr/libexec/
-rwxrwxr-x root/root     16689 2022-07-18 13:49 usr/libexec/libvirt-guests.sh
-rwxr-xr-x root/root     18488 2022-07-18 13:53 usr/libexec/libvirt_iohelper
-rwxr-xr-x root/root     18568 2022-07-18 13:53 usr/libexec/libvirt_leaseshelper
-rwxr-xr-x root/root    159128 2022-07-18 13:53 usr/libexec/libvirt_lxc
-rwxr-xr-x root/root     14472 2022-07-18 13:53 usr/libexec/libvirt_parthelper
-rwxr-xr-x root/root     22584 2022-07-18 13:53 usr/libexec/virt-login-shell-helper
drwxr-xr-x root/root         0 2022-07-18 13:53 usr/man/
drwxr-xr-x root/root         0 2022-07-18 13:53 usr/man/man1/
-rw-r--r-- root/root     75433 2022-07-18 13:53 usr/man/man1/virsh.1.gz
-rw-r--r-- root/root      5782 2022-07-18 13:53 usr/man/man1/virt-admin.1.gz
-rw-r--r-- root/root      1209 2022-07-18 13:53 usr/man/man1/virt-host-validate.1.gz
-rw-r--r-- root/root      1732 2022-07-18 13:53 usr/man/man1/virt-login-shell.1.gz
-rw-r--r-- root/root      1049 2022-07-18 13:53 usr/man/man1/virt-pki-query-dn.1.gz
-rw-r--r-- root/root      1102 2022-07-18 13:53 usr/man/man1/virt-pki-validate.1.gz
-rw-r--r-- root/root      1714 2022-07-18 13:53 usr/man/man1/virt-qemu-run.1.gz
-rw-r--r-- root/root      1376 2022-07-18 13:53 usr/man/man1/virt-xml-validate.1.gz
drwxr-xr-x root/root         0 2022-07-18 13:53 usr/man/man7/
-rw-r--r-- root/root      2857 2022-07-18 13:53 usr/man/man7/virkeycode-atset1.7.gz
-rw-r--r-- root/root      1956 2022-07-18 13:53 usr/man/man7/virkeycode-atset2.7.gz
-rw-r--r-- root/root      1891 2022-07-18 13:53 usr/man/man7/virkeycode-atset3.7.gz
-rw-r--r-- root/root      4864 2022-07-18 13:53 usr/man/man7/virkeycode-linux.7.gz
-rw-r--r-- root/root      1661 2022-07-18 13:53 usr/man/man7/virkeycode-osx.7.gz
-rw-r--r-- root/root      2828 2022-07-18 13:53 usr/man/man7/virkeycode-qnum.7.gz
-rw-r--r-- root/root      2114 2022-07-18 13:53 usr/man/man7/virkeycode-usb.7.gz
-rw-r--r-- root/root      1946 2022-07-18 13:53 usr/man/man7/virkeycode-win32.7.gz
-rw-r--r-- root/root      2847 2022-07-18 13:53 usr/man/man7/virkeycode-xtkbd.7.gz
-rw-r--r-- root/root      4807 2022-07-18 13:53 usr/man/man7/virkeyname-linux.7.gz
-rw-r--r-- root/root      3488 2022-07-18 13:53 usr/man/man7/virkeyname-osx.7.gz
-rw-r--r-- root/root      3631 2022-07-18 13:53 usr/man/man7/virkeyname-win32.7.gz
drwxr-xr-x root/root         0 2022-07-18 13:53 usr/man/man8/
-rw-r--r-- root/root      2068 2022-07-18 13:53 usr/man/man8/libvirt-guests.8.gz
-rw-r--r-- root/root      2944 2022-07-18 13:53 usr/man/man8/libvirtd.8.gz
-rw-r--r-- root/root      1040 2022-07-18 13:53 usr/man/man8/virt-ssh-helper.8.gz
-rw-r--r-- root/root      2267 2022-07-18 13:53 usr/man/man8/virtinterfaced.8.gz
-rw-r--r-- root/root      1870 2022-07-18 13:53 usr/man/man8/virtlockd.8.gz
-rw-r--r-- root/root      1852 2022-07-18 13:53 usr/man/man8/virtlogd.8.gz
-rw-r--r-- root/root      2279 2022-07-18 13:53 usr/man/man8/virtlxcd.8.gz
-rw-r--r-- root/root      2259 2022-07-18 13:53 usr/man/man8/virtnetworkd.8.gz
-rw-r--r-- root/root      2256 2022-07-18 13:53 usr/man/man8/virtnodedevd.8.gz
-rw-r--r-- root/root      2264 2022-07-18 13:53 usr/man/man8/virtnwfilterd.8.gz
-rw-r--r-- root/root      2557 2022-07-18 13:53 usr/man/man8/virtproxyd.8.gz
-rw-r--r-- root/root      2525 2022-07-18 13:53 usr/man/man8/virtqemud.8.gz
-rw-r--r-- root/root      2251 2022-07-18 13:53 usr/man/man8/virtsecretd.8.gz
-rw-r--r-- root/root      2257 2022-07-18 13:53 usr/man/man8/virtstoraged.8.gz
-rw-r--r-- root/root      2216 2022-07-18 13:53 usr/man/man8/virtvboxd.8.gz
drwxr-xr-x root/root         0 2022-07-18 13:53 usr/sbin/
-rwxr-xr-x root/root    540880 2022-07-18 13:53 usr/sbin/libvirtd
-rwxr-xr-x root/root    540880 2022-07-18 13:53 usr/sbin/virtchd
-rwxr-xr-x root/root    540880 2022-07-18 13:53 usr/sbin/virtinterfaced
-rwxr-xr-x root/root     85552 2022-07-18 13:53 usr/sbin/virtlockd
-rwxr-xr-x root/root     85360 2022-07-18 13:53 usr/sbin/virtlogd
-rwxr-xr-x root/root    540880 2022-07-18 13:53 usr/sbin/virtlxcd
-rwxr-xr-x root/root    540880 2022-07-18 13:53 usr/sbin/virtnetworkd
-rwxr-xr-x root/root    540880 2022-07-18 13:53 usr/sbin/virtnodedevd
-rwxr-xr-x root/root    540880 2022-07-18 13:53 usr/sbin/virtnwfilterd
-rwxr-xr-x root/root    540880 2022-07-18 13:53 usr/sbin/virtproxyd
-rwxr-xr-x root/root    540880 2022-07-18 13:53 usr/sbin/virtqemud
-rwxr-xr-x root/root    540880 2022-07-18 13:53 usr/sbin/virtsecretd
-rwxr-xr-x root/root    540880 2022-07-18 13:53 usr/sbin/virtstoraged
-rwxr-xr-x root/root    540880 2022-07-18 13:53 usr/sbin/virtvboxd
drwxr-xr-x root/root         0 2022-07-18 13:53 usr/share/
drwxr-xr-x root/root         0 2022-07-18 13:53 usr/share/bash-completion/
drwxr-xr-x root/root         0 2022-07-18 13:53 usr/share/bash-completion/completions/
-rw-r--r-- root/root      2067 2022-07-18 13:49 usr/share/bash-completion/completions/virsh
-rw-r--r-- root/root      2087 2022-07-18 13:49 usr/share/bash-completion/completions/virt-admin
drwxr-xr-x root/root         0 2022-07-18 13:53 usr/share/libvirt/
drwxr-xr-x root/root         0 2022-07-18 13:53 usr/share/libvirt/api/
-rw-r--r-- root/root     39221 2022-07-18 13:52 usr/share/libvirt/api/libvirt-admin-api.xml
-rw-r--r-- root/root   1033017 2022-07-18 13:52 usr/share/libvirt/api/libvirt-api.xml
-rw-r--r-- root/root      4793 2022-07-18 13:52 usr/share/libvirt/api/libvirt-lxc-api.xml
-rw-r--r-- root/root     12231 2022-07-18 13:52 usr/share/libvirt/api/libvirt-qemu-api.xml
drwxr-xr-x root/root         0 2022-07-18 13:53 usr/share/libvirt/cpu_map/
-rw-r--r-- root/root       106 2022-03-01 11:08 usr/share/libvirt/cpu_map/arm_FT-2000plus.xml
-rw-r--r-- root/root       105 2022-03-01 11:08 usr/share/libvirt/cpu_map/arm_Falkor.xml
-rw-r--r-- root/root       111 2022-03-01 11:08 usr/share/libvirt/cpu_map/arm_Kunpeng-920.xml
-rw-r--r-- root/root       111 2022-03-01 11:08 usr/share/libvirt/cpu_map/arm_Tengyun-S2500.xml
-rw-r--r-- root/root       111 2022-03-01 11:08 usr/share/libvirt/cpu_map/arm_ThunderX299xx.xml
-rw-r--r-- root/root       104 2022-03-01 11:08 usr/share/libvirt/cpu_map/arm_cortex-a53.xml
-rw-r--r-- root/root       104 2022-03-01 11:08 usr/share/libvirt/cpu_map/arm_cortex-a57.xml
-rw-r--r-- root/root       104 2022-03-01 11:08 usr/share/libvirt/cpu_map/arm_cortex-a72.xml
-rw-r--r-- root/root       512 2022-03-01 11:08 usr/share/libvirt/cpu_map/arm_features.xml
-rw-r--r-- root/root       539 2022-03-01 11:08 usr/share/libvirt/cpu_map/arm_vendors.xml
-rw-r--r-- root/root      4106 2022-03-01 11:08 usr/share/libvirt/cpu_map/index.xml
-rw-r--r-- root/root       123 2022-03-01 11:08 usr/share/libvirt/cpu_map/ppc64_POWER6.xml
-rw-r--r-- root/root       171 2022-03-01 11:08 usr/share/libvirt/cpu_map/ppc64_POWER7.xml
-rw-r--r-- root/root       219 2022-03-01 11:08 usr/share/libvirt/cpu_map/ppc64_POWER8.xml
-rw-r--r-- root/root       123 2022-03-01 11:08 usr/share/libvirt/cpu_map/ppc64_POWER9.xml
-rw-r--r-- root/root       136 2022-03-01 11:08 usr/share/libvirt/cpu_map/ppc64_POWERPC_e5500.xml
-rw-r--r-- root/root       138 2022-03-01 11:08 usr/share/libvirt/cpu_map/ppc64_POWERPC_e6500.xml
-rw-r--r-- root/root        67 2022-03-01 11:08 usr/share/libvirt/cpu_map/ppc64_vendors.xml
-rw-r--r-- root/root       160 2022-03-01 11:08 usr/share/libvirt/cpu_map/x86_486.xml
-rw-r--r-- root/root      1857 2022-03-01 11:08 usr/share/libvirt/cpu_map/x86_Broadwell-IBRS.xml
-rw-r--r-- root/root      1811 2022-03-01 11:08 usr/share/libvirt/cpu_map/x86_Broadwell-noTSX-IBRS.xml
-rw-r--r-- root/root      1774 2022-03-01 11:08 usr/share/libvirt/cpu_map/x86_Broadwell-noTSX.xml
-rw-r--r-- root/root      1820 2022-03-01 11:08 usr/share/libvirt/cpu_map/x86_Broadwell.xml
-rw-r--r-- root/root      2221 2022-03-01 11:08 usr/share/libvirt/cpu_map/x86_Cascadelake-Server-noTSX.xml
-rw-r--r-- root/root      2266 2022-03-01 11:08 usr/share/libvirt/cpu_map/x86_Cascadelake-Server.xml
-rw-r--r-- root/root       942 2022-03-01 11:08 usr/share/libvirt/cpu_map/x86_Conroe.xml
-rw-r--r-- root/root      2560 2022-03-01 11:08 usr/share/libvirt/cpu_map/x86_Cooperlake.xml
-rw-r--r-- root/root      1961 2022-03-01 11:08 usr/share/libvirt/cpu_map/x86_Dhyana.xml
-rw-r--r-- root/root      2048 2022-03-01 11:08 usr/share/libvirt/cpu_map/x86_EPYC-IBPB.xml
-rw-r--r-- root/root      2549 2022-03-01 11:08 usr/share/libvirt/cpu_map/x86_EPYC-Milan.xml
-rw-r--r-- root/root      2289 2022-03-01 11:08 usr/share/libvirt/cpu_map/x86_EPYC-Rome.xml
-rw-r--r-- root/root      2016 2022-03-01 11:08 usr/share/libvirt/cpu_map/x86_EPYC.xml
-rw-r--r-- root/root      1737 2022-03-01 11:08 usr/share/libvirt/cpu_map/x86_Haswell-IBRS.xml
-rw-r--r-- root/root      1691 2022-03-01 11:08 usr/share/libvirt/cpu_map/x86_Haswell-noTSX-IBRS.xml
-rw-r--r-- root/root      1654 2022-03-01 11:08 usr/share/libvirt/cpu_map/x86_Haswell-noTSX.xml
-rw-r--r-- root/root      1700 2022-03-01 11:08 usr/share/libvirt/cpu_map/x86_Haswell.xml
-rw-r--r-- root/root      2316 2022-03-01 11:08 usr/share/libvirt/cpu_map/x86_Icelake-Client-noTSX.xml
-rw-r--r-- root/root      2361 2022-03-01 11:08 usr/share/libvirt/cpu_map/x86_Icelake-Client.xml
-rw-r--r-- root/root      2587 2022-03-01 11:08 usr/share/libvirt/cpu_map/x86_Icelake-Server-noTSX.xml
-rw-r--r-- root/root      2632 2022-03-01 11:08 usr/share/libvirt/cpu_map/x86_Icelake-Server.xml
-rw-r--r-- root/root      1467 2022-03-01 11:08 usr/share/libvirt/cpu_map/x86_IvyBridge-IBRS.xml
-rw-r--r-- root/root      1430 2022-03-01 11:08 usr/share/libvirt/cpu_map/x86_IvyBridge.xml
-rw-r--r-- root/root      1204 2022-03-01 11:08 usr/share/libvirt/cpu_map/x86_Nehalem-IBRS.xml
-rw-r--r-- root/root      1167 2022-03-01 11:08 usr/share/libvirt/cpu_map/x86_Nehalem.xml
-rw-r--r-- root/root       831 2022-03-01 11:08 usr/share/libvirt/cpu_map/x86_Opteron_G1.xml
-rw-r--r-- root/root       943 2022-03-01 11:08 usr/share/libvirt/cpu_map/x86_Opteron_G2.xml
-rw-r--r-- root/root      1104 2022-03-01 11:08 usr/share/libvirt/cpu_map/x86_Opteron_G3.xml
-rw-r--r-- root/root      1376 2022-03-01 11:08 usr/share/libvirt/cpu_map/x86_Opteron_G4.xml
-rw-r--r-- root/root      1455 2022-03-01 11:08 usr/share/libvirt/cpu_map/x86_Opteron_G5.xml
-rw-r--r-- root/root       998 2022-03-01 11:08 usr/share/libvirt/cpu_map/x86_Penryn.xml
-rw-r--r-- root/root      1302 2022-03-01 11:08 usr/share/libvirt/cpu_map/x86_SandyBridge-IBRS.xml
-rw-r--r-- root/root      1265 2022-03-01 11:08 usr/share/libvirt/cpu_map/x86_SandyBridge.xml
-rw-r--r-- root/root      2240 2022-03-01 11:08 usr/share/libvirt/cpu_map/x86_Skylake-Client-IBRS.xml
-rw-r--r-- root/root      2195 2022-03-01 11:08 usr/share/libvirt/cpu_map/x86_Skylake-Client-noTSX-IBRS.xml
-rw-r--r-- root/root      2203 2022-03-01 11:08 usr/share/libvirt/cpu_map/x86_Skylake-Client.xml
-rw-r--r-- root/root      2174 2022-03-01 11:08 usr/share/libvirt/cpu_map/x86_Skylake-Server-IBRS.xml
-rw-r--r-- root/root      2129 2022-03-01 11:08 usr/share/libvirt/cpu_map/x86_Skylake-Server-noTSX-IBRS.xml
-rw-r--r-- root/root      2137 2022-03-01 11:08 usr/share/libvirt/cpu_map/x86_Skylake-Server.xml
-rw-r--r-- root/root      2003 2022-03-01 11:08 usr/share/libvirt/cpu_map/x86_Snowridge.xml
-rw-r--r-- root/root      1066 2022-03-01 11:08 usr/share/libvirt/cpu_map/x86_Westmere-IBRS.xml
-rw-r--r-- root/root      1139 2022-03-01 11:08 usr/share/libvirt/cpu_map/x86_Westmere.xml
-rw-r--r-- root/root       724 2022-03-01 11:08 usr/share/libvirt/cpu_map/x86_athlon.xml
-rw-r--r-- root/root       860 2022-03-01 11:08 usr/share/libvirt/cpu_map/x86_core2duo.xml
-rw-r--r-- root/root       748 2022-03-01 11:08 usr/share/libvirt/cpu_map/x86_coreduo.xml
-rw-r--r-- root/root       752 2022-03-01 11:08 usr/share/libvirt/cpu_map/x86_cpu64-rhel5.xml
-rw-r--r-- root/root       809 2022-03-01 11:08 usr/share/libvirt/cpu_map/x86_cpu64-rhel6.xml
-rw-r--r-- root/root     17998 2022-03-01 11:08 usr/share/libvirt/cpu_map/x86_features.xml
-rw-r--r-- root/root       666 2022-03-01 11:08 usr/share/libvirt/cpu_map/x86_kvm32.xml
-rw-r--r-- root/root       773 2022-03-01 11:08 usr/share/libvirt/cpu_map/x86_kvm64.xml
-rw-r--r-- root/root       773 2022-03-01 11:08 usr/share/libvirt/cpu_map/x86_n270.xml
-rw-r--r-- root/root       319 2022-03-01 11:08 usr/share/libvirt/cpu_map/x86_pentium.xml
-rw-r--r-- root/root       559 2022-03-01 11:08 usr/share/libvirt/cpu_map/x86_pentium2.xml
-rw-r--r-- root/root       585 2022-03-01 11:08 usr/share/libvirt/cpu_map/x86_pentium3.xml
-rw-r--r-- root/root       534 2022-03-01 11:08 usr/share/libvirt/cpu_map/x86_pentiumpro.xml
-rw-r--r-- root/root       947 2022-03-01 11:08 usr/share/libvirt/cpu_map/x86_phenom.xml
-rw-r--r-- root/root       556 2022-03-01 11:08 usr/share/libvirt/cpu_map/x86_qemu32.xml
-rw-r--r-- root/root      1038 2022-03-01 11:08 usr/share/libvirt/cpu_map/x86_qemu64.xml
-rw-r--r-- root/root       154 2022-03-01 11:08 usr/share/libvirt/cpu_map/x86_vendors.xml
drwxr-xr-x root/root         0 2022-07-18 13:53 usr/share/libvirt/schemas/
-rw-r--r-- root/root     18577 2022-03-01 11:08 usr/share/libvirt/schemas/basictypes.rng
-rw-r--r-- root/root     12492 2022-03-01 11:08 usr/share/libvirt/schemas/capability.rng
-rw-r--r-- root/root       322 2022-03-01 11:08 usr/share/libvirt/schemas/cpu.rng
-rw-r--r-- root/root     10778 2022-03-01 11:08 usr/share/libvirt/schemas/cputypes.rng
-rw-r--r-- root/root       683 2022-03-01 11:08 usr/share/libvirt/schemas/domain.rng
-rw-r--r-- root/root      8942 2022-03-01 11:08 usr/share/libvirt/schemas/domainbackup.rng
-rw-r--r-- root/root      7705 2022-03-01 11:08 usr/share/libvirt/schemas/domaincaps.rng
-rw-r--r-- root/root      2573 2022-03-01 11:08 usr/share/libvirt/schemas/domaincheckpoint.rng
-rw-r--r-- root/root    215624 2022-03-01 11:08 usr/share/libvirt/schemas/domaincommon.rng
-rw-r--r-- root/root      6475 2022-03-01 11:08 usr/share/libvirt/schemas/domainsnapshot.rng
-rw-r--r-- root/root     12579 2022-03-01 11:08 usr/share/libvirt/schemas/interface.rng
-rw-r--r-- root/root     15313 2022-03-01 11:08 usr/share/libvirt/schemas/network.rng
-rw-r--r-- root/root      8057 2022-03-01 11:08 usr/share/libvirt/schemas/networkcommon.rng
-rw-r--r-- root/root      3634 2022-03-01 11:08 usr/share/libvirt/schemas/networkport.rng
-rw-r--r-- root/root     20196 2022-03-01 11:08 usr/share/libvirt/schemas/nodedev.rng
-rw-r--r-- root/root     27931 2022-03-01 11:08 usr/share/libvirt/schemas/nwfilter.rng
-rw-r--r-- root/root       896 2022-03-01 11:08 usr/share/libvirt/schemas/nwfilter_params.rng
-rw-r--r-- root/root      1214 2022-03-01 11:08 usr/share/libvirt/schemas/nwfilterbinding.rng
-rw-r--r-- root/root      2153 2022-03-01 11:08 usr/share/libvirt/schemas/secret.rng
-rw-r--r-- root/root      6261 2022-03-01 11:08 usr/share/libvirt/schemas/storagecommon.rng
-rw-r--r-- root/root     18402 2022-03-01 11:08 usr/share/libvirt/schemas/storagepool.rng
-rw-r--r-- root/root      1992 2022-03-01 11:08 usr/share/libvirt/schemas/storagepoolcaps.rng
-rw-r--r-- root/root      5524 2022-03-01 11:08 usr/share/libvirt/schemas/storagevol.rng
-rw-r--r-- root/root     33443 2022-03-01 11:08 usr/share/libvirt/test-screenshot.png
drwxr-xr-x root/root         0 2022-07-18 13:53 usr/share/locale/
drwxr-xr-x root/root         0 2022-07-18 13:53 usr/share/locale/as/
drwxr-xr-x root/root         0 2022-07-18 13:53 usr/share/locale/as/LC_MESSAGES/
-rw-r--r-- root/root    807804 2022-07-18 13:52 usr/share/locale/as/LC_MESSAGES/libvirt.mo
drwxr-xr-x root/root         0 2022-07-18 13:53 usr/share/locale/bg/
drwxr-xr-x root/root         0 2022-07-18 13:53 usr/share/locale/bg/LC_MESSAGES/
-rw-r--r-- root/root     32235 2022-07-18 13:52 usr/share/locale/bg/LC_MESSAGES/libvirt.mo
drwxr-xr-x root/root         0 2022-07-18 13:53 usr/share/locale/bn_IN/
drwxr-xr-x root/root         0 2022-07-18 13:53 usr/share/locale/bn_IN/LC_MESSAGES/
-rw-r--r-- root/root    309060 2022-07-18 13:52 usr/share/locale/bn_IN/LC_MESSAGES/libvirt.mo
drwxr-xr-x root/root         0 2022-07-18 13:53 usr/share/locale/bs/
drwxr-xr-x root/root         0 2022-07-18 13:53 usr/share/locale/bs/LC_MESSAGES/
-rw-r--r-- root/root     14301 2022-07-18 13:52 usr/share/locale/bs/LC_MESSAGES/libvirt.mo
drwxr-xr-x root/root         0 2022-07-18 13:53 usr/share/locale/ca/
drwxr-xr-x root/root         0 2022-07-18 13:53 usr/share/locale/ca/LC_MESSAGES/
-rw-r--r-- root/root     34194 2022-07-18 13:52 usr/share/locale/ca/LC_MESSAGES/libvirt.mo
drwxr-xr-x root/root         0 2022-07-18 13:53 usr/share/locale/cs/
drwxr-xr-x root/root         0 2022-07-18 13:53 usr/share/locale/cs/LC_MESSAGES/
-rw-r--r-- root/root   1027776 2022-07-18 13:52 usr/share/locale/cs/LC_MESSAGES/libvirt.mo
drwxr-xr-x root/root         0 2022-07-18 13:53 usr/share/locale/da/
drwxr-xr-x root/root         0 2022-07-18 13:53 usr/share/locale/da/LC_MESSAGES/
-rw-r--r-- root/root     18872 2022-07-18 13:52 usr/share/locale/da/LC_MESSAGES/libvirt.mo
drwxr-xr-x root/root         0 2022-07-18 13:53 usr/share/locale/de/
drwxr-xr-x root/root         0 2022-07-18 13:53 usr/share/locale/de/LC_MESSAGES/
-rw-r--r-- root/root    534474 2022-07-18 13:52 usr/share/locale/de/LC_MESSAGES/libvirt.mo
drwxr-xr-x root/root         0 2022-07-18 13:53 usr/share/locale/el/
drwxr-xr-x root/root         0 2022-07-18 13:53 usr/share/locale/el/LC_MESSAGES/
-rw-r--r-- root/root     22324 2022-07-18 13:52 usr/share/locale/el/LC_MESSAGES/libvirt.mo
drwxr-xr-x root/root         0 2022-07-18 13:53 usr/share/locale/en_GB/
drwxr-xr-x root/root         0 2022-07-18 13:53 usr/share/locale/en_GB/LC_MESSAGES/
-rw-r--r-- root/root    493370 2022-07-18 13:52 usr/share/locale/en_GB/LC_MESSAGES/libvirt.mo
drwxr-xr-x root/root         0 2022-07-18 13:53 usr/share/locale/es/
drwxr-xr-x root/root         0 2022-07-18 13:53 usr/share/locale/es/LC_MESSAGES/
-rw-r--r-- root/root    542686 2022-07-18 13:52 usr/share/locale/es/LC_MESSAGES/libvirt.mo
drwxr-xr-x root/root         0 2022-07-18 13:53 usr/share/locale/fi/
drwxr-xr-x root/root         0 2022-07-18 13:53 usr/share/locale/fi/LC_MESSAGES/
-rw-r--r-- root/root    231595 2022-07-18 13:52 usr/share/locale/fi/LC_MESSAGES/libvirt.mo
drwxr-xr-x root/root         0 2022-07-18 13:53 usr/share/locale/fr/
drwxr-xr-x root/root         0 2022-07-18 13:53 usr/share/locale/fr/LC_MESSAGES/
-rw-r--r-- root/root    106619 2022-07-18 13:52 usr/share/locale/fr/LC_MESSAGES/libvirt.mo
drwxr-xr-x root/root         0 2022-07-18 13:53 usr/share/locale/gu/
drwxr-xr-x root/root         0 2022-07-18 13:53 usr/share/locale/gu/LC_MESSAGES/
-rw-r--r-- root/root    803858 2022-07-18 13:52 usr/share/locale/gu/LC_MESSAGES/libvirt.mo
drwxr-xr-x root/root         0 2022-07-18 13:53 usr/share/locale/hi/
drwxr-xr-x root/root         0 2022-07-18 13:53 usr/share/locale/hi/LC_MESSAGES/
-rw-r--r-- root/root    449965 2022-07-18 13:52 usr/share/locale/hi/LC_MESSAGES/libvirt.mo
drwxr-xr-x root/root         0 2022-07-18 13:53 usr/share/locale/hu/
drwxr-xr-x root/root         0 2022-07-18 13:53 usr/share/locale/hu/LC_MESSAGES/
-rw-r--r-- root/root     20817 2022-07-18 13:52 usr/share/locale/hu/LC_MESSAGES/libvirt.mo
drwxr-xr-x root/root         0 2022-07-18 13:53 usr/share/locale/id/
drwxr-xr-x root/root         0 2022-07-18 13:53 usr/share/locale/id/LC_MESSAGES/
-rw-r--r-- root/root     32458 2022-07-18 13:52 usr/share/locale/id/LC_MESSAGES/libvirt.mo
drwxr-xr-x root/root         0 2022-07-18 13:53 usr/share/locale/it/
drwxr-xr-x root/root         0 2022-07-18 13:53 usr/share/locale/it/LC_MESSAGES/
-rw-r--r-- root/root    232572 2022-07-18 13:52 usr/share/locale/it/LC_MESSAGES/libvirt.mo
drwxr-xr-x root/root         0 2022-07-18 13:53 usr/share/locale/ja/
drwxr-xr-x root/root         0 2022-07-18 13:53 usr/share/locale/ja/LC_MESSAGES/
-rw-r--r-- root/root    624226 2022-07-18 13:52 usr/share/locale/ja/LC_MESSAGES/libvirt.mo
drwxr-xr-x root/root         0 2022-07-18 13:53 usr/share/locale/kn/
drwxr-xr-x root/root         0 2022-07-18 13:53 usr/share/locale/kn/LC_MESSAGES/
-rw-r--r-- root/root    885680 2022-07-18 13:52 usr/share/locale/kn/LC_MESSAGES/libvirt.mo
drwxr-xr-x root/root         0 2022-07-18 13:53 usr/share/locale/ko/
drwxr-xr-x root/root         0 2022-07-18 13:53 usr/share/locale/ko/LC_MESSAGES/
-rw-r--r-- root/root   1238775 2022-07-18 13:52 usr/share/locale/ko/LC_MESSAGES/libvirt.mo
drwxr-xr-x root/root         0 2022-07-18 13:53 usr/share/locale/mk/
drwxr-xr-x root/root         0 2022-07-18 13:53 usr/share/locale/mk/LC_MESSAGES/
-rw-r--r-- root/root     30075 2022-07-18 13:52 usr/share/locale/mk/LC_MESSAGES/libvirt.mo
drwxr-xr-x root/root         0 2022-07-18 13:53 usr/share/locale/ml/
drwxr-xr-x root/root         0 2022-07-18 13:53 usr/share/locale/ml/LC_MESSAGES/
-rw-r--r-- root/root    944967 2022-07-18 13:52 usr/share/locale/ml/LC_MESSAGES/libvirt.mo
drwxr-xr-x root/root         0 2022-07-18 13:53 usr/share/locale/mr/
drwxr-xr-x root/root         0 2022-07-18 13:53 usr/share/locale/mr/LC_MESSAGES/
-rw-r--r-- root/root    905462 2022-07-18 13:52 usr/share/locale/mr/LC_MESSAGES/libvirt.mo
drwxr-xr-x root/root         0 2022-07-18 13:53 usr/share/locale/ms/
drwxr-xr-x root/root         0 2022-07-18 13:53 usr/share/locale/ms/LC_MESSAGES/
-rw-r--r-- root/root      2834 2022-07-18 13:52 usr/share/locale/ms/LC_MESSAGES/libvirt.mo
drwxr-xr-x root/root         0 2022-07-18 13:53 usr/share/locale/nb/
drwxr-xr-x root/root         0 2022-07-18 13:53 usr/share/locale/nb/LC_MESSAGES/
-rw-r--r-- root/root      8848 2022-07-18 13:52 usr/share/locale/nb/LC_MESSAGES/libvirt.mo
drwxr-xr-x root/root         0 2022-07-18 13:53 usr/share/locale/nl/
drwxr-xr-x root/root         0 2022-07-18 13:53 usr/share/locale/nl/LC_MESSAGES/
-rw-r--r-- root/root    209646 2022-07-18 13:52 usr/share/locale/nl/LC_MESSAGES/libvirt.mo
drwxr-xr-x root/root         0 2022-07-18 13:53 usr/share/locale/or/
drwxr-xr-x root/root         0 2022-07-18 13:53 usr/share/locale/or/LC_MESSAGES/
-rw-r--r-- root/root    748449 2022-07-18 13:52 usr/share/locale/or/LC_MESSAGES/libvirt.mo
drwxr-xr-x root/root         0 2022-07-18 13:53 usr/share/locale/pa/
drwxr-xr-x root/root         0 2022-07-18 13:53 usr/share/locale/pa/LC_MESSAGES/
-rw-r--r-- root/root    721572 2022-07-18 13:52 usr/share/locale/pa/LC_MESSAGES/libvirt.mo
drwxr-xr-x root/root         0 2022-07-18 13:53 usr/share/locale/pl/
drwxr-xr-x root/root         0 2022-07-18 13:53 usr/share/locale/pl/LC_MESSAGES/
-rw-r--r-- root/root    238846 2022-07-18 13:52 usr/share/locale/pl/LC_MESSAGES/libvirt.mo
drwxr-xr-x root/root         0 2022-07-18 13:53 usr/share/locale/pt/
drwxr-xr-x root/root         0 2022-07-18 13:53 usr/share/locale/pt/LC_MESSAGES/
-rw-r--r-- root/root     26150 2022-07-18 13:52 usr/share/locale/pt/LC_MESSAGES/libvirt.mo
drwxr-xr-x root/root         0 2022-07-18 13:53 usr/share/locale/pt_BR/
drwxr-xr-x root/root         0 2022-07-18 13:53 usr/share/locale/pt_BR/LC_MESSAGES/
-rw-r--r-- root/root    540023 2022-07-18 13:52 usr/share/locale/pt_BR/LC_MESSAGES/libvirt.mo
drwxr-xr-x root/root         0 2022-07-18 13:53 usr/share/locale/ru/
drwxr-xr-x root/root         0 2022-07-18 13:53 usr/share/locale/ru/LC_MESSAGES/
-rw-r--r-- root/root   1425982 2022-07-18 13:52 usr/share/locale/ru/LC_MESSAGES/libvirt.mo
drwxr-xr-x root/root         0 2022-07-18 13:53 usr/share/locale/si/
drwxr-xr-x root/root         0 2022-07-18 13:53 usr/share/locale/si/LC_MESSAGES/
-rw-r--r-- root/root       575 2022-07-18 13:52 usr/share/locale/si/LC_MESSAGES/libvirt.mo
drwxr-xr-x root/root         0 2022-07-18 13:53 usr/share/locale/sr/
drwxr-xr-x root/root         0 2022-07-18 13:53 usr/share/locale/sr/LC_MESSAGES/
-rw-r--r-- root/root     58064 2022-07-18 13:52 usr/share/locale/sr/LC_MESSAGES/libvirt.mo
drwxr-xr-x root/root         0 2022-07-18 13:53 usr/share/locale/sr@latin/
drwxr-xr-x root/root         0 2022-07-18 13:53 usr/share/locale/sr@latin/LC_MESSAGES/
-rw-r--r-- root/root     45934 2022-07-18 13:52 usr/share/locale/sr@latin/LC_MESSAGES/libvirt.mo
drwxr-xr-x root/root         0 2022-07-18 13:53 usr/share/locale/sv/
drwxr-xr-x root/root         0 2022-07-18 13:53 usr/share/locale/sv/LC_MESSAGES/
-rw-r--r-- root/root    365726 2022-07-18 13:52 usr/share/locale/sv/LC_MESSAGES/libvirt.mo
drwxr-xr-x root/root         0 2022-07-18 13:53 usr/share/locale/ta/
drwxr-xr-x root/root         0 2022-07-18 13:53 usr/share/locale/ta/LC_MESSAGES/
-rw-r--r-- root/root    962062 2022-07-18 13:52 usr/share/locale/ta/LC_MESSAGES/libvirt.mo
drwxr-xr-x root/root         0 2022-07-18 13:53 usr/share/locale/te/
drwxr-xr-x root/root         0 2022-07-18 13:53 usr/share/locale/te/LC_MESSAGES/
-rw-r--r-- root/root    806472 2022-07-18 13:52 usr/share/locale/te/LC_MESSAGES/libvirt.mo
drwxr-xr-x root/root         0 2022-07-18 13:53 usr/share/locale/tr/
drwxr-xr-x root/root         0 2022-07-18 13:53 usr/share/locale/tr/LC_MESSAGES/
-rw-r--r-- root/root      2254 2022-07-18 13:52 usr/share/locale/tr/LC_MESSAGES/libvirt.mo
drwxr-xr-x root/root         0 2022-07-18 13:53 usr/share/locale/uk/
drwxr-xr-x root/root         0 2022-07-18 13:53 usr/share/locale/uk/LC_MESSAGES/
-rw-r--r-- root/root   1594002 2022-07-18 13:52 usr/share/locale/uk/LC_MESSAGES/libvirt.mo
drwxr-xr-x root/root         0 2022-07-18 13:53 usr/share/locale/vi/
drwxr-xr-x root/root         0 2022-07-18 13:53 usr/share/locale/vi/LC_MESSAGES/
-rw-r--r-- root/root    203052 2022-07-18 13:52 usr/share/locale/vi/LC_MESSAGES/libvirt.mo
drwxr-xr-x root/root         0 2022-07-18 13:53 usr/share/locale/zh_CN/
drwxr-xr-x root/root         0 2022-07-18 13:53 usr/share/locale/zh_CN/LC_MESSAGES/
-rw-r--r-- root/root    533582 2022-07-18 13:52 usr/share/locale/zh_CN/LC_MESSAGES/libvirt.mo
drwxr-xr-x root/root         0 2022-07-18 13:53 usr/share/locale/zh_TW/
drwxr-xr-x root/root         0 2022-07-18 13:53 usr/share/locale/zh_TW/LC_MESSAGES/
-rw-r--r-- root/root     20284 2022-07-18 13:52 usr/share/locale/zh_TW/LC_MESSAGES/libvirt.mo
drwxr-xr-x root/root         0 2022-07-18 13:53 usr/share/polkit-1/
drwxr-xr-x root/root         0 2022-07-18 13:53 usr/share/polkit-1/actions/
-rw-r--r-- root/root     34954 2022-07-18 13:50 usr/share/polkit-1/actions/org.libvirt.api.policy
-rw-r--r-- root/root      2017 2022-03-01 11:08 usr/share/polkit-1/actions/org.libvirt.unix.policy
drwxr-xr-x root/root         0 2022-07-18 13:53 usr/share/polkit-1/rules.d/
-rw-r--r-- root/root       277 2022-07-18 13:49 usr/share/polkit-1/rules.d/50-libvirt.rules
drwxr-xr-x root/root         0 2022-07-18 13:53 var/
drwxr-xr-x root/root         0 2022-07-18 13:53 var/cache/
drwxr-xr-x root/root         0 2022-07-18 13:53 var/cache/libvirt/
drwxr-xr-x root/root         0 2022-07-18 13:53 var/cache/libvirt/qemu/
drwxr-xr-x root/root         0 2022-07-18 13:53 var/lib/
drwxr-xr-x root/root         0 2022-07-18 13:53 var/lib/libvirt/
drwxr-xr-x root/root         0 2022-07-18 13:53 var/lib/libvirt/boot/
drwxr-xr-x root/root         0 2022-07-18 13:53 var/lib/libvirt/ch/
drwxr-xr-x root/root         0 2022-07-18 13:53 var/lib/libvirt/dnsmasq/
drwxr-xr-x root/root         0 2022-07-18 13:53 var/lib/libvirt/filesystems/
drwxr-xr-x root/root         0 2022-07-18 13:53 var/lib/libvirt/images/
drwxr-xr-x root/root         0 2022-07-18 13:53 var/lib/libvirt/lockd/
drwxr-xr-x root/root         0 2022-07-18 13:53 var/lib/libvirt/lockd/files/
drwxr-xr-x root/root         0 2022-07-18 13:53 var/lib/libvirt/lxc/
drwxr-xr-x root/root         0 2022-07-18 13:53 var/lib/libvirt/network/
drwxr-xr-x root/root         0 2022-07-18 13:53 var/lib/libvirt/qemu/
drwxr-xr-x root/root         0 2022-07-18 13:53 var/lib/libvirt/qemu/channel/
drwxr-xr-x root/root         0 2022-07-18 13:53 var/lib/libvirt/qemu/channel/target/
drwxr-xr-x root/root         0 2022-07-18 13:53 var/lib/libvirt/qemu/checkpoint/
drwxr-xr-x root/root         0 2022-07-18 13:53 var/lib/libvirt/qemu/dump/
drwxr-xr-x root/root         0 2022-07-18 13:53 var/lib/libvirt/qemu/nvram/
drwxr-xr-x root/root         0 2022-07-18 13:53 var/lib/libvirt/qemu/ram/
drwxr-xr-x root/root         0 2022-07-18 13:53 var/lib/libvirt/qemu/save/
drwxr-xr-x root/root         0 2022-07-18 13:53 var/lib/libvirt/qemu/snapshot/
drwxr-xr-x root/root         0 2022-07-18 13:53 var/lib/libvirt/swtpm/
drwxr-xr-x root/root         0 2022-07-18 13:53 var/log/
drwxr-xr-x root/root         0 2022-07-18 13:53 var/log/libvirt/
drwxr-xr-x root/root         0 2022-07-18 13:53 var/log/libvirt/ch/
drwxr-xr-x root/root         0 2022-07-18 13:53 var/log/libvirt/lxc/
drwxr-xr-x root/root         0 2022-07-18 13:53 var/log/libvirt/qemu/
drwxr-xr-x root/root         0 2022-07-18 13:53 var/log/swtpm/
drwxr-xr-x root/root         0 2022-07-18 13:53 var/log/swtpm/libvirt/
drwxr-xr-x root/root         0 2022-07-18 13:53 var/log/swtpm/libvirt/qemu/


