++========================================
||
||   Package:  ./tracker2-2.3.6-x86_64-1_rtz.txz
||
++========================================
drwxr-xr-x root/root         0 2022-07-18 12:13 ./
drwxr-xr-x root/root         0 2022-07-18 12:13 install/
-rw-r--r-- root/root      1300 2022-07-18 12:13 install/doinst.sh
-rw-r--r-- root/root      1329 2022-07-18 12:13 install/slack-desc
drwxr-xr-x root/root         0 2022-07-18 12:13 usr/
drwxr-xr-x root/root         0 2022-07-18 12:13 usr/bin/
-rwxr-xr-x root/root    182280 2022-07-18 12:13 usr/bin/tracker
drwxr-xr-x root/root         0 2022-07-18 12:13 usr/doc/
drwxr-xr-x root/root         0 2022-07-18 12:13 usr/doc/tracker2-2.3.6/
-rw-r--r-- root/root      1654 2020-09-07 13:44 usr/doc/tracker2-2.3.6/AUTHORS
-rw-r--r-- root/root       236 2020-09-07 13:44 usr/doc/tracker2-2.3.6/COPYING
-rw-r--r-- root/root     17997 2020-09-07 13:44 usr/doc/tracker2-2.3.6/COPYING.GPL
-rw-r--r-- root/root     26527 2020-09-07 13:44 usr/doc/tracker2-2.3.6/COPYING.LGPL
-rw-r--r-- root/root    618866 2020-09-07 13:44 usr/doc/tracker2-2.3.6/ChangeLog.pre-0-6-93
-rw-r--r-- root/root       433 2020-09-07 13:44 usr/doc/tracker2-2.3.6/MAINTAINERS
-rw-r--r-- root/root    294857 2020-09-07 13:44 usr/doc/tracker2-2.3.6/NEWS
-rw-r--r-- root/root      4867 2020-09-07 13:44 usr/doc/tracker2-2.3.6/README.md
-rw-r--r-- root/root      3608 2022-07-18 12:13 usr/doc/tracker2-2.3.6/tracker2.SlackBuild
drwxr-xr-x root/root         0 2022-07-18 12:13 usr/include/
drwxr-xr-x root/root         0 2022-07-18 12:13 usr/include/tracker-2.0/
drwxr-xr-x root/root         0 2022-07-18 12:13 usr/include/tracker-2.0/libtracker-control/
-rw-r--r-- root/root      1056 2020-09-07 13:44 usr/include/tracker-2.0/libtracker-control/tracker-control.h
-rw-r--r-- root/root      9683 2020-09-07 13:44 usr/include/tracker-2.0/libtracker-control/tracker-miner-manager.h
drwxr-xr-x root/root         0 2022-07-18 12:13 usr/include/tracker-2.0/libtracker-miner/
-rw-r--r-- root/root      5665 2020-09-07 13:44 usr/include/tracker-2.0/libtracker-miner/tracker-data-provider.h
-rw-r--r-- root/root      2701 2020-09-07 13:44 usr/include/tracker-2.0/libtracker-miner/tracker-decorator-fs.h
-rw-r--r-- root/root      6110 2020-09-07 13:44 usr/include/tracker-2.0/libtracker-miner/tracker-decorator.h
-rw-r--r-- root/root      6619 2020-09-07 13:44 usr/include/tracker-2.0/libtracker-miner/tracker-indexing-tree.h
-rw-r--r-- root/root      1012 2022-07-18 12:12 usr/include/tracker-2.0/libtracker-miner/tracker-miner-enum-types.h
-rw-r--r-- root/root      4765 2020-09-07 13:44 usr/include/tracker-2.0/libtracker-miner/tracker-miner-enums.h
-rw-r--r-- root/root      7505 2020-09-07 13:44 usr/include/tracker-2.0/libtracker-miner/tracker-miner-fs.h
-rw-r--r-- root/root      6560 2020-09-07 13:44 usr/include/tracker-2.0/libtracker-miner/tracker-miner-object.h
-rw-r--r-- root/root      3019 2020-09-07 13:44 usr/include/tracker-2.0/libtracker-miner/tracker-miner-online.h
-rw-r--r-- root/root      2588 2020-09-07 13:44 usr/include/tracker-2.0/libtracker-miner/tracker-miner-proxy.h
-rw-r--r-- root/root      1492 2020-09-07 13:44 usr/include/tracker-2.0/libtracker-miner/tracker-miner.h
drwxr-xr-x root/root         0 2022-07-18 12:13 usr/include/tracker-2.0/libtracker-sparql/
-rw-r--r-- root/root     30431 2022-07-18 12:12 usr/include/tracker-2.0/libtracker-sparql/tracker-generated.h
-rw-r--r-- root/root      2117 2020-09-07 13:44 usr/include/tracker-2.0/libtracker-sparql/tracker-namespace-manager.h
-rw-r--r-- root/root      3387 2020-09-07 13:44 usr/include/tracker-2.0/libtracker-sparql/tracker-notifier.h
-rw-r--r-- root/root      2973 2020-09-07 13:44 usr/include/tracker-2.0/libtracker-sparql/tracker-ontologies.h
-rw-r--r-- root/root      4474 2020-09-07 13:44 usr/include/tracker-2.0/libtracker-sparql/tracker-resource.h
-rw-r--r-- root/root      1228 2020-09-07 13:44 usr/include/tracker-2.0/libtracker-sparql/tracker-sparql.h
-rw-r--r-- root/root      2638 2020-09-07 13:44 usr/include/tracker-2.0/libtracker-sparql/tracker-version.h
drwxr-xr-x root/root         0 2022-07-18 12:13 usr/lib64/
drwxr-xr-x root/root         0 2022-07-18 12:13 usr/lib64/girepository-1.0/
-rw-r--r-- root/root     26576 2022-07-18 12:13 usr/lib64/girepository-1.0/Tracker-2.0.typelib
-rw-r--r-- root/root      4532 2022-07-18 12:13 usr/lib64/girepository-1.0/TrackerControl-2.0.typelib
-rw-r--r-- root/root     16836 2022-07-18 12:13 usr/lib64/girepository-1.0/TrackerMiner-2.0.typelib
-rwxr-xr-x root/root     52368 2022-07-18 12:13 usr/lib64/libtracker-control-2.0.so.0.306.0
-rwxr-xr-x root/root    218592 2022-07-18 12:13 usr/lib64/libtracker-miner-2.0.so.0.306.0
-rwxr-xr-x root/root    234912 2022-07-18 12:13 usr/lib64/libtracker-sparql-2.0.so.0.306.0
drwxr-xr-x root/root         0 2022-07-18 12:13 usr/lib64/pkgconfig/
-rw-r--r-- root/root       269 2022-07-18 12:12 usr/lib64/pkgconfig/tracker-control-2.0.pc
-rw-r--r-- root/root       281 2022-07-18 12:12 usr/lib64/pkgconfig/tracker-miner-2.0.pc
-rw-r--r-- root/root       577 2022-07-18 12:12 usr/lib64/pkgconfig/tracker-sparql-2.0.pc
drwxr-xr-x root/root         0 2022-07-18 12:13 usr/lib64/tracker-2.0/
-rwxr-xr-x root/root    686288 2022-07-18 12:13 usr/lib64/tracker-2.0/libtracker-data.so
drwxr-xr-x root/root         0 2022-07-18 12:13 usr/lib64/tracker-2.0/trackertestutils/
-rw-r--r-- root/root         1 2020-09-07 13:44 usr/lib64/tracker-2.0/trackertestutils/__init__.py
-rw-r--r-- root/root      3673 2020-09-07 13:44 usr/lib64/tracker-2.0/trackertestutils/dconf.py
-rw-r--r-- root/root     21938 2020-09-07 13:44 usr/lib64/tracker-2.0/trackertestutils/helpers.py
-rw-r--r-- root/root      1853 2020-09-07 13:44 usr/lib64/tracker-2.0/trackertestutils/mainloop.py
drwxr-xr-x root/root         0 2022-07-18 12:13 usr/libexec/
-rwxr-xr-x root/root    214664 2022-07-18 12:13 usr/libexec/tracker-store
drwxr-xr-x root/root         0 2022-07-18 12:13 usr/man/
drwxr-xr-x root/root         0 2022-07-18 12:13 usr/man/man1/
-rw-r--r-- root/root      2765 2020-09-07 13:44 usr/man/man1/tracker-daemon.1.gz
-rw-r--r-- root/root       700 2020-09-07 13:44 usr/man/man1/tracker-export.1.gz
-rw-r--r-- root/root      1078 2020-09-07 13:44 usr/man/man1/tracker-index.1.gz
-rw-r--r-- root/root      1533 2020-09-07 13:44 usr/man/man1/tracker-info.1.gz
-rw-r--r-- root/root       909 2020-09-07 13:44 usr/man/man1/tracker-reset.1.gz
-rw-r--r-- root/root      1919 2020-09-07 13:44 usr/man/man1/tracker-search.1.gz
-rw-r--r-- root/root      3472 2020-09-07 13:44 usr/man/man1/tracker-sparql.1.gz
-rw-r--r-- root/root       772 2020-09-07 13:44 usr/man/man1/tracker-sql.1.gz
-rw-r--r-- root/root      1055 2020-09-07 13:44 usr/man/man1/tracker-status.1.gz
-rw-r--r-- root/root      1655 2020-09-07 13:44 usr/man/man1/tracker-store.1.gz
-rw-r--r-- root/root      1484 2020-09-07 13:44 usr/man/man1/tracker-tag.1.gz
drwxr-xr-x root/root         0 2022-07-18 12:13 usr/share/
drwxr-xr-x root/root         0 2022-07-18 12:13 usr/share/bash-completion/
drwxr-xr-x root/root         0 2022-07-18 12:13 usr/share/bash-completion/completions/
-rw-r--r-- root/root       797 2020-09-07 13:44 usr/share/bash-completion/completions/tracker
drwxr-xr-x root/root         0 2022-07-18 12:13 usr/share/dbus-1/
drwxr-xr-x root/root         0 2022-07-18 12:13 usr/share/dbus-1/services/
-rw-r--r-- root/root       115 2022-07-18 12:12 usr/share/dbus-1/services/org.freedesktop.Tracker1.service
drwxr-xr-x root/root         0 2022-07-18 12:13 usr/share/gir-1.0/
-rw-r--r-- root/root    194889 2022-07-18 12:13 usr/share/gir-1.0/Tracker-2.0.gir
-rw-r--r-- root/root     55933 2022-07-18 12:13 usr/share/gir-1.0/TrackerControl-2.0.gir
-rw-r--r-- root/root    210854 2022-07-18 12:13 usr/share/gir-1.0/TrackerMiner-2.0.gir
drwxr-xr-x root/root         0 2022-07-18 12:13 usr/share/glib-2.0/
drwxr-xr-x root/root         0 2022-07-18 12:13 usr/share/glib-2.0/schemas/
-rw-r--r-- root/root      1413 2020-09-07 13:44 usr/share/glib-2.0/schemas/org.freedesktop.Tracker.DB.gschema.xml
-rw-r--r-- root/root      2526 2020-09-07 13:44 usr/share/glib-2.0/schemas/org.freedesktop.Tracker.FTS.gschema.xml
-rw-r--r-- root/root      1438 2020-09-07 13:44 usr/share/glib-2.0/schemas/org.freedesktop.Tracker.Store.gschema.xml
-rw-r--r-- root/root       889 2022-07-18 12:12 usr/share/glib-2.0/schemas/org.freedesktop.Tracker.enums.xml
-rw-r--r-- root/root      1099 2020-09-07 13:44 usr/share/glib-2.0/schemas/org.freedesktop.Tracker.gschema.xml
drwxr-xr-x root/root         0 2022-07-18 12:13 usr/share/gtk-doc/
drwxr-xr-x root/root         0 2022-07-18 12:13 usr/share/gtk-doc/html/
drwxr-xr-x root/root         0 2022-07-18 12:13 usr/share/gtk-doc/html/libtracker-control/
-rw-r--r-- root/root      4514 2022-07-18 12:13 usr/share/gtk-doc/html/libtracker-control/annotation-glossary.html
-rw-r--r-- root/root      9987 2022-07-18 12:13 usr/share/gtk-doc/html/libtracker-control/api-index-full.html
-rw-r--r-- root/root      2059 2022-07-18 12:13 usr/share/gtk-doc/html/libtracker-control/ch01.html
-rw-r--r-- root/root       256 2022-07-18 12:13 usr/share/gtk-doc/html/libtracker-control/home.png
-rw-r--r-- root/root      2302 2022-07-18 12:13 usr/share/gtk-doc/html/libtracker-control/index.html
-rw-r--r-- root/root       395 2022-07-18 12:13 usr/share/gtk-doc/html/libtracker-control/left-insensitive.png
-rw-r--r-- root/root       262 2022-07-18 12:13 usr/share/gtk-doc/html/libtracker-control/left.png
-rw-r--r-- root/root     76219 2022-07-18 12:13 usr/share/gtk-doc/html/libtracker-control/libtracker-control-TrackerMinerManager.html
-rw-r--r-- root/root      6960 2022-07-18 12:13 usr/share/gtk-doc/html/libtracker-control/libtracker-control.devhelp2
-rw-r--r-- root/root      2199 2022-07-18 12:13 usr/share/gtk-doc/html/libtracker-control/libtracker-miner-reference.html
-rw-r--r-- root/root       373 2022-07-18 12:13 usr/share/gtk-doc/html/libtracker-control/right-insensitive.png
-rw-r--r-- root/root       261 2022-07-18 12:13 usr/share/gtk-doc/html/libtracker-control/right.png
-rw-r--r-- root/root     12017 2022-07-18 12:13 usr/share/gtk-doc/html/libtracker-control/style.css
-rw-r--r-- root/root      2851 2022-07-18 12:13 usr/share/gtk-doc/html/libtracker-control/tracker-migrating-1-to-2.html
-rw-r--r-- root/root       374 2022-07-18 12:13 usr/share/gtk-doc/html/libtracker-control/up-insensitive.png
-rw-r--r-- root/root       260 2022-07-18 12:13 usr/share/gtk-doc/html/libtracker-control/up.png
drwxr-xr-x root/root         0 2022-07-18 12:13 usr/share/gtk-doc/html/libtracker-miner/
-rw-r--r-- root/root      4437 2022-07-18 12:13 usr/share/gtk-doc/html/libtracker-miner/annotation-glossary.html
-rw-r--r-- root/root     56415 2022-07-18 12:13 usr/share/gtk-doc/html/libtracker-miner/api-index-full.html
-rw-r--r-- root/root      2760 2022-07-18 12:13 usr/share/gtk-doc/html/libtracker-miner/ch02.html
-rw-r--r-- root/root      3667 2022-07-18 12:13 usr/share/gtk-doc/html/libtracker-miner/ch03.html
-rw-r--r-- root/root      2256 2022-07-18 12:13 usr/share/gtk-doc/html/libtracker-miner/ch04.html
-rw-r--r-- root/root      2181 2022-07-18 12:13 usr/share/gtk-doc/html/libtracker-miner/ch05s02.html
-rw-r--r-- root/root      1834 2022-07-18 12:13 usr/share/gtk-doc/html/libtracker-miner/ch05s03.html
-rw-r--r-- root/root      1903 2022-07-18 12:13 usr/share/gtk-doc/html/libtracker-miner/ch05s04.html
-rw-r--r-- root/root      1948 2022-07-18 12:13 usr/share/gtk-doc/html/libtracker-miner/ch05s05.html
-rw-r--r-- root/root      1935 2022-07-18 12:13 usr/share/gtk-doc/html/libtracker-miner/ch05s06.html
-rw-r--r-- root/root      1965 2022-07-18 12:13 usr/share/gtk-doc/html/libtracker-miner/ch05s07.html
-rw-r--r-- root/root       256 2022-07-18 12:13 usr/share/gtk-doc/html/libtracker-miner/home.png
-rw-r--r-- root/root      6357 2022-07-18 12:13 usr/share/gtk-doc/html/libtracker-miner/index.html
-rw-r--r-- root/root       395 2022-07-18 12:13 usr/share/gtk-doc/html/libtracker-miner/left-insensitive.png
-rw-r--r-- root/root       262 2022-07-18 12:13 usr/share/gtk-doc/html/libtracker-miner/left.png
-rw-r--r-- root/root     12889 2022-07-18 12:13 usr/share/gtk-doc/html/libtracker-miner/libtracker-miner-Enumerations.html
-rw-r--r-- root/root     14231 2022-07-18 12:13 usr/share/gtk-doc/html/libtracker-miner/libtracker-miner-TrackerCrawler.html
-rw-r--r-- root/root     25526 2022-07-18 12:13 usr/share/gtk-doc/html/libtracker-miner/libtracker-miner-TrackerDataProvider.html
-rw-r--r-- root/root     45979 2022-07-18 12:13 usr/share/gtk-doc/html/libtracker-miner/libtracker-miner-TrackerDecorator.html
-rw-r--r-- root/root      8272 2022-07-18 12:13 usr/share/gtk-doc/html/libtracker-miner/libtracker-miner-TrackerDecoratorFS.html
-rw-r--r-- root/root      7882 2022-07-18 12:13 usr/share/gtk-doc/html/libtracker-miner/libtracker-miner-TrackerFileDataProvider.html
-rw-r--r-- root/root      9286 2022-07-18 12:13 usr/share/gtk-doc/html/libtracker-miner/libtracker-miner-TrackerFileNotifier.html
-rw-r--r-- root/root     17675 2022-07-18 12:13 usr/share/gtk-doc/html/libtracker-miner/libtracker-miner-TrackerFileSystem.html
-rw-r--r-- root/root     57829 2022-07-18 12:13 usr/share/gtk-doc/html/libtracker-miner/libtracker-miner-TrackerIndexingTree.html
-rw-r--r-- root/root     29019 2022-07-18 12:13 usr/share/gtk-doc/html/libtracker-miner/libtracker-miner-TrackerMiner.html
-rw-r--r-- root/root     43839 2022-07-18 12:13 usr/share/gtk-doc/html/libtracker-miner/libtracker-miner-TrackerMinerFS.html
-rw-r--r-- root/root      9719 2022-07-18 12:13 usr/share/gtk-doc/html/libtracker-miner/libtracker-miner-TrackerMinerOnline.html
-rw-r--r-- root/root      5565 2022-07-18 12:13 usr/share/gtk-doc/html/libtracker-miner/libtracker-miner-TrackerMinerProxy.html
-rw-r--r-- root/root     15402 2022-07-18 12:13 usr/share/gtk-doc/html/libtracker-miner/libtracker-miner-TrackerMonitor.html
-rw-r--r-- root/root      9398 2022-07-18 12:13 usr/share/gtk-doc/html/libtracker-miner/libtracker-miner-TrackerSparqlBuffer.html
-rw-r--r-- root/root     15062 2022-07-18 12:13 usr/share/gtk-doc/html/libtracker-miner/libtracker-miner-TrackerTaskPool.html
-rw-r--r-- root/root      5401 2022-07-18 12:13 usr/share/gtk-doc/html/libtracker-miner/libtracker-miner-reference.html
-rw-r--r-- root/root     19484 2022-07-18 12:13 usr/share/gtk-doc/html/libtracker-miner/libtracker-miner-tracker-priority-queue.html
-rw-r--r-- root/root      4084 2022-07-18 12:13 usr/share/gtk-doc/html/libtracker-miner/libtracker-miner-tracker-utils.html
-rw-r--r-- root/root     39118 2022-07-18 12:13 usr/share/gtk-doc/html/libtracker-miner/libtracker-miner.devhelp2
-rw-r--r-- root/root       373 2022-07-18 12:13 usr/share/gtk-doc/html/libtracker-miner/right-insensitive.png
-rw-r--r-- root/root       261 2022-07-18 12:13 usr/share/gtk-doc/html/libtracker-miner/right.png
-rw-r--r-- root/root     12017 2022-07-18 12:13 usr/share/gtk-doc/html/libtracker-miner/style.css
-rw-r--r-- root/root      3458 2022-07-18 12:13 usr/share/gtk-doc/html/libtracker-miner/tracker-migrating-1-to-2.html
-rw-r--r-- root/root      2997 2022-07-18 12:13 usr/share/gtk-doc/html/libtracker-miner/tracker-overview-compiling.html
-rw-r--r-- root/root      2397 2022-07-18 12:13 usr/share/gtk-doc/html/libtracker-miner/tracker-overview.html
-rw-r--r-- root/root       374 2022-07-18 12:13 usr/share/gtk-doc/html/libtracker-miner/up-insensitive.png
-rw-r--r-- root/root       260 2022-07-18 12:13 usr/share/gtk-doc/html/libtracker-miner/up.png
drwxr-xr-x root/root         0 2022-07-18 12:13 usr/share/gtk-doc/html/libtracker-sparql/
-rw-r--r-- root/root      2617 2022-07-18 12:13 usr/share/gtk-doc/html/libtracker-sparql/accompanying-metadata.html
-rw-r--r-- root/root      4312 2022-07-18 12:13 usr/share/gtk-doc/html/libtracker-sparql/annotation-glossary.html
-rw-r--r-- root/root     33620 2022-07-18 12:13 usr/share/gtk-doc/html/libtracker-sparql/api-index-full.html
-rw-r--r-- root/root      5012 2022-07-18 12:13 usr/share/gtk-doc/html/libtracker-sparql/base-ontology.html
-rw-r--r-- root/root      2102 2022-07-18 12:13 usr/share/gtk-doc/html/libtracker-sparql/ch18s02.html
-rw-r--r-- root/root      1976 2022-07-18 12:13 usr/share/gtk-doc/html/libtracker-sparql/ch18s03.html
-rw-r--r-- root/root      3751 2022-07-18 12:13 usr/share/gtk-doc/html/libtracker-sparql/creating-ontology.html
-rw-r--r-- root/root      2822 2022-07-18 12:13 usr/share/gtk-doc/html/libtracker-sparql/dc-ontology.html
-rw-r--r-- root/root      2937 2022-07-18 12:13 usr/share/gtk-doc/html/libtracker-sparql/defining-cardinality.html
-rw-r--r-- root/root      3047 2022-07-18 12:13 usr/share/gtk-doc/html/libtracker-sparql/defining-classes.html
-rw-r--r-- root/root      2443 2022-07-18 12:13 usr/share/gtk-doc/html/libtracker-sparql/defining-fts-indexes.html
-rw-r--r-- root/root      2498 2022-07-18 12:13 usr/share/gtk-doc/html/libtracker-sparql/defining-indexes.html
-rw-r--r-- root/root      4232 2022-07-18 12:13 usr/share/gtk-doc/html/libtracker-sparql/defining-properties.html
-rw-r--r-- root/root      2563 2022-07-18 12:13 usr/share/gtk-doc/html/libtracker-sparql/defining-uniqueness.html
-rw-r--r-- root/root       256 2022-07-18 12:13 usr/share/gtk-doc/html/libtracker-sparql/home.png
-rw-r--r-- root/root      9713 2022-07-18 12:13 usr/share/gtk-doc/html/libtracker-sparql/index.html
-rw-r--r-- root/root       395 2022-07-18 12:13 usr/share/gtk-doc/html/libtracker-sparql/left-insensitive.png
-rw-r--r-- root/root       262 2022-07-18 12:13 usr/share/gtk-doc/html/libtracker-sparql/left.png
-rw-r--r-- root/root     23735 2022-07-18 12:13 usr/share/gtk-doc/html/libtracker-sparql/libtracker-sparql-TrackerNamespaceManager.html
-rw-r--r-- root/root     30315 2022-07-18 12:13 usr/share/gtk-doc/html/libtracker-sparql/libtracker-sparql-TrackerNotifier.html
-rw-r--r-- root/root     92066 2022-07-18 12:13 usr/share/gtk-doc/html/libtracker-sparql/libtracker-sparql-TrackerResource.html
-rw-r--r-- root/root      8957 2022-07-18 12:13 usr/share/gtk-doc/html/libtracker-sparql/libtracker-sparql-TrackerSparqlBuilder.html
-rw-r--r-- root/root     27044 2022-07-18 12:13 usr/share/gtk-doc/html/libtracker-sparql/libtracker-sparql-TrackerSparqlConnection.html
-rw-r--r-- root/root      7610 2022-07-18 12:13 usr/share/gtk-doc/html/libtracker-sparql/libtracker-sparql-TrackerSparqlCursor.html
-rw-r--r-- root/root      5478 2022-07-18 12:13 usr/share/gtk-doc/html/libtracker-sparql/libtracker-sparql-TrackerSparqlStatement.html
-rw-r--r-- root/root     11251 2022-07-18 12:13 usr/share/gtk-doc/html/libtracker-sparql/libtracker-sparql-Utilities.html
-rw-r--r-- root/root     10931 2022-07-18 12:13 usr/share/gtk-doc/html/libtracker-sparql/libtracker-sparql-Version-Information.html
-rw-r--r-- root/root      3681 2022-07-18 12:13 usr/share/gtk-doc/html/libtracker-sparql/libtracker-sparql-reference.html
-rw-r--r-- root/root     32805 2022-07-18 12:13 usr/share/gtk-doc/html/libtracker-sparql/libtracker-sparql.devhelp2
-rw-r--r-- root/root      4835 2022-07-18 12:13 usr/share/gtk-doc/html/libtracker-sparql/nao-Tag.html
-rw-r--r-- root/root      4397 2022-07-18 12:13 usr/share/gtk-doc/html/libtracker-sparql/nao-ontology.html
-rw-r--r-- root/root      2461 2022-07-18 12:13 usr/share/gtk-doc/html/libtracker-sparql/nrl-InverseFunctionalProperty.html
-rw-r--r-- root/root      3001 2022-07-18 12:13 usr/share/gtk-doc/html/libtracker-sparql/nrl-ontology.html
-rw-r--r-- root/root      2227 2022-07-18 12:13 usr/share/gtk-doc/html/libtracker-sparql/predefined-elements.html
-rw-r--r-- root/root      3905 2022-07-18 12:13 usr/share/gtk-doc/html/libtracker-sparql/private-daemons.html
-rw-r--r-- root/root      7243 2022-07-18 12:13 usr/share/gtk-doc/html/libtracker-sparql/rdf-Property.html
-rw-r--r-- root/root      3616 2022-07-18 12:13 usr/share/gtk-doc/html/libtracker-sparql/rdf-ontology.html
-rw-r--r-- root/root      3423 2022-07-18 12:13 usr/share/gtk-doc/html/libtracker-sparql/rdfs-Class.html
-rw-r--r-- root/root      2282 2022-07-18 12:13 usr/share/gtk-doc/html/libtracker-sparql/rdfs-Literal.html
-rw-r--r-- root/root     14067 2022-07-18 12:13 usr/share/gtk-doc/html/libtracker-sparql/rdfs-Resource.html
-rw-r--r-- root/root      2680 2022-07-18 12:13 usr/share/gtk-doc/html/libtracker-sparql/recommendations.html
-rw-r--r-- root/root       373 2022-07-18 12:13 usr/share/gtk-doc/html/libtracker-sparql/right-insensitive.png
-rw-r--r-- root/root       261 2022-07-18 12:13 usr/share/gtk-doc/html/libtracker-sparql/right.png
-rw-r--r-- root/root     12017 2022-07-18 12:13 usr/share/gtk-doc/html/libtracker-sparql/style.css
-rw-r--r-- root/root      3334 2022-07-18 12:13 usr/share/gtk-doc/html/libtracker-sparql/tracker-Namespace.html
-rw-r--r-- root/root      2791 2022-07-18 12:13 usr/share/gtk-doc/html/libtracker-sparql/tracker-Ontology.html
-rw-r--r-- root/root      3851 2022-07-18 12:13 usr/share/gtk-doc/html/libtracker-sparql/tracker-examples-builder.html
-rw-r--r-- root/root      5244 2022-07-18 12:13 usr/share/gtk-doc/html/libtracker-sparql/tracker-examples-readonly.html
-rw-r--r-- root/root      5869 2022-07-18 12:13 usr/share/gtk-doc/html/libtracker-sparql/tracker-examples-writeonly-with-blank-nodes.html
-rw-r--r-- root/root      4560 2022-07-18 12:13 usr/share/gtk-doc/html/libtracker-sparql/tracker-examples-writeonly.html
-rw-r--r-- root/root      2382 2022-07-18 12:13 usr/share/gtk-doc/html/libtracker-sparql/tracker-examples.html
-rw-r--r-- root/root      3268 2022-07-18 12:13 usr/share/gtk-doc/html/libtracker-sparql/tracker-migrating-1-to-2.html
-rw-r--r-- root/root      4372 2022-07-18 12:13 usr/share/gtk-doc/html/libtracker-sparql/tracker-ontologies.html
-rw-r--r-- root/root      3051 2022-07-18 12:13 usr/share/gtk-doc/html/libtracker-sparql/tracker-overview-compiling.html
-rw-r--r-- root/root      2353 2022-07-18 12:13 usr/share/gtk-doc/html/libtracker-sparql/tracker-overview-connection-methods.html
-rw-r--r-- root/root      5469 2022-07-18 12:13 usr/share/gtk-doc/html/libtracker-sparql/tracker-overview-environment-variables.html
-rw-r--r-- root/root      2406 2022-07-18 12:13 usr/share/gtk-doc/html/libtracker-sparql/tracker-overview.html
-rw-r--r-- root/root      2612 2022-07-18 12:13 usr/share/gtk-doc/html/libtracker-sparql/tracker-private-store.html
-rw-r--r-- root/root       374 2022-07-18 12:13 usr/share/gtk-doc/html/libtracker-sparql/up-insensitive.png
-rw-r--r-- root/root       260 2022-07-18 12:13 usr/share/gtk-doc/html/libtracker-sparql/up.png
-rw-r--r-- root/root      5649 2022-07-18 12:13 usr/share/gtk-doc/html/libtracker-sparql/updating-ontology.html
-rw-r--r-- root/root      2246 2022-07-18 12:13 usr/share/gtk-doc/html/libtracker-sparql/xsd-boolean.html
-rw-r--r-- root/root      2181 2022-07-18 12:13 usr/share/gtk-doc/html/libtracker-sparql/xsd-date.html
-rw-r--r-- root/root      2152 2022-07-18 12:13 usr/share/gtk-doc/html/libtracker-sparql/xsd-dateTime.html
-rw-r--r-- root/root      2146 2022-07-18 12:13 usr/share/gtk-doc/html/libtracker-sparql/xsd-double.html
-rw-r--r-- root/root      2149 2022-07-18 12:13 usr/share/gtk-doc/html/libtracker-sparql/xsd-integer.html
-rw-r--r-- root/root      4446 2022-07-18 12:13 usr/share/gtk-doc/html/libtracker-sparql/xsd-ontology.html
-rw-r--r-- root/root      2149 2022-07-18 12:13 usr/share/gtk-doc/html/libtracker-sparql/xsd-string.html
drwxr-xr-x root/root         0 2022-07-18 12:13 usr/share/gtk-doc/html/ontology/
-rw-r--r-- root/root       256 2022-07-18 12:13 usr/share/gtk-doc/html/ontology/home.png
-rw-r--r-- root/root     36325 2022-07-18 12:13 usr/share/gtk-doc/html/ontology/index.html
-rw-r--r-- root/root       395 2022-07-18 12:13 usr/share/gtk-doc/html/ontology/left-insensitive.png
-rw-r--r-- root/root       262 2022-07-18 12:13 usr/share/gtk-doc/html/ontology/left.png
-rw-r--r-- root/root      2804 2022-07-18 12:13 usr/share/gtk-doc/html/ontology/maemo-ControlPanelApplet.html
-rw-r--r-- root/root      2489 2022-07-18 12:13 usr/share/gtk-doc/html/ontology/maemo-DesktopBookmark.html
-rw-r--r-- root/root      2734 2022-07-18 12:13 usr/share/gtk-doc/html/ontology/maemo-PostalAddress.html
-rw-r--r-- root/root      2765 2022-07-18 12:13 usr/share/gtk-doc/html/ontology/maemo-SoftwareApplet.html
-rw-r--r-- root/root      2639 2022-07-18 12:13 usr/share/gtk-doc/html/ontology/maemo-SoftwareWidget.html
-rw-r--r-- root/root      3528 2022-07-18 12:13 usr/share/gtk-doc/html/ontology/maemo-ontology.html
-rw-r--r-- root/root      2583 2022-07-18 12:13 usr/share/gtk-doc/html/ontology/mfo-Action.html
-rw-r--r-- root/root      4623 2022-07-18 12:13 usr/share/gtk-doc/html/ontology/mfo-Enclosure.html
-rw-r--r-- root/root      5293 2022-07-18 12:13 usr/share/gtk-doc/html/ontology/mfo-FeedChannel.html
-rw-r--r-- root/root      3576 2022-07-18 12:13 usr/share/gtk-doc/html/ontology/mfo-FeedElement.html
-rw-r--r-- root/root      4274 2022-07-18 12:13 usr/share/gtk-doc/html/ontology/mfo-FeedMessage.html
-rw-r--r-- root/root      4558 2022-07-18 12:13 usr/share/gtk-doc/html/ontology/mfo-FeedSettings.html
-rw-r--r-- root/root      2698 2022-07-18 12:13 usr/share/gtk-doc/html/ontology/mfo-FeedType.html
-rw-r--r-- root/root      1801 2022-07-18 12:13 usr/share/gtk-doc/html/ontology/mfo-classes.html
-rw-r--r-- root/root      7388 2022-07-18 12:13 usr/share/gtk-doc/html/ontology/mfo-ontology.html
-rw-r--r-- root/root      3957 2022-07-18 12:13 usr/share/gtk-doc/html/ontology/mlo-GeoBoundingBox.html
-rw-r--r-- root/root      4136 2022-07-18 12:13 usr/share/gtk-doc/html/ontology/mlo-GeoLocation.html
-rw-r--r-- root/root      5999 2022-07-18 12:13 usr/share/gtk-doc/html/ontology/mlo-GeoPoint.html
-rw-r--r-- root/root      3181 2022-07-18 12:13 usr/share/gtk-doc/html/ontology/mlo-GeoSphere.html
-rw-r--r-- root/root      3742 2022-07-18 12:13 usr/share/gtk-doc/html/ontology/mlo-Landmark.html
-rw-r--r-- root/root      5081 2022-07-18 12:13 usr/share/gtk-doc/html/ontology/mlo-LandmarkCategory.html
-rw-r--r-- root/root      4496 2022-07-18 12:13 usr/share/gtk-doc/html/ontology/mlo-LocationBoundingBox.html
-rw-r--r-- root/root      2632 2022-07-18 12:13 usr/share/gtk-doc/html/ontology/mlo-PointOfInterest.html
-rw-r--r-- root/root      3834 2022-07-18 12:13 usr/share/gtk-doc/html/ontology/mlo-Route.html
-rw-r--r-- root/root      1846 2022-07-18 12:13 usr/share/gtk-doc/html/ontology/mlo-classes.html
-rw-r--r-- root/root     10316 2022-07-18 12:13 usr/share/gtk-doc/html/ontology/mlo-ontology.html
-rw-r--r-- root/root      2820 2022-07-18 12:13 usr/share/gtk-doc/html/ontology/mto-DownloadTransfer.html
-rw-r--r-- root/root      3062 2022-07-18 12:13 usr/share/gtk-doc/html/ontology/mto-State.html
-rw-r--r-- root/root      2612 2022-07-18 12:13 usr/share/gtk-doc/html/ontology/mto-SyncTransfer.html
-rw-r--r-- root/root      6706 2022-07-18 12:13 usr/share/gtk-doc/html/ontology/mto-Transfer.html
-rw-r--r-- root/root      5411 2022-07-18 12:13 usr/share/gtk-doc/html/ontology/mto-TransferElement.html
-rw-r--r-- root/root      2905 2022-07-18 12:13 usr/share/gtk-doc/html/ontology/mto-TransferMethod.html
-rw-r--r-- root/root      3214 2022-07-18 12:13 usr/share/gtk-doc/html/ontology/mto-UploadTransfer.html
-rw-r--r-- root/root      3878 2022-07-18 12:13 usr/share/gtk-doc/html/ontology/mto-ontology.html
-rw-r--r-- root/root      3488 2022-07-18 12:13 usr/share/gtk-doc/html/ontology/mtp-ScanType.html
-rw-r--r-- root/root      3003 2022-07-18 12:13 usr/share/gtk-doc/html/ontology/mtp-ontology.html
-rw-r--r-- root/root      2654 2022-07-18 12:13 usr/share/gtk-doc/html/ontology/ncal-AccessClassification.html
-rw-r--r-- root/root      3832 2022-07-18 12:13 usr/share/gtk-doc/html/ontology/ncal-Alarm.html
-rw-r--r-- root/root      2493 2022-07-18 12:13 usr/share/gtk-doc/html/ontology/ncal-AlarmAction.html
-rw-r--r-- root/root      5410 2022-07-18 12:13 usr/share/gtk-doc/html/ontology/ncal-Attachment.html
-rw-r--r-- root/root      2544 2022-07-18 12:13 usr/share/gtk-doc/html/ontology/ncal-AttachmentEncoding.html
-rw-r--r-- root/root      7363 2022-07-18 12:13 usr/share/gtk-doc/html/ontology/ncal-Attendee.html
-rw-r--r-- root/root      4707 2022-07-18 12:13 usr/share/gtk-doc/html/ontology/ncal-AttendeeOrOrganizer.html
-rw-r--r-- root/root      2518 2022-07-18 12:13 usr/share/gtk-doc/html/ontology/ncal-AttendeeRole.html
-rw-r--r-- root/root      3982 2022-07-18 12:13 usr/share/gtk-doc/html/ontology/ncal-BydayRulePart.html
-rw-r--r-- root/root      6215 2022-07-18 12:13 usr/share/gtk-doc/html/ontology/ncal-Calendar.html
-rw-r--r-- root/root      2582 2022-07-18 12:13 usr/share/gtk-doc/html/ontology/ncal-CalendarDataObject.html
-rw-r--r-- root/root      2476 2022-07-18 12:13 usr/share/gtk-doc/html/ontology/ncal-CalendarScale.html
-rw-r--r-- root/root      2518 2022-07-18 12:13 usr/share/gtk-doc/html/ontology/ncal-CalendarUserType.html
-rw-r--r-- root/root      4213 2022-07-18 12:13 usr/share/gtk-doc/html/ontology/ncal-Event.html
-rw-r--r-- root/root      2586 2022-07-18 12:13 usr/share/gtk-doc/html/ontology/ncal-EventStatus.html
-rw-r--r-- root/root      3691 2022-07-18 12:13 usr/share/gtk-doc/html/ontology/ncal-Freebusy.html
-rw-r--r-- root/root      3706 2022-07-18 12:13 usr/share/gtk-doc/html/ontology/ncal-FreebusyPeriod.html
-rw-r--r-- root/root      2485 2022-07-18 12:13 usr/share/gtk-doc/html/ontology/ncal-FreebusyType.html
-rw-r--r-- root/root      3549 2022-07-18 12:13 usr/share/gtk-doc/html/ontology/ncal-Journal.html
-rw-r--r-- root/root      2625 2022-07-18 12:13 usr/share/gtk-doc/html/ontology/ncal-JournalStatus.html
-rw-r--r-- root/root      3995 2022-07-18 12:13 usr/share/gtk-doc/html/ontology/ncal-NcalDateTime.html
-rw-r--r-- root/root      4357 2022-07-18 12:13 usr/share/gtk-doc/html/ontology/ncal-NcalPeriod.html
-rw-r--r-- root/root      2878 2022-07-18 12:13 usr/share/gtk-doc/html/ontology/ncal-NcalTimeEntity.html
-rw-r--r-- root/root      2589 2022-07-18 12:13 usr/share/gtk-doc/html/ontology/ncal-Organizer.html
-rw-r--r-- root/root      2563 2022-07-18 12:13 usr/share/gtk-doc/html/ontology/ncal-ParticipationStatus.html
-rw-r--r-- root/root      2579 2022-07-18 12:13 usr/share/gtk-doc/html/ontology/ncal-RecurrenceFrequency.html
-rw-r--r-- root/root      3980 2022-07-18 12:13 usr/share/gtk-doc/html/ontology/ncal-RecurrenceIdentifier.html
-rw-r--r-- root/root      2613 2022-07-18 12:13 usr/share/gtk-doc/html/ontology/ncal-RecurrenceIdentifierRange.html
-rw-r--r-- root/root      9500 2022-07-18 12:13 usr/share/gtk-doc/html/ontology/ncal-RecurrenceRule.html
-rw-r--r-- root/root      4260 2022-07-18 12:13 usr/share/gtk-doc/html/ontology/ncal-RequestStatus.html
-rw-r--r-- root/root      2513 2022-07-18 12:13 usr/share/gtk-doc/html/ontology/ncal-TimeTransparency.html
-rw-r--r-- root/root      5170 2022-07-18 12:13 usr/share/gtk-doc/html/ontology/ncal-Timezone.html
-rw-r--r-- root/root      4861 2022-07-18 12:13 usr/share/gtk-doc/html/ontology/ncal-TimezoneObservance.html
-rw-r--r-- root/root      4926 2022-07-18 12:13 usr/share/gtk-doc/html/ontology/ncal-Todo.html
-rw-r--r-- root/root      2576 2022-07-18 12:13 usr/share/gtk-doc/html/ontology/ncal-TodoStatus.html
-rw-r--r-- root/root      4293 2022-07-18 12:13 usr/share/gtk-doc/html/ontology/ncal-Trigger.html
-rw-r--r-- root/root      2570 2022-07-18 12:13 usr/share/gtk-doc/html/ontology/ncal-TriggerRelation.html
-rw-r--r-- root/root     33436 2022-07-18 12:13 usr/share/gtk-doc/html/ontology/ncal-UnionParentClass.html
-rw-r--r-- root/root      2461 2022-07-18 12:13 usr/share/gtk-doc/html/ontology/ncal-Weekday.html
-rw-r--r-- root/root      9280 2022-07-18 12:13 usr/share/gtk-doc/html/ontology/ncal-ontology.html
-rw-r--r-- root/root      5383 2022-07-18 12:13 usr/share/gtk-doc/html/ontology/nco-Affiliation.html
-rw-r--r-- root/root      2967 2022-07-18 12:13 usr/share/gtk-doc/html/ontology/nco-AuthorizationStatus.html
-rw-r--r-- root/root      2773 2022-07-18 12:13 usr/share/gtk-doc/html/ontology/nco-BbsNumber.html
-rw-r--r-- root/root      2745 2022-07-18 12:13 usr/share/gtk-doc/html/ontology/nco-CarPhoneNumber.html
-rw-r--r-- root/root      3279 2022-07-18 12:13 usr/share/gtk-doc/html/ontology/nco-CellPhoneNumber.html
-rw-r--r-- root/root     12665 2022-07-18 12:13 usr/share/gtk-doc/html/ontology/nco-Contact.html
-rw-r--r-- root/root      5555 2022-07-18 12:13 usr/share/gtk-doc/html/ontology/nco-ContactGroup.html
-rw-r--r-- root/root      3920 2022-07-18 12:13 usr/share/gtk-doc/html/ontology/nco-ContactList.html
-rw-r--r-- root/root      2529 2022-07-18 12:13 usr/share/gtk-doc/html/ontology/nco-ContactListDataObject.html
-rw-r--r-- root/root      3939 2022-07-18 12:13 usr/share/gtk-doc/html/ontology/nco-ContactMedium.html
-rw-r--r-- root/root      2742 2022-07-18 12:13 usr/share/gtk-doc/html/ontology/nco-DomesticDeliveryAddress.html
-rw-r--r-- root/root      3486 2022-07-18 12:13 usr/share/gtk-doc/html/ontology/nco-EmailAddress.html
-rw-r--r-- root/root      2696 2022-07-18 12:13 usr/share/gtk-doc/html/ontology/nco-FaxNumber.html
-rw-r--r-- root/root      2790 2022-07-18 12:13 usr/share/gtk-doc/html/ontology/nco-Gender.html
-rw-r--r-- root/root      5086 2022-07-18 12:13 usr/share/gtk-doc/html/ontology/nco-IMAccount.html
-rw-r--r-- root/root      8003 2022-07-18 12:13 usr/share/gtk-doc/html/ontology/nco-IMAddress.html
-rw-r--r-- root/root      3424 2022-07-18 12:13 usr/share/gtk-doc/html/ontology/nco-IMCapability.html
-rw-r--r-- root/root      2772 2022-07-18 12:13 usr/share/gtk-doc/html/ontology/nco-InternationalDeliveryAddress.html
-rw-r--r-- root/root      2715 2022-07-18 12:13 usr/share/gtk-doc/html/ontology/nco-IsdnNumber.html
-rw-r--r-- root/root      2809 2022-07-18 12:13 usr/share/gtk-doc/html/ontology/nco-MessagingNumber.html
-rw-r--r-- root/root      2770 2022-07-18 12:13 usr/share/gtk-doc/html/ontology/nco-ModemNumber.html
-rw-r--r-- root/root      3393 2022-07-18 12:13 usr/share/gtk-doc/html/ontology/nco-OrganizationContact.html
-rw-r--r-- root/root      2737 2022-07-18 12:13 usr/share/gtk-doc/html/ontology/nco-PagerNumber.html
-rw-r--r-- root/root      2713 2022-07-18 12:13 usr/share/gtk-doc/html/ontology/nco-ParcelDeliveryAddress.html
-rw-r--r-- root/root      2761 2022-07-18 12:13 usr/share/gtk-doc/html/ontology/nco-PcsNumber.html
-rw-r--r-- root/root     10170 2022-07-18 12:13 usr/share/gtk-doc/html/ontology/nco-PersonContact.html
-rw-r--r-- root/root      4237 2022-07-18 12:13 usr/share/gtk-doc/html/ontology/nco-PhoneNumber.html
-rw-r--r-- root/root     10886 2022-07-18 12:13 usr/share/gtk-doc/html/ontology/nco-PostalAddress.html
-rw-r--r-- root/root      3410 2022-07-18 12:13 usr/share/gtk-doc/html/ontology/nco-PresenceStatus.html
-rw-r--r-- root/root     10508 2022-07-18 12:13 usr/share/gtk-doc/html/ontology/nco-Role.html
-rw-r--r-- root/root      2854 2022-07-18 12:13 usr/share/gtk-doc/html/ontology/nco-VideoTelephoneNumber.html
-rw-r--r-- root/root      3915 2022-07-18 12:13 usr/share/gtk-doc/html/ontology/nco-VoicePhoneNumber.html
-rw-r--r-- root/root      1855 2022-07-18 12:13 usr/share/gtk-doc/html/ontology/nco-classes.html
-rw-r--r-- root/root     10676 2022-07-18 12:13 usr/share/gtk-doc/html/ontology/nco-ontology.html
-rw-r--r-- root/root      2577 2022-07-18 12:13 usr/share/gtk-doc/html/ontology/nfo-Application.html
-rw-r--r-- root/root      3037 2022-07-18 12:13 usr/share/gtk-doc/html/ontology/nfo-Archive.html
-rw-r--r-- root/root      3160 2022-07-18 12:13 usr/share/gtk-doc/html/ontology/nfo-ArchiveItem.html
-rw-r--r-- root/root      2990 2022-07-18 12:13 usr/share/gtk-doc/html/ontology/nfo-Attachment.html
-rw-r--r-- root/root     10351 2022-07-18 12:13 usr/share/gtk-doc/html/ontology/nfo-Audio.html
-rw-r--r-- root/root      5433 2022-07-18 12:13 usr/share/gtk-doc/html/ontology/nfo-Bookmark.html
-rw-r--r-- root/root      5203 2022-07-18 12:13 usr/share/gtk-doc/html/ontology/nfo-BookmarkFolder.html
-rw-r--r-- root/root      2450 2022-07-18 12:13 usr/share/gtk-doc/html/ontology/nfo-CompressionType.html
-rw-r--r-- root/root      2851 2022-07-18 12:13 usr/share/gtk-doc/html/ontology/nfo-Cursor.html
-rw-r--r-- root/root      3657 2022-07-18 12:13 usr/share/gtk-doc/html/ontology/nfo-DataContainer.html
-rw-r--r-- root/root      3547 2022-07-18 12:13 usr/share/gtk-doc/html/ontology/nfo-DeletedResource.html
-rw-r--r-- root/root      4333 2022-07-18 12:13 usr/share/gtk-doc/html/ontology/nfo-Document.html
-rw-r--r-- root/root      2744 2022-07-18 12:13 usr/share/gtk-doc/html/ontology/nfo-EBook.html
-rw-r--r-- root/root      3648 2022-07-18 12:13 usr/share/gtk-doc/html/ontology/nfo-EmbeddedFileDataObject.html
-rw-r--r-- root/root      3609 2022-07-18 12:13 usr/share/gtk-doc/html/ontology/nfo-Equipment.html
-rw-r--r-- root/root      2408 2022-07-18 12:13 usr/share/gtk-doc/html/ontology/nfo-Executable.html
-rw-r--r-- root/root      8379 2022-07-18 12:13 usr/share/gtk-doc/html/ontology/nfo-FileDataObject.html
-rw-r--r-- root/root      3234 2022-07-18 12:13 usr/share/gtk-doc/html/ontology/nfo-FileHash.html
-rw-r--r-- root/root      2785 2022-07-18 12:13 usr/share/gtk-doc/html/ontology/nfo-Filesystem.html
-rw-r--r-- root/root      2852 2022-07-18 12:13 usr/share/gtk-doc/html/ontology/nfo-FilesystemImage.html
-rw-r--r-- root/root      2717 2022-07-18 12:13 usr/share/gtk-doc/html/ontology/nfo-Folder.html
-rw-r--r-- root/root      4222 2022-07-18 12:13 usr/share/gtk-doc/html/ontology/nfo-Font.html
-rw-r--r-- root/root      2439 2022-07-18 12:13 usr/share/gtk-doc/html/ontology/nfo-HardDiskPartition.html
-rw-r--r-- root/root      2646 2022-07-18 12:13 usr/share/gtk-doc/html/ontology/nfo-HelpDocument.html
-rw-r--r-- root/root      2862 2022-07-18 12:13 usr/share/gtk-doc/html/ontology/nfo-HtmlDocument.html
-rw-r--r-- root/root      2831 2022-07-18 12:13 usr/share/gtk-doc/html/ontology/nfo-Icon.html
-rw-r--r-- root/root      5308 2022-07-18 12:13 usr/share/gtk-doc/html/ontology/nfo-Image.html
-rw-r--r-- root/root      2950 2022-07-18 12:13 usr/share/gtk-doc/html/ontology/nfo-ImageCategory.html
-rw-r--r-- root/root     14094 2022-07-18 12:13 usr/share/gtk-doc/html/ontology/nfo-Media.html
-rw-r--r-- root/root      3685 2022-07-18 12:13 usr/share/gtk-doc/html/ontology/nfo-MediaFileListEntry.html
-rw-r--r-- root/root      4728 2022-07-18 12:13 usr/share/gtk-doc/html/ontology/nfo-MediaList.html
-rw-r--r-- root/root      2850 2022-07-18 12:13 usr/share/gtk-doc/html/ontology/nfo-MediaStream.html
-rw-r--r-- root/root      2569 2022-07-18 12:13 usr/share/gtk-doc/html/ontology/nfo-MindMap.html
-rw-r--r-- root/root      2544 2022-07-18 12:13 usr/share/gtk-doc/html/ontology/nfo-Note.html
-rw-r--r-- root/root      2675 2022-07-18 12:13 usr/share/gtk-doc/html/ontology/nfo-OperatingSystem.html
-rw-r--r-- root/root      3277 2022-07-18 12:13 usr/share/gtk-doc/html/ontology/nfo-Orientation.html
-rw-r--r-- root/root      3387 2022-07-18 12:13 usr/share/gtk-doc/html/ontology/nfo-PaginatedTextDocument.html
-rw-r--r-- root/root      3165 2022-07-18 12:13 usr/share/gtk-doc/html/ontology/nfo-PlainTextDocument.html
-rw-r--r-- root/root      2626 2022-07-18 12:13 usr/share/gtk-doc/html/ontology/nfo-Presentation.html
-rw-r--r-- root/root      2815 2022-07-18 12:13 usr/share/gtk-doc/html/ontology/nfo-RasterImage.html
-rw-r--r-- root/root      5607 2022-07-18 12:13 usr/share/gtk-doc/html/ontology/nfo-RegionOfInterest.html
-rw-r--r-- root/root      3349 2022-07-18 12:13 usr/share/gtk-doc/html/ontology/nfo-RegionOfInterestContent.html
-rw-r--r-- root/root      2805 2022-07-18 12:13 usr/share/gtk-doc/html/ontology/nfo-RemoteDataObject.html
-rw-r--r-- root/root      2723 2022-07-18 12:13 usr/share/gtk-doc/html/ontology/nfo-RemotePortAddress.html
-rw-r--r-- root/root      4845 2022-07-18 12:13 usr/share/gtk-doc/html/ontology/nfo-Software.html
-rw-r--r-- root/root      2770 2022-07-18 12:13 usr/share/gtk-doc/html/ontology/nfo-SoftwareApplication.html
-rw-r--r-- root/root      3490 2022-07-18 12:13 usr/share/gtk-doc/html/ontology/nfo-SoftwareCategory.html
-rw-r--r-- root/root      2561 2022-07-18 12:13 usr/share/gtk-doc/html/ontology/nfo-SoftwareItem.html
-rw-r--r-- root/root      2941 2022-07-18 12:13 usr/share/gtk-doc/html/ontology/nfo-SoftwareService.html
-rw-r--r-- root/root      4911 2022-07-18 12:13 usr/share/gtk-doc/html/ontology/nfo-SourceCode.html
-rw-r--r-- root/root      2656 2022-07-18 12:13 usr/share/gtk-doc/html/ontology/nfo-Spreadsheet.html
-rw-r--r-- root/root      4142 2022-07-18 12:13 usr/share/gtk-doc/html/ontology/nfo-TextDocument.html
-rw-r--r-- root/root      2563 2022-07-18 12:13 usr/share/gtk-doc/html/ontology/nfo-Trash.html
-rw-r--r-- root/root      2707 2022-07-18 12:13 usr/share/gtk-doc/html/ontology/nfo-VectorImage.html
-rw-r--r-- root/root      4624 2022-07-18 12:13 usr/share/gtk-doc/html/ontology/nfo-Video.html
-rw-r--r-- root/root      5986 2022-07-18 12:13 usr/share/gtk-doc/html/ontology/nfo-Visual.html
-rw-r--r-- root/root      3612 2022-07-18 12:13 usr/share/gtk-doc/html/ontology/nfo-WebHistory.html
-rw-r--r-- root/root      2508 2022-07-18 12:13 usr/share/gtk-doc/html/ontology/nfo-Website.html
-rw-r--r-- root/root     11649 2022-07-18 12:13 usr/share/gtk-doc/html/ontology/nfo-ontology.html
-rw-r--r-- root/root      7487 2022-07-18 12:13 usr/share/gtk-doc/html/ontology/nid3-ID3Audio.html
-rw-r--r-- root/root      2931 2022-07-18 12:13 usr/share/gtk-doc/html/ontology/nid3-ontology.html
-rw-r--r-- root/root      8429 2022-07-18 12:13 usr/share/gtk-doc/html/ontology/nie-DataObject.html
-rw-r--r-- root/root      3313 2022-07-18 12:13 usr/share/gtk-doc/html/ontology/nie-DataSource.html
-rw-r--r-- root/root     33693 2022-07-18 12:13 usr/share/gtk-doc/html/ontology/nie-InformationElement.html
-rw-r--r-- root/root      1875 2022-07-18 12:13 usr/share/gtk-doc/html/ontology/nie-classes.html
-rw-r--r-- root/root     13407 2022-07-18 12:13 usr/share/gtk-doc/html/ontology/nie-ontology.html
-rw-r--r-- root/root      3447 2022-07-18 12:13 usr/share/gtk-doc/html/ontology/nmm-AnalogRadio.html
-rw-r--r-- root/root      3946 2022-07-18 12:13 usr/share/gtk-doc/html/ontology/nmm-Artist.html
-rw-r--r-- root/root      3897 2022-07-18 12:13 usr/share/gtk-doc/html/ontology/nmm-DigitalRadio.html
-rw-r--r-- root/root      2637 2022-07-18 12:13 usr/share/gtk-doc/html/ontology/nmm-Flash.html
-rw-r--r-- root/root      2658 2022-07-18 12:13 usr/share/gtk-doc/html/ontology/nmm-ImageList.html
-rw-r--r-- root/root      3235 2022-07-18 12:13 usr/share/gtk-doc/html/ontology/nmm-MeteringMode.html
-rw-r--r-- root/root      6021 2022-07-18 12:13 usr/share/gtk-doc/html/ontology/nmm-MusicAlbum.html
-rw-r--r-- root/root      4614 2022-07-18 12:13 usr/share/gtk-doc/html/ontology/nmm-MusicAlbumDisc.html
-rw-r--r-- root/root      9135 2022-07-18 12:13 usr/share/gtk-doc/html/ontology/nmm-MusicPiece.html
-rw-r--r-- root/root      6220 2022-07-18 12:13 usr/share/gtk-doc/html/ontology/nmm-Photo.html
-rw-r--r-- root/root      2674 2022-07-18 12:13 usr/share/gtk-doc/html/ontology/nmm-Playlist.html
-rw-r--r-- root/root      2790 2022-07-18 12:13 usr/share/gtk-doc/html/ontology/nmm-RadioModulation.html
-rw-r--r-- root/root      4393 2022-07-18 12:13 usr/share/gtk-doc/html/ontology/nmm-RadioStation.html
-rw-r--r-- root/root      3392 2022-07-18 12:13 usr/share/gtk-doc/html/ontology/nmm-SynchronizedText.html
-rw-r--r-- root/root      9957 2022-07-18 12:13 usr/share/gtk-doc/html/ontology/nmm-Video.html
-rw-r--r-- root/root      2734 2022-07-18 12:13 usr/share/gtk-doc/html/ontology/nmm-WhiteBalance.html
-rw-r--r-- root/root      1835 2022-07-18 12:13 usr/share/gtk-doc/html/ontology/nmm-classes.html
-rw-r--r-- root/root      8954 2022-07-18 12:13 usr/share/gtk-doc/html/ontology/nmm-ontology.html
-rw-r--r-- root/root      3055 2022-07-18 12:13 usr/share/gtk-doc/html/ontology/nmo-Attachment.html
-rw-r--r-- root/root      3402 2022-07-18 12:13 usr/share/gtk-doc/html/ontology/nmo-Call.html
-rw-r--r-- root/root      4296 2022-07-18 12:13 usr/share/gtk-doc/html/ontology/nmo-CommunicationChannel.html
-rw-r--r-- root/root      2537 2022-07-18 12:13 usr/share/gtk-doc/html/ontology/nmo-Conversation.html
-rw-r--r-- root/root      3078 2022-07-18 12:13 usr/share/gtk-doc/html/ontology/nmo-DeliveryStatus.html
-rw-r--r-- root/root      5271 2022-07-18 12:13 usr/share/gtk-doc/html/ontology/nmo-Email.html
-rw-r--r-- root/root      2657 2022-07-18 12:13 usr/share/gtk-doc/html/ontology/nmo-IMMessage.html
-rw-r--r-- root/root      3494 2022-07-18 12:13 usr/share/gtk-doc/html/ontology/nmo-MMSMessage.html
-rw-r--r-- root/root      3836 2022-07-18 12:13 usr/share/gtk-doc/html/ontology/nmo-MailAccount.html
-rw-r--r-- root/root      3630 2022-07-18 12:13 usr/share/gtk-doc/html/ontology/nmo-MailFolder.html
-rw-r--r-- root/root      2414 2022-07-18 12:13 usr/share/gtk-doc/html/ontology/nmo-MailboxDataObject.html
-rw-r--r-- root/root     16588 2022-07-18 12:13 usr/share/gtk-doc/html/ontology/nmo-Message.html
-rw-r--r-- root/root      3306 2022-07-18 12:13 usr/share/gtk-doc/html/ontology/nmo-MessageHeader.html
-rw-r--r-- root/root      4779 2022-07-18 12:13 usr/share/gtk-doc/html/ontology/nmo-MimePart.html
-rw-r--r-- root/root      2975 2022-07-18 12:13 usr/share/gtk-doc/html/ontology/nmo-Multipart.html
-rw-r--r-- root/root      2704 2022-07-18 12:13 usr/share/gtk-doc/html/ontology/nmo-PermanentChannel.html
-rw-r--r-- root/root      5281 2022-07-18 12:13 usr/share/gtk-doc/html/ontology/nmo-PhoneMessage.html
-rw-r--r-- root/root      5342 2022-07-18 12:13 usr/share/gtk-doc/html/ontology/nmo-PhoneMessageFolder.html
-rw-r--r-- root/root      2885 2022-07-18 12:13 usr/share/gtk-doc/html/ontology/nmo-ReportReadStatus.html
-rw-r--r-- root/root      2866 2022-07-18 12:13 usr/share/gtk-doc/html/ontology/nmo-SMSMessage.html
-rw-r--r-- root/root      2669 2022-07-18 12:13 usr/share/gtk-doc/html/ontology/nmo-TransientChannel.html
-rw-r--r-- root/root      2744 2022-07-18 12:13 usr/share/gtk-doc/html/ontology/nmo-VOIPCall.html
-rw-r--r-- root/root      1905 2022-07-18 12:13 usr/share/gtk-doc/html/ontology/nmo-classes.html
-rw-r--r-- root/root     19501 2022-07-18 12:13 usr/share/gtk-doc/html/ontology/nmo-ontology.html
-rw-r--r-- root/root     98478 2022-07-18 12:13 usr/share/gtk-doc/html/ontology/ontology.devhelp2
-rw-r--r-- root/root     36630 2022-07-18 12:13 usr/share/gtk-doc/html/ontology/ontology.html
-rw-r--r-- root/root      3279 2022-07-18 12:13 usr/share/gtk-doc/html/ontology/osinfo-Installer.html
-rw-r--r-- root/root      2901 2022-07-18 12:13 usr/share/gtk-doc/html/ontology/osinfo-ontology.html
-rw-r--r-- root/root      3990 2022-07-18 12:13 usr/share/gtk-doc/html/ontology/overview.html
-rw-r--r-- root/root      2336 2022-07-18 12:13 usr/share/gtk-doc/html/ontology/poi-ObjectOfInterest.html
-rw-r--r-- root/root       373 2022-07-18 12:13 usr/share/gtk-doc/html/ontology/right-insensitive.png
-rw-r--r-- root/root       261 2022-07-18 12:13 usr/share/gtk-doc/html/ontology/right.png
-rw-r--r-- root/root      2957 2022-07-18 12:13 usr/share/gtk-doc/html/ontology/scal-AccessLevel.html
-rw-r--r-- root/root      3305 2022-07-18 12:13 usr/share/gtk-doc/html/ontology/scal-AttendanceStatus.html
-rw-r--r-- root/root      6369 2022-07-18 12:13 usr/share/gtk-doc/html/ontology/scal-Attendee.html
-rw-r--r-- root/root      3021 2022-07-18 12:13 usr/share/gtk-doc/html/ontology/scal-AttendeeRole.html
-rw-r--r-- root/root      2544 2022-07-18 12:13 usr/share/gtk-doc/html/ontology/scal-Calendar.html
-rw-r--r-- root/root      3402 2022-07-18 12:13 usr/share/gtk-doc/html/ontology/scal-CalendarAlarm.html
-rw-r--r-- root/root     10198 2022-07-18 12:13 usr/share/gtk-doc/html/ontology/scal-CalendarItem.html
-rw-r--r-- root/root      3107 2022-07-18 12:13 usr/share/gtk-doc/html/ontology/scal-CalendarUserType.html
-rw-r--r-- root/root      3095 2022-07-18 12:13 usr/share/gtk-doc/html/ontology/scal-Event.html
-rw-r--r-- root/root      2871 2022-07-18 12:13 usr/share/gtk-doc/html/ontology/scal-EventStatus.html
-rw-r--r-- root/root      3080 2022-07-18 12:13 usr/share/gtk-doc/html/ontology/scal-Journal.html
-rw-r--r-- root/root      3033 2022-07-18 12:13 usr/share/gtk-doc/html/ontology/scal-JournalStatus.html
-rw-r--r-- root/root      2821 2022-07-18 12:13 usr/share/gtk-doc/html/ontology/scal-RSVPValues.html
-rw-r--r-- root/root      4011 2022-07-18 12:13 usr/share/gtk-doc/html/ontology/scal-RecurrenceRule.html
-rw-r--r-- root/root      3235 2022-07-18 12:13 usr/share/gtk-doc/html/ontology/scal-TimePoint.html
-rw-r--r-- root/root      4164 2022-07-18 12:13 usr/share/gtk-doc/html/ontology/scal-Todo.html
-rw-r--r-- root/root      2958 2022-07-18 12:13 usr/share/gtk-doc/html/ontology/scal-TodoStatus.html
-rw-r--r-- root/root      2910 2022-07-18 12:13 usr/share/gtk-doc/html/ontology/scal-TransparencyValues.html
-rw-r--r-- root/root      5248 2022-07-18 12:13 usr/share/gtk-doc/html/ontology/scal-ontology.html
-rw-r--r-- root/root      7829 2022-07-18 12:13 usr/share/gtk-doc/html/ontology/slo-GeoLocation.html
-rw-r--r-- root/root      3937 2022-07-18 12:13 usr/share/gtk-doc/html/ontology/slo-Landmark.html
-rw-r--r-- root/root      5547 2022-07-18 12:13 usr/share/gtk-doc/html/ontology/slo-LandmarkCategory.html
-rw-r--r-- root/root      3603 2022-07-18 12:13 usr/share/gtk-doc/html/ontology/slo-Route.html
-rw-r--r-- root/root      3422 2022-07-18 12:13 usr/share/gtk-doc/html/ontology/slo-ontology.html
-rw-r--r-- root/root     12017 2022-07-18 12:13 usr/share/gtk-doc/html/ontology/style.css
-rw-r--r-- root/root      2927 2022-07-18 12:13 usr/share/gtk-doc/html/ontology/tracker-ontology.html
-rw-r--r-- root/root       374 2022-07-18 12:13 usr/share/gtk-doc/html/ontology/up-insensitive.png
-rw-r--r-- root/root       260 2022-07-18 12:13 usr/share/gtk-doc/html/ontology/up.png
drwxr-xr-x root/root         0 2022-07-18 12:13 usr/share/locale/
drwxr-xr-x root/root         0 2022-07-18 12:13 usr/share/locale/ar/
drwxr-xr-x root/root         0 2022-07-18 12:13 usr/share/locale/ar/LC_MESSAGES/
-rw-r--r-- root/root     16699 2022-07-18 12:13 usr/share/locale/ar/LC_MESSAGES/tracker.mo
drwxr-xr-x root/root         0 2022-07-18 12:13 usr/share/locale/as/
drwxr-xr-x root/root         0 2022-07-18 12:13 usr/share/locale/as/LC_MESSAGES/
-rw-r--r-- root/root     17454 2022-07-18 12:13 usr/share/locale/as/LC_MESSAGES/tracker.mo
drwxr-xr-x root/root         0 2022-07-18 12:13 usr/share/locale/be@latin/
drwxr-xr-x root/root         0 2022-07-18 12:13 usr/share/locale/be@latin/LC_MESSAGES/
-rw-r--r-- root/root     26550 2022-07-18 12:13 usr/share/locale/be@latin/LC_MESSAGES/tracker.mo
drwxr-xr-x root/root         0 2022-07-18 12:13 usr/share/locale/bg/
drwxr-xr-x root/root         0 2022-07-18 12:13 usr/share/locale/bg/LC_MESSAGES/
-rw-r--r-- root/root     89500 2022-07-18 12:13 usr/share/locale/bg/LC_MESSAGES/tracker.mo
drwxr-xr-x root/root         0 2022-07-18 12:13 usr/share/locale/bs/
drwxr-xr-x root/root         0 2022-07-18 12:13 usr/share/locale/bs/LC_MESSAGES/
-rw-r--r-- root/root     64086 2022-07-18 12:13 usr/share/locale/bs/LC_MESSAGES/tracker.mo
drwxr-xr-x root/root         0 2022-07-18 12:13 usr/share/locale/ca/
drwxr-xr-x root/root         0 2022-07-18 12:13 usr/share/locale/ca/LC_MESSAGES/
-rw-r--r-- root/root     40783 2022-07-18 12:13 usr/share/locale/ca/LC_MESSAGES/tracker.mo
drwxr-xr-x root/root         0 2022-07-18 12:13 usr/share/locale/ca@valencia/
drwxr-xr-x root/root         0 2022-07-18 12:13 usr/share/locale/ca@valencia/LC_MESSAGES/
-rw-r--r-- root/root     40780 2022-07-18 12:13 usr/share/locale/ca@valencia/LC_MESSAGES/tracker.mo
drwxr-xr-x root/root         0 2022-07-18 12:13 usr/share/locale/cs/
drwxr-xr-x root/root         0 2022-07-18 12:13 usr/share/locale/cs/LC_MESSAGES/
-rw-r--r-- root/root     40081 2022-07-18 12:13 usr/share/locale/cs/LC_MESSAGES/tracker.mo
drwxr-xr-x root/root         0 2022-07-18 12:13 usr/share/locale/da/
drwxr-xr-x root/root         0 2022-07-18 12:13 usr/share/locale/da/LC_MESSAGES/
-rw-r--r-- root/root     38155 2022-07-18 12:13 usr/share/locale/da/LC_MESSAGES/tracker.mo
drwxr-xr-x root/root         0 2022-07-18 12:13 usr/share/locale/de/
drwxr-xr-x root/root         0 2022-07-18 12:13 usr/share/locale/de/LC_MESSAGES/
-rw-r--r-- root/root     41771 2022-07-18 12:13 usr/share/locale/de/LC_MESSAGES/tracker.mo
drwxr-xr-x root/root         0 2022-07-18 12:13 usr/share/locale/dz/
drwxr-xr-x root/root         0 2022-07-18 12:13 usr/share/locale/dz/LC_MESSAGES/
-rw-r--r-- root/root     23524 2022-07-18 12:13 usr/share/locale/dz/LC_MESSAGES/tracker.mo
drwxr-xr-x root/root         0 2022-07-18 12:13 usr/share/locale/el/
drwxr-xr-x root/root         0 2022-07-18 12:13 usr/share/locale/el/LC_MESSAGES/
-rw-r--r-- root/root     53900 2022-07-18 12:13 usr/share/locale/el/LC_MESSAGES/tracker.mo
drwxr-xr-x root/root         0 2022-07-18 12:13 usr/share/locale/en_GB/
drwxr-xr-x root/root         0 2022-07-18 12:13 usr/share/locale/en_GB/LC_MESSAGES/
-rw-r--r-- root/root     36090 2022-07-18 12:13 usr/share/locale/en_GB/LC_MESSAGES/tracker.mo
drwxr-xr-x root/root         0 2022-07-18 12:13 usr/share/locale/eo/
drwxr-xr-x root/root         0 2022-07-18 12:13 usr/share/locale/eo/LC_MESSAGES/
-rw-r--r-- root/root      7952 2022-07-18 12:13 usr/share/locale/eo/LC_MESSAGES/tracker.mo
drwxr-xr-x root/root         0 2022-07-18 12:13 usr/share/locale/es/
drwxr-xr-x root/root         0 2022-07-18 12:13 usr/share/locale/es/LC_MESSAGES/
-rw-r--r-- root/root     39947 2022-07-18 12:13 usr/share/locale/es/LC_MESSAGES/tracker.mo
drwxr-xr-x root/root         0 2022-07-18 12:13 usr/share/locale/et/
drwxr-xr-x root/root         0 2022-07-18 12:13 usr/share/locale/et/LC_MESSAGES/
-rw-r--r-- root/root     33847 2022-07-18 12:13 usr/share/locale/et/LC_MESSAGES/tracker.mo
drwxr-xr-x root/root         0 2022-07-18 12:13 usr/share/locale/eu/
drwxr-xr-x root/root         0 2022-07-18 12:13 usr/share/locale/eu/LC_MESSAGES/
-rw-r--r-- root/root     39148 2022-07-18 12:13 usr/share/locale/eu/LC_MESSAGES/tracker.mo
drwxr-xr-x root/root         0 2022-07-18 12:13 usr/share/locale/fi/
drwxr-xr-x root/root         0 2022-07-18 12:13 usr/share/locale/fi/LC_MESSAGES/
-rw-r--r-- root/root      9966 2022-07-18 12:13 usr/share/locale/fi/LC_MESSAGES/tracker.mo
drwxr-xr-x root/root         0 2022-07-18 12:13 usr/share/locale/fr/
drwxr-xr-x root/root         0 2022-07-18 12:13 usr/share/locale/fr/LC_MESSAGES/
-rw-r--r-- root/root     41594 2022-07-18 12:13 usr/share/locale/fr/LC_MESSAGES/tracker.mo
drwxr-xr-x root/root         0 2022-07-18 12:13 usr/share/locale/fur/
drwxr-xr-x root/root         0 2022-07-18 12:13 usr/share/locale/fur/LC_MESSAGES/
-rw-r--r-- root/root     39412 2022-07-18 12:13 usr/share/locale/fur/LC_MESSAGES/tracker.mo
drwxr-xr-x root/root         0 2022-07-18 12:13 usr/share/locale/gl/
drwxr-xr-x root/root         0 2022-07-18 12:13 usr/share/locale/gl/LC_MESSAGES/
-rw-r--r-- root/root     39473 2022-07-18 12:13 usr/share/locale/gl/LC_MESSAGES/tracker.mo
drwxr-xr-x root/root         0 2022-07-18 12:13 usr/share/locale/he/
drwxr-xr-x root/root         0 2022-07-18 12:13 usr/share/locale/he/LC_MESSAGES/
-rw-r--r-- root/root      3472 2022-07-18 12:13 usr/share/locale/he/LC_MESSAGES/tracker.mo
drwxr-xr-x root/root         0 2022-07-18 12:13 usr/share/locale/hr/
drwxr-xr-x root/root         0 2022-07-18 12:13 usr/share/locale/hr/LC_MESSAGES/
-rw-r--r-- root/root     38594 2022-07-18 12:13 usr/share/locale/hr/LC_MESSAGES/tracker.mo
drwxr-xr-x root/root         0 2022-07-18 12:13 usr/share/locale/hu/
drwxr-xr-x root/root         0 2022-07-18 12:13 usr/share/locale/hu/LC_MESSAGES/
-rw-r--r-- root/root     40728 2022-07-18 12:13 usr/share/locale/hu/LC_MESSAGES/tracker.mo
drwxr-xr-x root/root         0 2022-07-18 12:13 usr/share/locale/id/
drwxr-xr-x root/root         0 2022-07-18 12:13 usr/share/locale/id/LC_MESSAGES/
-rw-r--r-- root/root     38196 2022-07-18 12:13 usr/share/locale/id/LC_MESSAGES/tracker.mo
drwxr-xr-x root/root         0 2022-07-18 12:13 usr/share/locale/is/
drwxr-xr-x root/root         0 2022-07-18 12:13 usr/share/locale/is/LC_MESSAGES/
-rw-r--r-- root/root      5796 2022-07-18 12:13 usr/share/locale/is/LC_MESSAGES/tracker.mo
drwxr-xr-x root/root         0 2022-07-18 12:13 usr/share/locale/it/
drwxr-xr-x root/root         0 2022-07-18 12:13 usr/share/locale/it/LC_MESSAGES/
-rw-r--r-- root/root     39040 2022-07-18 12:13 usr/share/locale/it/LC_MESSAGES/tracker.mo
drwxr-xr-x root/root         0 2022-07-18 12:13 usr/share/locale/ja/
drwxr-xr-x root/root         0 2022-07-18 12:13 usr/share/locale/ja/LC_MESSAGES/
-rw-r--r-- root/root     32438 2022-07-18 12:13 usr/share/locale/ja/LC_MESSAGES/tracker.mo
drwxr-xr-x root/root         0 2022-07-18 12:13 usr/share/locale/kk/
drwxr-xr-x root/root         0 2022-07-18 12:13 usr/share/locale/kk/LC_MESSAGES/
-rw-r--r-- root/root      4839 2022-07-18 12:13 usr/share/locale/kk/LC_MESSAGES/tracker.mo
drwxr-xr-x root/root         0 2022-07-18 12:13 usr/share/locale/ko/
drwxr-xr-x root/root         0 2022-07-18 12:13 usr/share/locale/ko/LC_MESSAGES/
-rw-r--r-- root/root     41200 2022-07-18 12:13 usr/share/locale/ko/LC_MESSAGES/tracker.mo
drwxr-xr-x root/root         0 2022-07-18 12:13 usr/share/locale/lt/
drwxr-xr-x root/root         0 2022-07-18 12:13 usr/share/locale/lt/LC_MESSAGES/
-rw-r--r-- root/root     38751 2022-07-18 12:13 usr/share/locale/lt/LC_MESSAGES/tracker.mo
drwxr-xr-x root/root         0 2022-07-18 12:13 usr/share/locale/lv/
drwxr-xr-x root/root         0 2022-07-18 12:13 usr/share/locale/lv/LC_MESSAGES/
-rw-r--r-- root/root     38339 2022-07-18 12:13 usr/share/locale/lv/LC_MESSAGES/tracker.mo
drwxr-xr-x root/root         0 2022-07-18 12:13 usr/share/locale/mk/
drwxr-xr-x root/root         0 2022-07-18 12:13 usr/share/locale/mk/LC_MESSAGES/
-rw-r--r-- root/root     17007 2022-07-18 12:13 usr/share/locale/mk/LC_MESSAGES/tracker.mo
drwxr-xr-x root/root         0 2022-07-18 12:13 usr/share/locale/ml/
drwxr-xr-x root/root         0 2022-07-18 12:13 usr/share/locale/ml/LC_MESSAGES/
-rw-r--r-- root/root     10919 2022-07-18 12:13 usr/share/locale/ml/LC_MESSAGES/tracker.mo
drwxr-xr-x root/root         0 2022-07-18 12:13 usr/share/locale/ms/
drwxr-xr-x root/root         0 2022-07-18 12:13 usr/share/locale/ms/LC_MESSAGES/
-rw-r--r-- root/root     37660 2022-07-18 12:13 usr/share/locale/ms/LC_MESSAGES/tracker.mo
drwxr-xr-x root/root         0 2022-07-18 12:13 usr/share/locale/nb/
drwxr-xr-x root/root         0 2022-07-18 12:13 usr/share/locale/nb/LC_MESSAGES/
-rw-r--r-- root/root     23223 2022-07-18 12:13 usr/share/locale/nb/LC_MESSAGES/tracker.mo
drwxr-xr-x root/root         0 2022-07-18 12:13 usr/share/locale/nds/
drwxr-xr-x root/root         0 2022-07-18 12:13 usr/share/locale/nds/LC_MESSAGES/
-rw-r--r-- root/root      8912 2022-07-18 12:13 usr/share/locale/nds/LC_MESSAGES/tracker.mo
drwxr-xr-x root/root         0 2022-07-18 12:13 usr/share/locale/ne/
drwxr-xr-x root/root         0 2022-07-18 12:13 usr/share/locale/ne/LC_MESSAGES/
-rw-r--r-- root/root     13298 2022-07-18 12:13 usr/share/locale/ne/LC_MESSAGES/tracker.mo
drwxr-xr-x root/root         0 2022-07-18 12:13 usr/share/locale/nl/
drwxr-xr-x root/root         0 2022-07-18 12:13 usr/share/locale/nl/LC_MESSAGES/
-rw-r--r-- root/root     38716 2022-07-18 12:13 usr/share/locale/nl/LC_MESSAGES/tracker.mo
drwxr-xr-x root/root         0 2022-07-18 12:13 usr/share/locale/oc/
drwxr-xr-x root/root         0 2022-07-18 12:13 usr/share/locale/oc/LC_MESSAGES/
-rw-r--r-- root/root     66266 2022-07-18 12:13 usr/share/locale/oc/LC_MESSAGES/tracker.mo
drwxr-xr-x root/root         0 2022-07-18 12:13 usr/share/locale/pa/
drwxr-xr-x root/root         0 2022-07-18 12:13 usr/share/locale/pa/LC_MESSAGES/
-rw-r--r-- root/root      3281 2022-07-18 12:13 usr/share/locale/pa/LC_MESSAGES/tracker.mo
drwxr-xr-x root/root         0 2022-07-18 12:13 usr/share/locale/pl/
drwxr-xr-x root/root         0 2022-07-18 12:13 usr/share/locale/pl/LC_MESSAGES/
-rw-r--r-- root/root     40661 2022-07-18 12:13 usr/share/locale/pl/LC_MESSAGES/tracker.mo
drwxr-xr-x root/root         0 2022-07-18 12:13 usr/share/locale/pt/
drwxr-xr-x root/root         0 2022-07-18 12:13 usr/share/locale/pt/LC_MESSAGES/
-rw-r--r-- root/root     64939 2022-07-18 12:13 usr/share/locale/pt/LC_MESSAGES/tracker.mo
drwxr-xr-x root/root         0 2022-07-18 12:13 usr/share/locale/pt_BR/
drwxr-xr-x root/root         0 2022-07-18 12:13 usr/share/locale/pt_BR/LC_MESSAGES/
-rw-r--r-- root/root     40413 2022-07-18 12:13 usr/share/locale/pt_BR/LC_MESSAGES/tracker.mo
drwxr-xr-x root/root         0 2022-07-18 12:13 usr/share/locale/ro/
drwxr-xr-x root/root         0 2022-07-18 12:13 usr/share/locale/ro/LC_MESSAGES/
-rw-r--r-- root/root     40678 2022-07-18 12:13 usr/share/locale/ro/LC_MESSAGES/tracker.mo
drwxr-xr-x root/root         0 2022-07-18 12:13 usr/share/locale/ru/
drwxr-xr-x root/root         0 2022-07-18 12:13 usr/share/locale/ru/LC_MESSAGES/
-rw-r--r-- root/root     51363 2022-07-18 12:13 usr/share/locale/ru/LC_MESSAGES/tracker.mo
drwxr-xr-x root/root         0 2022-07-18 12:13 usr/share/locale/sk/
drwxr-xr-x root/root         0 2022-07-18 12:13 usr/share/locale/sk/LC_MESSAGES/
-rw-r--r-- root/root     40213 2022-07-18 12:13 usr/share/locale/sk/LC_MESSAGES/tracker.mo
drwxr-xr-x root/root         0 2022-07-18 12:13 usr/share/locale/sl/
drwxr-xr-x root/root         0 2022-07-18 12:13 usr/share/locale/sl/LC_MESSAGES/
-rw-r--r-- root/root     40151 2022-07-18 12:13 usr/share/locale/sl/LC_MESSAGES/tracker.mo
drwxr-xr-x root/root         0 2022-07-18 12:13 usr/share/locale/sr/
drwxr-xr-x root/root         0 2022-07-18 12:13 usr/share/locale/sr/LC_MESSAGES/
-rw-r--r-- root/root     50192 2022-07-18 12:13 usr/share/locale/sr/LC_MESSAGES/tracker.mo
drwxr-xr-x root/root         0 2022-07-18 12:13 usr/share/locale/sr@latin/
drwxr-xr-x root/root         0 2022-07-18 12:13 usr/share/locale/sr@latin/LC_MESSAGES/
-rw-r--r-- root/root     39070 2022-07-18 12:13 usr/share/locale/sr@latin/LC_MESSAGES/tracker.mo
drwxr-xr-x root/root         0 2022-07-18 12:13 usr/share/locale/sv/
drwxr-xr-x root/root         0 2022-07-18 12:13 usr/share/locale/sv/LC_MESSAGES/
-rw-r--r-- root/root     38133 2022-07-18 12:13 usr/share/locale/sv/LC_MESSAGES/tracker.mo
drwxr-xr-x root/root         0 2022-07-18 12:13 usr/share/locale/te/
drwxr-xr-x root/root         0 2022-07-18 12:13 usr/share/locale/te/LC_MESSAGES/
-rw-r--r-- root/root     10828 2022-07-18 12:13 usr/share/locale/te/LC_MESSAGES/tracker.mo
drwxr-xr-x root/root         0 2022-07-18 12:13 usr/share/locale/tg/
drwxr-xr-x root/root         0 2022-07-18 12:13 usr/share/locale/tg/LC_MESSAGES/
-rw-r--r-- root/root      3933 2022-07-18 12:13 usr/share/locale/tg/LC_MESSAGES/tracker.mo
drwxr-xr-x root/root         0 2022-07-18 12:13 usr/share/locale/th/
drwxr-xr-x root/root         0 2022-07-18 12:13 usr/share/locale/th/LC_MESSAGES/
-rw-r--r-- root/root     36509 2022-07-18 12:13 usr/share/locale/th/LC_MESSAGES/tracker.mo
drwxr-xr-x root/root         0 2022-07-18 12:13 usr/share/locale/tr/
drwxr-xr-x root/root         0 2022-07-18 12:13 usr/share/locale/tr/LC_MESSAGES/
-rw-r--r-- root/root     38758 2022-07-18 12:13 usr/share/locale/tr/LC_MESSAGES/tracker.mo
drwxr-xr-x root/root         0 2022-07-18 12:13 usr/share/locale/uk/
drwxr-xr-x root/root         0 2022-07-18 12:13 usr/share/locale/uk/LC_MESSAGES/
-rw-r--r-- root/root     52311 2022-07-18 12:13 usr/share/locale/uk/LC_MESSAGES/tracker.mo
drwxr-xr-x root/root         0 2022-07-18 12:13 usr/share/locale/vi/
drwxr-xr-x root/root         0 2022-07-18 12:13 usr/share/locale/vi/LC_MESSAGES/
-rw-r--r-- root/root     56398 2022-07-18 12:13 usr/share/locale/vi/LC_MESSAGES/tracker.mo
drwxr-xr-x root/root         0 2022-07-18 12:13 usr/share/locale/zh_CN/
drwxr-xr-x root/root         0 2022-07-18 12:13 usr/share/locale/zh_CN/LC_MESSAGES/
-rw-r--r-- root/root     35259 2022-07-18 12:13 usr/share/locale/zh_CN/LC_MESSAGES/tracker.mo
drwxr-xr-x root/root         0 2022-07-18 12:13 usr/share/locale/zh_HK/
drwxr-xr-x root/root         0 2022-07-18 12:13 usr/share/locale/zh_HK/LC_MESSAGES/
-rw-r--r-- root/root     56813 2022-07-18 12:13 usr/share/locale/zh_HK/LC_MESSAGES/tracker.mo
drwxr-xr-x root/root         0 2022-07-18 12:13 usr/share/locale/zh_TW/
drwxr-xr-x root/root         0 2022-07-18 12:13 usr/share/locale/zh_TW/LC_MESSAGES/
-rw-r--r-- root/root     34963 2022-07-18 12:13 usr/share/locale/zh_TW/LC_MESSAGES/tracker.mo
drwxr-xr-x root/root         0 2022-07-18 12:13 usr/share/tracker/
drwxr-xr-x root/root         0 2022-07-18 12:13 usr/share/tracker/domain-ontologies/
-rw-r--r-- root/root      1366 2020-09-07 13:44 usr/share/tracker/domain-ontologies/default.rule
drwxr-xr-x root/root         0 2022-07-18 12:13 usr/share/tracker/ontologies/
drwxr-xr-x root/root         0 2022-07-18 12:13 usr/share/tracker/ontologies/nepomuk/
-rw-r--r-- root/root      1375 2020-09-07 13:44 usr/share/tracker/ontologies/nepomuk/30-nie.description
-rw-r--r-- root/root      9973 2020-09-07 13:44 usr/share/tracker/ontologies/nepomuk/30-nie.ontology
-rw-r--r-- root/root      1465 2020-09-07 13:44 usr/share/tracker/ontologies/nepomuk/32-nco.description
-rw-r--r-- root/root     31666 2020-09-07 13:44 usr/share/tracker/ontologies/nepomuk/32-nco.ontology
-rw-r--r-- root/root      1440 2020-09-07 13:44 usr/share/tracker/ontologies/nepomuk/33-nfo.description
-rw-r--r-- root/root     39042 2020-09-07 13:44 usr/share/tracker/ontologies/nepomuk/33-nfo.ontology
-rw-r--r-- root/root      1487 2020-09-07 13:44 usr/share/tracker/ontologies/nepomuk/34-nmo.description
-rw-r--r-- root/root     16966 2020-09-07 13:44 usr/share/tracker/ontologies/nepomuk/34-nmo.ontology
-rw-r--r-- root/root      1429 2020-09-07 13:44 usr/share/tracker/ontologies/nepomuk/35-ncal.description
-rw-r--r-- root/root     54597 2020-09-07 13:44 usr/share/tracker/ontologies/nepomuk/35-ncal.ontology
-rw-r--r-- root/root       571 2020-09-07 13:44 usr/share/tracker/ontologies/nepomuk/36-scal.description
-rw-r--r-- root/root     15720 2020-09-07 13:44 usr/share/tracker/ontologies/nepomuk/36-scal.ontology
-rw-r--r-- root/root       550 2020-09-07 13:44 usr/share/tracker/ontologies/nepomuk/37-nid3.description
-rw-r--r-- root/root      2740 2020-09-07 13:44 usr/share/tracker/ontologies/nepomuk/37-nid3.ontology
-rw-r--r-- root/root       630 2020-09-07 13:44 usr/share/tracker/ontologies/nepomuk/38-nmm.description
-rw-r--r-- root/root     16848 2020-09-07 13:44 usr/share/tracker/ontologies/nepomuk/38-nmm.ontology
-rw-r--r-- root/root       638 2020-09-07 13:44 usr/share/tracker/ontologies/nepomuk/39-mto.description
-rw-r--r-- root/root      6834 2020-09-07 13:44 usr/share/tracker/ontologies/nepomuk/39-mto.ontology
-rw-r--r-- root/root       568 2020-09-07 13:44 usr/share/tracker/ontologies/nepomuk/40-mlo.description
-rw-r--r-- root/root     12008 2020-09-07 13:44 usr/share/tracker/ontologies/nepomuk/40-mlo.ontology
-rw-r--r-- root/root       608 2020-09-07 13:44 usr/share/tracker/ontologies/nepomuk/41-mfo.description
-rw-r--r-- root/root      6907 2020-09-07 13:44 usr/share/tracker/ontologies/nepomuk/41-mfo.ontology
-rw-r--r-- root/root       588 2020-09-07 13:44 usr/share/tracker/ontologies/nepomuk/89-mtp.description
-rw-r--r-- root/root      3775 2020-09-07 13:44 usr/share/tracker/ontologies/nepomuk/89-mtp.ontology
-rw-r--r-- root/root       521 2020-09-07 13:44 usr/share/tracker/ontologies/nepomuk/90-tracker.description
-rw-r--r-- root/root      2841 2020-09-07 13:44 usr/share/tracker/ontologies/nepomuk/90-tracker.ontology
-rw-r--r-- root/root       494 2020-09-07 13:44 usr/share/tracker/ontologies/nepomuk/91-maemo.description
-rw-r--r-- root/root      4060 2020-09-07 13:44 usr/share/tracker/ontologies/nepomuk/91-maemo.ontology
-rw-r--r-- root/root       602 2020-09-07 13:44 usr/share/tracker/ontologies/nepomuk/92-slo.description
-rw-r--r-- root/root      9486 2020-09-07 13:44 usr/share/tracker/ontologies/nepomuk/92-slo.ontology
-rw-r--r-- root/root       508 2020-09-07 13:44 usr/share/tracker/ontologies/nepomuk/93-libosinfo.description
-rw-r--r-- root/root      1306 2020-09-07 13:44 usr/share/tracker/ontologies/nepomuk/93-libosinfo.ontology
drwxr-xr-x root/root         0 2022-07-18 12:13 usr/share/tracker/stop-words/
-rw-r--r-- root/root       484 2020-09-07 13:44 usr/share/tracker/stop-words/stopwords.da
-rw-r--r-- root/root       689 2020-09-07 13:44 usr/share/tracker/stop-words/stopwords.de
-rw-r--r-- root/root      4655 2020-09-07 13:44 usr/share/tracker/stop-words/stopwords.en
-rw-r--r-- root/root      1143 2020-09-07 13:44 usr/share/tracker/stop-words/stopwords.es
-rw-r--r-- root/root       464 2020-09-07 13:44 usr/share/tracker/stop-words/stopwords.fi
-rw-r--r-- root/root       784 2020-09-07 13:44 usr/share/tracker/stop-words/stopwords.fr
-rw-r--r-- root/root      2337 2020-09-07 13:44 usr/share/tracker/stop-words/stopwords.hu
-rw-r--r-- root/root       729 2020-09-07 13:44 usr/share/tracker/stop-words/stopwords.it
-rw-r--r-- root/root       587 2020-09-07 13:44 usr/share/tracker/stop-words/stopwords.nb
-rw-r--r-- root/root       177 2020-09-07 13:44 usr/share/tracker/stop-words/stopwords.nl
-rw-r--r-- root/root       865 2020-09-07 13:44 usr/share/tracker/stop-words/stopwords.pt
-rw-r--r-- root/root       980 2020-09-07 13:44 usr/share/tracker/stop-words/stopwords.ru
-rw-r--r-- root/root       549 2020-09-07 13:44 usr/share/tracker/stop-words/stopwords.sv
-rw-r--r-- root/root       475 2020-09-07 13:44 usr/share/tracker/tracker-backup.xml
-rw-r--r-- root/root      2190 2020-09-07 13:44 usr/share/tracker/tracker-miner.xml
-rw-r--r-- root/root      2274 2020-09-07 13:44 usr/share/tracker/tracker-resources.xml
-rw-r--r-- root/root      1332 2020-09-07 13:44 usr/share/tracker/tracker-statistics.xml
-rw-r--r-- root/root       728 2020-09-07 13:44 usr/share/tracker/tracker-status.xml
drwxr-xr-x root/root         0 2022-07-18 12:13 usr/share/vala/
drwxr-xr-x root/root         0 2022-07-18 12:13 usr/share/vala/vapi/
-rw-r--r-- root/root         8 2022-07-18 12:12 usr/share/vala/vapi/tracker-control-2.0.deps
-rw-r--r-- root/root      3335 2022-07-18 12:13 usr/share/vala/vapi/tracker-control-2.0.vapi
-rw-r--r-- root/root         8 2022-07-18 12:12 usr/share/vala/vapi/tracker-miner-2.0.deps
-rw-r--r-- root/root     12255 2022-07-18 12:13 usr/share/vala/vapi/tracker-miner-2.0.vapi
-rw-r--r-- root/root         8 2020-09-07 13:44 usr/share/vala/vapi/tracker-sparql-2.0.deps
-rw-r--r-- root/root     15625 2022-07-18 12:12 usr/share/vala/vapi/tracker-sparql-2.0.vapi


