++========================================
||
||   Package:  ./webkit2gtk-2.36.1-x86_64-1_rtz.tgz
||
++========================================
drwxr-xr-x root/root         0 2022-05-18 00:27 ./
drwxr-xr-x root/root         0 2022-05-18 00:27 install/
-rw-r--r-- root/root       536 2022-05-18 00:27 install/doinst.sh
-rw-r--r-- root/root      1038 2022-05-18 00:27 install/slack-desc
drwxr-xr-x root/root         0 2022-05-18 00:27 usr/
drwxr-xr-x root/root         0 2022-05-18 00:27 usr/bin/
-rwxr-xr-x root/root   1805056 2022-05-18 00:27 usr/bin/WebKitWebDriver
drwxr-xr-x root/root         0 2022-05-18 00:27 usr/doc/
drwxr-xr-x root/root         0 2022-05-18 00:27 usr/doc/webkit2gtk-2.36.1/
-rw-r--r-- root/root    108760 2022-04-21 14:41 usr/doc/webkit2gtk-2.36.1/NEWS
-rw-r--r-- root/root      3662 2022-05-18 00:27 usr/doc/webkit2gtk-2.36.1/webkit2gtk.SlackBuild
drwxr-xr-x root/root         0 2022-05-18 00:27 usr/include/
drwxr-xr-x root/root         0 2022-05-18 00:27 usr/include/webkitgtk-4.0/
drwxr-xr-x root/root         0 2022-05-18 00:27 usr/include/webkitgtk-4.0/JavaScriptCore/
-rw-r--r-- root/root      7691 2022-02-23 10:58 usr/include/webkitgtk-4.0/JavaScriptCore/JSBase.h
-rw-r--r-- root/root      6598 2022-02-23 10:58 usr/include/webkitgtk-4.0/JavaScriptCore/JSContextRef.h
-rw-r--r-- root/root     42679 2022-02-23 10:58 usr/include/webkitgtk-4.0/JavaScriptCore/JSObjectRef.h
-rw-r--r-- root/root      5881 2022-02-23 10:58 usr/include/webkitgtk-4.0/JavaScriptCore/JSStringRef.h
-rw-r--r-- root/root     12234 2022-02-23 10:58 usr/include/webkitgtk-4.0/JavaScriptCore/JSTypedArray.h
-rw-r--r-- root/root     15963 2022-02-23 10:58 usr/include/webkitgtk-4.0/JavaScriptCore/JSValueRef.h
-rw-r--r-- root/root      1688 2022-02-23 10:58 usr/include/webkitgtk-4.0/JavaScriptCore/JavaScript.h
-rw-r--r-- root/root      1686 2022-02-23 10:58 usr/include/webkitgtk-4.0/JavaScriptCore/WebKitAvailability.h
drwxr-xr-x root/root         0 2022-05-18 00:27 usr/include/webkitgtk-4.0/jsc/
-rw-r--r-- root/root      1473 2022-02-23 10:58 usr/include/webkitgtk-4.0/jsc/JSCAutocleanups.h
-rw-r--r-- root/root      7008 2022-02-23 10:58 usr/include/webkitgtk-4.0/jsc/JSCClass.h
-rw-r--r-- root/root      7329 2022-02-23 10:58 usr/include/webkitgtk-4.0/jsc/JSCContext.h
-rw-r--r-- root/root      1942 2022-02-23 10:58 usr/include/webkitgtk-4.0/jsc/JSCDefines.h
-rw-r--r-- root/root      4243 2022-02-23 10:58 usr/include/webkitgtk-4.0/jsc/JSCException.h
-rw-r--r-- root/root      3610 2022-02-23 10:58 usr/include/webkitgtk-4.0/jsc/JSCOptions.h
-rw-r--r-- root/root     11439 2022-02-23 10:58 usr/include/webkitgtk-4.0/jsc/JSCValue.h
-rw-r--r-- root/root      2491 2022-05-17 18:10 usr/include/webkitgtk-4.0/jsc/JSCVersion.h
-rw-r--r-- root/root      2463 2022-02-23 10:58 usr/include/webkitgtk-4.0/jsc/JSCVirtualMachine.h
-rw-r--r-- root/root      2403 2022-02-23 10:58 usr/include/webkitgtk-4.0/jsc/JSCWeakValue.h
-rw-r--r-- root/root      1222 2022-02-23 10:58 usr/include/webkitgtk-4.0/jsc/jsc.h
drwxr-xr-x root/root         0 2022-05-18 00:27 usr/include/webkitgtk-4.0/webkit2/
-rw-r--r-- root/root      2393 2022-02-23 10:59 usr/include/webkitgtk-4.0/webkit2/WebKitApplicationInfo.h
-rw-r--r-- root/root      6353 2022-02-23 10:59 usr/include/webkitgtk-4.0/webkit2/WebKitAuthenticationRequest.h
-rw-r--r-- root/root      5816 2022-02-23 10:59 usr/include/webkitgtk-4.0/webkit2/WebKitAutocleanups.h
-rw-r--r-- root/root      3464 2022-02-23 10:59 usr/include/webkitgtk-4.0/webkit2/WebKitAutomationSession.h
-rw-r--r-- root/root      3908 2022-02-23 10:59 usr/include/webkitgtk-4.0/webkit2/WebKitBackForwardList.h
-rw-r--r-- root/root      2948 2022-02-23 10:59 usr/include/webkitgtk-4.0/webkit2/WebKitBackForwardListItem.h
-rw-r--r-- root/root      3796 2022-02-23 10:59 usr/include/webkitgtk-4.0/webkit2/WebKitColorChooserRequest.h
-rw-r--r-- root/root      3468 2022-02-23 10:59 usr/include/webkitgtk-4.0/webkit2/WebKitConsoleMessage.h
-rw-r--r-- root/root      4493 2022-02-23 10:59 usr/include/webkitgtk-4.0/webkit2/WebKitContextMenu.h
-rw-r--r-- root/root      7317 2022-02-23 10:59 usr/include/webkitgtk-4.0/webkit2/WebKitContextMenuActions.h
-rw-r--r-- root/root      4602 2022-02-23 10:59 usr/include/webkitgtk-4.0/webkit2/WebKitContextMenuItem.h
-rw-r--r-- root/root      8427 2022-02-23 10:59 usr/include/webkitgtk-4.0/webkit2/WebKitCookieManager.h
-rw-r--r-- root/root      3346 2022-02-23 10:59 usr/include/webkitgtk-4.0/webkit2/WebKitCredential.h
-rw-r--r-- root/root      1971 2022-02-23 10:59 usr/include/webkitgtk-4.0/webkit2/WebKitDefines.h
-rw-r--r-- root/root      2794 2022-02-23 10:59 usr/include/webkitgtk-4.0/webkit2/WebKitDeviceInfoPermissionRequest.h
-rw-r--r-- root/root      3662 2022-02-23 10:59 usr/include/webkitgtk-4.0/webkit2/WebKitDownload.h
-rw-r--r-- root/root      4916 2022-02-23 10:59 usr/include/webkitgtk-4.0/webkit2/WebKitEditingCommands.h
-rw-r--r-- root/root      3755 2022-02-23 10:59 usr/include/webkitgtk-4.0/webkit2/WebKitEditorState.h
-rw-r--r-- root/root      8293 2022-05-17 22:58 usr/include/webkitgtk-4.0/webkit2/WebKitEnumTypes.h
-rw-r--r-- root/root      6869 2022-02-23 10:59 usr/include/webkitgtk-4.0/webkit2/WebKitError.h
-rw-r--r-- root/root      4266 2022-02-23 10:59 usr/include/webkitgtk-4.0/webkit2/WebKitFaviconDatabase.h
-rw-r--r-- root/root      3331 2022-02-23 10:59 usr/include/webkitgtk-4.0/webkit2/WebKitFileChooserRequest.h
-rw-r--r-- root/root      4876 2022-02-23 10:59 usr/include/webkitgtk-4.0/webkit2/WebKitFindController.h
-rw-r--r-- root/root      3225 2022-02-23 10:59 usr/include/webkitgtk-4.0/webkit2/WebKitFormSubmissionRequest.h
-rw-r--r-- root/root      1889 2022-02-23 10:59 usr/include/webkitgtk-4.0/webkit2/WebKitForwardDeclarations.h
-rw-r--r-- root/root      3718 2022-02-23 10:59 usr/include/webkitgtk-4.0/webkit2/WebKitFrame.h
-rw-r--r-- root/root      4903 2022-02-23 10:59 usr/include/webkitgtk-4.0/webkit2/WebKitGeolocationManager.h
-rw-r--r-- root/root      2831 2022-02-23 10:59 usr/include/webkitgtk-4.0/webkit2/WebKitGeolocationPermissionRequest.h
-rw-r--r-- root/root      4766 2022-02-23 10:59 usr/include/webkitgtk-4.0/webkit2/WebKitHitTestResult.h
-rw-r--r-- root/root     10246 2022-02-23 10:59 usr/include/webkitgtk-4.0/webkit2/WebKitInputMethodContext.h
-rw-r--r-- root/root      3422 2022-02-23 10:59 usr/include/webkitgtk-4.0/webkit2/WebKitInstallMissingMediaPluginsPermissionRequest.h
-rw-r--r-- root/root      1977 2022-02-23 10:59 usr/include/webkitgtk-4.0/webkit2/WebKitJavascriptResult.h
-rw-r--r-- root/root      3058 2022-02-23 10:59 usr/include/webkitgtk-4.0/webkit2/WebKitMediaKeySystemPermissionRequest.h
-rw-r--r-- root/root      3474 2022-02-23 10:59 usr/include/webkitgtk-4.0/webkit2/WebKitMemoryPressureSettings.h
-rw-r--r-- root/root      1728 2022-02-23 10:59 usr/include/webkitgtk-4.0/webkit2/WebKitMimeInfo.h
-rw-r--r-- root/root      3151 2022-02-23 10:59 usr/include/webkitgtk-4.0/webkit2/WebKitNavigationAction.h
-rw-r--r-- root/root      3919 2022-02-23 10:59 usr/include/webkitgtk-4.0/webkit2/WebKitNavigationPolicyDecision.h
-rw-r--r-- root/root      2651 2022-02-23 10:59 usr/include/webkitgtk-4.0/webkit2/WebKitNetworkProxySettings.h
-rw-r--r-- root/root      3113 2022-02-23 10:59 usr/include/webkitgtk-4.0/webkit2/WebKitNotification.h
-rw-r--r-- root/root      2705 2022-02-23 10:59 usr/include/webkitgtk-4.0/webkit2/WebKitNotificationPermissionRequest.h
-rw-r--r-- root/root      2944 2022-02-23 10:59 usr/include/webkitgtk-4.0/webkit2/WebKitOptionMenu.h
-rw-r--r-- root/root      2052 2022-02-23 10:59 usr/include/webkitgtk-4.0/webkit2/WebKitOptionMenuItem.h
-rw-r--r-- root/root      2185 2022-02-23 10:59 usr/include/webkitgtk-4.0/webkit2/WebKitPermissionRequest.h
-rw-r--r-- root/root      2562 2022-02-23 10:59 usr/include/webkitgtk-4.0/webkit2/WebKitPlugin.h
-rw-r--r-- root/root      2844 2022-02-23 10:59 usr/include/webkitgtk-4.0/webkit2/WebKitPointerLockPermissionRequest.h
-rw-r--r-- root/root      2901 2022-02-23 10:59 usr/include/webkitgtk-4.0/webkit2/WebKitPolicyDecision.h
-rw-r--r-- root/root      3415 2022-02-23 10:59 usr/include/webkitgtk-4.0/webkit2/WebKitPrintCustomWidget.h
-rw-r--r-- root/root      3881 2022-02-23 10:59 usr/include/webkitgtk-4.0/webkit2/WebKitPrintOperation.h
-rw-r--r-- root/root      3203 2022-02-23 10:59 usr/include/webkitgtk-4.0/webkit2/WebKitResponsePolicyDecision.h
-rw-r--r-- root/root      2976 2022-02-23 10:59 usr/include/webkitgtk-4.0/webkit2/WebKitScriptDialog.h
-rw-r--r-- root/root      2699 2022-02-23 10:59 usr/include/webkitgtk-4.0/webkit2/WebKitScriptWorld.h
-rw-r--r-- root/root      5143 2022-02-23 10:59 usr/include/webkitgtk-4.0/webkit2/WebKitSecurityManager.h
-rw-r--r-- root/root      2319 2022-02-23 10:59 usr/include/webkitgtk-4.0/webkit2/WebKitSecurityOrigin.h
-rw-r--r-- root/root     23029 2022-02-23 10:59 usr/include/webkitgtk-4.0/webkit2/WebKitSettings.h
-rw-r--r-- root/root      2918 2022-02-23 10:59 usr/include/webkitgtk-4.0/webkit2/WebKitURIRequest.h
-rw-r--r-- root/root      3044 2022-02-23 10:59 usr/include/webkitgtk-4.0/webkit2/WebKitURIResponse.h
-rw-r--r-- root/root      3890 2022-02-23 10:59 usr/include/webkitgtk-4.0/webkit2/WebKitURISchemeRequest.h
-rw-r--r-- root/root      3447 2022-02-23 10:59 usr/include/webkitgtk-4.0/webkit2/WebKitURISchemeResponse.h
-rw-r--r-- root/root      1164 2022-02-23 10:59 usr/include/webkitgtk-4.0/webkit2/WebKitURIUtilities.h
-rw-r--r-- root/root      6107 2022-02-23 10:59 usr/include/webkitgtk-4.0/webkit2/WebKitUserContent.h
-rw-r--r-- root/root      7780 2022-02-23 10:59 usr/include/webkitgtk-4.0/webkit2/WebKitUserContentFilterStore.h
-rw-r--r-- root/root      5904 2022-02-23 10:59 usr/include/webkitgtk-4.0/webkit2/WebKitUserContentManager.h
-rw-r--r-- root/root      3117 2022-02-23 10:59 usr/include/webkitgtk-4.0/webkit2/WebKitUserMediaPermissionRequest.h
-rw-r--r-- root/root      3666 2022-02-23 10:59 usr/include/webkitgtk-4.0/webkit2/WebKitUserMessage.h
-rw-r--r-- root/root      2576 2022-05-17 18:10 usr/include/webkitgtk-4.0/webkit2/WebKitVersion.h
-rw-r--r-- root/root     14678 2022-02-23 10:59 usr/include/webkitgtk-4.0/webkit2/WebKitWebContext.h
-rw-r--r-- root/root      2401 2022-02-23 10:59 usr/include/webkitgtk-4.0/webkit2/WebKitWebEditor.h
-rw-r--r-- root/root      4140 2022-02-23 10:59 usr/include/webkitgtk-4.0/webkit2/WebKitWebExtension.h
-rw-r--r-- root/root      1698 2022-02-23 10:59 usr/include/webkitgtk-4.0/webkit2/WebKitWebExtensionAutocleanups.h
-rw-r--r-- root/root      2732 2022-02-23 10:59 usr/include/webkitgtk-4.0/webkit2/WebKitWebHitTestResult.h
-rw-r--r-- root/root      3268 2022-02-23 10:59 usr/include/webkitgtk-4.0/webkit2/WebKitWebInspector.h
-rw-r--r-- root/root      3981 2022-02-23 10:59 usr/include/webkitgtk-4.0/webkit2/WebKitWebPage.h
-rw-r--r-- root/root      1930 2022-05-17 22:58 usr/include/webkitgtk-4.0/webkit2/WebKitWebProcessEnumTypes.h
-rw-r--r-- root/root      3173 2022-02-23 10:59 usr/include/webkitgtk-4.0/webkit2/WebKitWebResource.h
-rw-r--r-- root/root     32178 2022-02-23 10:59 usr/include/webkitgtk-4.0/webkit2/WebKitWebView.h
-rw-r--r-- root/root      3069 2022-02-23 10:59 usr/include/webkitgtk-4.0/webkit2/WebKitWebViewBase.h
-rw-r--r-- root/root      1747 2022-02-23 10:59 usr/include/webkitgtk-4.0/webkit2/WebKitWebViewSessionState.h
-rw-r--r-- root/root      4008 2022-02-23 10:59 usr/include/webkitgtk-4.0/webkit2/WebKitWebsiteData.h
-rw-r--r-- root/root      3301 2022-02-23 10:59 usr/include/webkitgtk-4.0/webkit2/WebKitWebsiteDataAccessPermissionRequest.h
-rw-r--r-- root/root     12042 2022-02-23 10:59 usr/include/webkitgtk-4.0/webkit2/WebKitWebsiteDataManager.h
-rw-r--r-- root/root      3324 2022-02-23 10:59 usr/include/webkitgtk-4.0/webkit2/WebKitWebsitePolicies.h
-rw-r--r-- root/root      3520 2022-02-23 10:59 usr/include/webkitgtk-4.0/webkit2/WebKitWindowProperties.h
-rw-r--r-- root/root      1764 2022-02-23 10:59 usr/include/webkitgtk-4.0/webkit2/webkit-web-extension.h
-rw-r--r-- root/root      4254 2022-02-23 10:59 usr/include/webkitgtk-4.0/webkit2/webkit2.h
drwxr-xr-x root/root         0 2022-05-18 00:27 usr/include/webkitgtk-4.0/webkitdom/
-rw-r--r-- root/root      3947 2022-02-23 10:59 usr/include/webkitgtk-4.0/webkitdom/WebKitDOMAttr.h
-rw-r--r-- root/root      2228 2022-02-23 10:59 usr/include/webkitgtk-4.0/webkitdom/WebKitDOMBlob.h
-rw-r--r-- root/root      2184 2022-02-23 10:59 usr/include/webkitgtk-4.0/webkitdom/WebKitDOMCDATASection.h
-rw-r--r-- root/root      4519 2022-02-23 10:59 usr/include/webkitgtk-4.0/webkitdom/WebKitDOMCSSRule.h
-rw-r--r-- root/root      2749 2022-02-23 10:59 usr/include/webkitgtk-4.0/webkitdom/WebKitDOMCSSRuleList.h
-rw-r--r-- root/root      6165 2022-02-23 10:59 usr/include/webkitgtk-4.0/webkitdom/WebKitDOMCSSStyleDeclaration.h
-rw-r--r-- root/root      4561 2022-02-23 10:59 usr/include/webkitgtk-4.0/webkitdom/WebKitDOMCSSStyleSheet.h
-rw-r--r-- root/root      3570 2022-02-23 10:59 usr/include/webkitgtk-4.0/webkitdom/WebKitDOMCSSValue.h
-rw-r--r-- root/root      4788 2022-02-23 10:59 usr/include/webkitgtk-4.0/webkitdom/WebKitDOMCharacterData.h
-rw-r--r-- root/root      4074 2022-02-23 10:59 usr/include/webkitgtk-4.0/webkitdom/WebKitDOMClientRect.h
-rw-r--r-- root/root      3032 2022-02-23 10:59 usr/include/webkitgtk-4.0/webkitdom/WebKitDOMClientRectList.h
-rw-r--r-- root/root      2093 2022-02-23 10:59 usr/include/webkitgtk-4.0/webkitdom/WebKitDOMComment.h
-rw-r--r-- root/root      1018 2022-02-23 10:59 usr/include/webkitgtk-4.0/webkitdom/WebKitDOMCustom.h
-rw-r--r-- root/root      1084 2022-02-23 10:59 usr/include/webkitgtk-4.0/webkitdom/WebKitDOMCustomUnstable.h
-rw-r--r-- root/root      4605 2022-02-23 10:59 usr/include/webkitgtk-4.0/webkitdom/WebKitDOMDOMImplementation.h
-rw-r--r-- root/root     10080 2022-02-23 10:59 usr/include/webkitgtk-4.0/webkitdom/WebKitDOMDOMSelection.h
-rw-r--r-- root/root      5071 2022-02-23 10:59 usr/include/webkitgtk-4.0/webkitdom/WebKitDOMDOMTokenList.h
-rw-r--r-- root/root     16857 2022-02-23 10:59 usr/include/webkitgtk-4.0/webkitdom/WebKitDOMDOMWindow.h
-rw-r--r-- root/root      1149 2022-02-23 10:59 usr/include/webkitgtk-4.0/webkitdom/WebKitDOMDOMWindowUnstable.h
-rw-r--r-- root/root     16502 2022-02-23 10:59 usr/include/webkitgtk-4.0/webkitdom/WebKitDOMDeprecated.h
-rw-r--r-- root/root     33923 2022-02-23 10:59 usr/include/webkitgtk-4.0/webkitdom/WebKitDOMDocument.h
-rw-r--r-- root/root      4867 2022-02-23 10:59 usr/include/webkitgtk-4.0/webkitdom/WebKitDOMDocumentFragment.h
-rw-r--r-- root/root      1177 2022-02-23 10:59 usr/include/webkitgtk-4.0/webkitdom/WebKitDOMDocumentFragmentUnstable.h
-rw-r--r-- root/root      3842 2022-02-23 10:59 usr/include/webkitgtk-4.0/webkitdom/WebKitDOMDocumentType.h
-rw-r--r-- root/root      1145 2022-02-23 10:59 usr/include/webkitgtk-4.0/webkitdom/WebKitDOMDocumentUnstable.h
-rw-r--r-- root/root     24389 2022-02-23 10:59 usr/include/webkitgtk-4.0/webkitdom/WebKitDOMElement.h
-rw-r--r-- root/root      1141 2022-02-23 10:59 usr/include/webkitgtk-4.0/webkitdom/WebKitDOMElementUnstable.h
-rw-r--r-- root/root      8512 2022-02-23 10:59 usr/include/webkitgtk-4.0/webkitdom/WebKitDOMEvent.h
-rw-r--r-- root/root      6577 2022-02-23 10:59 usr/include/webkitgtk-4.0/webkitdom/WebKitDOMEventTarget.h
-rw-r--r-- root/root      2219 2022-02-23 10:59 usr/include/webkitgtk-4.0/webkitdom/WebKitDOMFile.h
-rw-r--r-- root/root      2639 2022-02-23 10:59 usr/include/webkitgtk-4.0/webkitdom/WebKitDOMFileList.h
-rw-r--r-- root/root     12552 2022-02-23 10:59 usr/include/webkitgtk-4.0/webkitdom/WebKitDOMHTMLAnchorElement.h
-rw-r--r-- root/root      8546 2022-02-23 10:59 usr/include/webkitgtk-4.0/webkitdom/WebKitDOMHTMLAppletElement.h
-rw-r--r-- root/root      9567 2022-02-23 10:59 usr/include/webkitgtk-4.0/webkitdom/WebKitDOMHTMLAreaElement.h
-rw-r--r-- root/root      2772 2022-02-23 10:59 usr/include/webkitgtk-4.0/webkitdom/WebKitDOMHTMLBRElement.h
-rw-r--r-- root/root      3379 2022-02-23 10:59 usr/include/webkitgtk-4.0/webkitdom/WebKitDOMHTMLBaseElement.h
-rw-r--r-- root/root      5607 2022-02-23 10:59 usr/include/webkitgtk-4.0/webkitdom/WebKitDOMHTMLBodyElement.h
-rw-r--r-- root/root      5826 2022-02-23 10:59 usr/include/webkitgtk-4.0/webkitdom/WebKitDOMHTMLButtonElement.h
-rw-r--r-- root/root      3441 2022-02-23 10:59 usr/include/webkitgtk-4.0/webkitdom/WebKitDOMHTMLCanvasElement.h
-rw-r--r-- root/root      3146 2022-02-23 10:59 usr/include/webkitgtk-4.0/webkitdom/WebKitDOMHTMLCollection.h
-rw-r--r-- root/root      2888 2022-02-23 10:59 usr/include/webkitgtk-4.0/webkitdom/WebKitDOMHTMLDListElement.h
-rw-r--r-- root/root      2987 2022-02-23 10:59 usr/include/webkitgtk-4.0/webkitdom/WebKitDOMHTMLDirectoryElement.h
-rw-r--r-- root/root      2801 2022-02-23 10:59 usr/include/webkitgtk-4.0/webkitdom/WebKitDOMHTMLDivElement.h
-rw-r--r-- root/root      6830 2022-02-23 10:59 usr/include/webkitgtk-4.0/webkitdom/WebKitDOMHTMLDocument.h
-rw-r--r-- root/root      9817 2022-02-23 10:59 usr/include/webkitgtk-4.0/webkitdom/WebKitDOMHTMLElement.h
-rw-r--r-- root/root      1157 2022-02-23 10:59 usr/include/webkitgtk-4.0/webkitdom/WebKitDOMHTMLElementUnstable.h
-rw-r--r-- root/root      5636 2022-02-23 10:59 usr/include/webkitgtk-4.0/webkitdom/WebKitDOMHTMLEmbedElement.h
-rw-r--r-- root/root      2715 2022-02-23 10:59 usr/include/webkitgtk-4.0/webkitdom/WebKitDOMHTMLFieldSetElement.h
-rw-r--r-- root/root      3920 2022-02-23 10:59 usr/include/webkitgtk-4.0/webkitdom/WebKitDOMHTMLFontElement.h
-rw-r--r-- root/root      7252 2022-02-23 10:59 usr/include/webkitgtk-4.0/webkitdom/WebKitDOMHTMLFormElement.h
-rw-r--r-- root/root      8090 2022-02-23 10:59 usr/include/webkitgtk-4.0/webkitdom/WebKitDOMHTMLFrameElement.h
-rw-r--r-- root/root      3540 2022-02-23 10:59 usr/include/webkitgtk-4.0/webkitdom/WebKitDOMHTMLFrameSetElement.h
-rw-r--r-- root/root      4383 2022-02-23 10:59 usr/include/webkitgtk-4.0/webkitdom/WebKitDOMHTMLHRElement.h
-rw-r--r-- root/root      2838 2022-02-23 10:59 usr/include/webkitgtk-4.0/webkitdom/WebKitDOMHTMLHeadElement.h
-rw-r--r-- root/root      2917 2022-02-23 10:59 usr/include/webkitgtk-4.0/webkitdom/WebKitDOMHTMLHeadingElement.h
-rw-r--r-- root/root      2838 2022-02-23 10:59 usr/include/webkitgtk-4.0/webkitdom/WebKitDOMHTMLHtmlElement.h
-rw-r--r-- root/root      8757 2022-02-23 10:59 usr/include/webkitgtk-4.0/webkitdom/WebKitDOMHTMLIFrameElement.h
-rw-r--r-- root/root     10918 2022-02-23 10:59 usr/include/webkitgtk-4.0/webkitdom/WebKitDOMHTMLImageElement.h
-rw-r--r-- root/root     17445 2022-02-23 10:59 usr/include/webkitgtk-4.0/webkitdom/WebKitDOMHTMLInputElement.h
-rw-r--r-- root/root      3313 2022-02-23 10:59 usr/include/webkitgtk-4.0/webkitdom/WebKitDOMHTMLLIElement.h
-rw-r--r-- root/root      3194 2022-02-23 10:59 usr/include/webkitgtk-4.0/webkitdom/WebKitDOMHTMLLabelElement.h
-rw-r--r-- root/root      3215 2022-02-23 10:59 usr/include/webkitgtk-4.0/webkitdom/WebKitDOMHTMLLegendElement.h
-rw-r--r-- root/root      8200 2022-02-23 10:59 usr/include/webkitgtk-4.0/webkitdom/WebKitDOMHTMLLinkElement.h
-rw-r--r-- root/root      3112 2022-02-23 10:59 usr/include/webkitgtk-4.0/webkitdom/WebKitDOMHTMLMapElement.h
-rw-r--r-- root/root      2836 2022-02-23 10:59 usr/include/webkitgtk-4.0/webkitdom/WebKitDOMHTMLMarqueeElement.h
-rw-r--r-- root/root      2842 2022-02-23 10:59 usr/include/webkitgtk-4.0/webkitdom/WebKitDOMHTMLMenuElement.h
-rw-r--r-- root/root      4505 2022-02-23 10:59 usr/include/webkitgtk-4.0/webkitdom/WebKitDOMHTMLMetaElement.h
-rw-r--r-- root/root      3354 2022-02-23 10:59 usr/include/webkitgtk-4.0/webkitdom/WebKitDOMHTMLModElement.h
-rw-r--r-- root/root      4018 2022-02-23 10:59 usr/include/webkitgtk-4.0/webkitdom/WebKitDOMHTMLOListElement.h
-rw-r--r-- root/root     12099 2022-02-23 10:59 usr/include/webkitgtk-4.0/webkitdom/WebKitDOMHTMLObjectElement.h
-rw-r--r-- root/root      3564 2022-02-23 10:59 usr/include/webkitgtk-4.0/webkitdom/WebKitDOMHTMLOptGroupElement.h
-rw-r--r-- root/root      6100 2022-02-23 10:59 usr/include/webkitgtk-4.0/webkitdom/WebKitDOMHTMLOptionElement.h
-rw-r--r-- root/root      3697 2022-02-23 10:59 usr/include/webkitgtk-4.0/webkitdom/WebKitDOMHTMLOptionsCollection.h
-rw-r--r-- root/root      2975 2022-02-23 10:59 usr/include/webkitgtk-4.0/webkitdom/WebKitDOMHTMLParagraphElement.h
-rw-r--r-- root/root      4562 2022-02-23 10:59 usr/include/webkitgtk-4.0/webkitdom/WebKitDOMHTMLParamElement.h
-rw-r--r-- root/root      3334 2022-02-23 10:59 usr/include/webkitgtk-4.0/webkitdom/WebKitDOMHTMLPreElement.h
-rw-r--r-- root/root      2855 2022-02-23 10:59 usr/include/webkitgtk-4.0/webkitdom/WebKitDOMHTMLQuoteElement.h
-rw-r--r-- root/root      6321 2022-02-23 10:59 usr/include/webkitgtk-4.0/webkitdom/WebKitDOMHTMLScriptElement.h
-rw-r--r-- root/root      9560 2022-02-23 10:59 usr/include/webkitgtk-4.0/webkitdom/WebKitDOMHTMLSelectElement.h
-rw-r--r-- root/root      4320 2022-02-23 10:59 usr/include/webkitgtk-4.0/webkitdom/WebKitDOMHTMLStyleElement.h
-rw-r--r-- root/root      3079 2022-02-23 10:59 usr/include/webkitgtk-4.0/webkitdom/WebKitDOMHTMLTableCaptionElement.h
-rw-r--r-- root/root     11034 2022-02-23 10:59 usr/include/webkitgtk-4.0/webkitdom/WebKitDOMHTMLTableCellElement.h
-rw-r--r-- root/root      5876 2022-02-23 10:59 usr/include/webkitgtk-4.0/webkitdom/WebKitDOMHTMLTableColElement.h
-rw-r--r-- root/root     12085 2022-02-23 10:59 usr/include/webkitgtk-4.0/webkitdom/WebKitDOMHTMLTableElement.h
-rw-r--r-- root/root      6986 2022-02-23 10:59 usr/include/webkitgtk-4.0/webkitdom/WebKitDOMHTMLTableRowElement.h
-rw-r--r-- root/root      6045 2022-02-23 10:59 usr/include/webkitgtk-4.0/webkitdom/WebKitDOMHTMLTableSectionElement.h
-rw-r--r-- root/root     10215 2022-02-23 10:59 usr/include/webkitgtk-4.0/webkitdom/WebKitDOMHTMLTextAreaElement.h
-rw-r--r-- root/root      2855 2022-02-23 10:59 usr/include/webkitgtk-4.0/webkitdom/WebKitDOMHTMLTitleElement.h
-rw-r--r-- root/root      3465 2022-02-23 10:59 usr/include/webkitgtk-4.0/webkitdom/WebKitDOMHTMLUListElement.h
-rw-r--r-- root/root      5975 2022-02-23 10:59 usr/include/webkitgtk-4.0/webkitdom/WebKitDOMKeyboardEvent.h
-rw-r--r-- root/root      3803 2022-02-23 10:59 usr/include/webkitgtk-4.0/webkitdom/WebKitDOMMediaList.h
-rw-r--r-- root/root      7172 2022-02-23 10:59 usr/include/webkitgtk-4.0/webkitdom/WebKitDOMMouseEvent.h
-rw-r--r-- root/root      5100 2022-02-23 10:59 usr/include/webkitgtk-4.0/webkitdom/WebKitDOMNamedNodeMap.h
-rw-r--r-- root/root     13293 2022-02-23 10:59 usr/include/webkitgtk-4.0/webkitdom/WebKitDOMNode.h
-rw-r--r-- root/root      6504 2022-02-23 10:59 usr/include/webkitgtk-4.0/webkitdom/WebKitDOMNodeFilter.h
-rw-r--r-- root/root      4518 2022-02-23 10:59 usr/include/webkitgtk-4.0/webkitdom/WebKitDOMNodeIterator.h
-rw-r--r-- root/root      2639 2022-02-23 10:59 usr/include/webkitgtk-4.0/webkitdom/WebKitDOMNodeList.h
-rw-r--r-- root/root      2047 2022-02-23 10:59 usr/include/webkitgtk-4.0/webkitdom/WebKitDOMObject.h
-rw-r--r-- root/root      3023 2022-02-23 10:59 usr/include/webkitgtk-4.0/webkitdom/WebKitDOMProcessingInstruction.h
-rw-r--r-- root/root     12603 2022-02-23 10:59 usr/include/webkitgtk-4.0/webkitdom/WebKitDOMRange.h
-rw-r--r-- root/root      1133 2022-02-23 10:59 usr/include/webkitgtk-4.0/webkitdom/WebKitDOMRangeUnstable.h
-rw-r--r-- root/root      4302 2022-02-23 10:59 usr/include/webkitgtk-4.0/webkitdom/WebKitDOMStyleSheet.h
-rw-r--r-- root/root      2842 2022-02-23 10:59 usr/include/webkitgtk-4.0/webkitdom/WebKitDOMStyleSheetList.h
-rw-r--r-- root/root      2583 2022-02-23 10:59 usr/include/webkitgtk-4.0/webkitdom/WebKitDOMText.h
-rw-r--r-- root/root      5561 2022-02-23 10:59 usr/include/webkitgtk-4.0/webkitdom/WebKitDOMTreeWalker.h
-rw-r--r-- root/root      4444 2022-02-23 10:59 usr/include/webkitgtk-4.0/webkitdom/WebKitDOMUIEvent.h
-rw-r--r-- root/root      3636 2022-02-23 10:59 usr/include/webkitgtk-4.0/webkitdom/WebKitDOMWheelEvent.h
-rw-r--r-- root/root      2764 2022-02-23 10:59 usr/include/webkitgtk-4.0/webkitdom/WebKitDOMXPathExpression.h
-rw-r--r-- root/root      2622 2022-02-23 10:59 usr/include/webkitgtk-4.0/webkitdom/WebKitDOMXPathNSResolver.h
-rw-r--r-- root/root      6692 2022-02-23 10:59 usr/include/webkitgtk-4.0/webkitdom/WebKitDOMXPathResult.h
-rw-r--r-- root/root      5745 2022-02-23 10:59 usr/include/webkitgtk-4.0/webkitdom/webkitdom.h
-rw-r--r-- root/root      8111 2022-02-23 10:59 usr/include/webkitgtk-4.0/webkitdom/webkitdomautocleanups.h
-rw-r--r-- root/root     15492 2022-02-23 10:59 usr/include/webkitgtk-4.0/webkitdom/webkitdomdefines.h
drwxr-xr-x root/root         0 2022-05-18 00:27 usr/lib64/
drwxr-xr-x root/root         0 2022-05-18 00:27 usr/lib64/girepository-1.0/
-rw-r--r-- root/root     16336 2022-05-17 19:11 usr/lib64/girepository-1.0/JavaScriptCore-4.0.typelib
-rw-r--r-- root/root    133224 2022-05-18 00:27 usr/lib64/girepository-1.0/WebKit2-4.0.typelib
-rw-r--r-- root/root    176816 2022-05-18 00:27 usr/lib64/girepository-1.0/WebKit2WebExtension-4.0.typelib
-rwxr-xr-x root/root  32339152 2022-05-17 19:11 usr/lib64/libjavascriptcoregtk-4.0.so.18.20.5
-rwxr-xr-x root/root  88647352 2022-05-18 00:27 usr/lib64/libwebkit2gtk-4.0.so.37.56.5
drwxr-xr-x root/root         0 2022-05-18 00:27 usr/lib64/pkgconfig/
-rw-r--r-- root/root       306 2022-05-17 18:10 usr/lib64/pkgconfig/javascriptcoregtk-4.0.pc
-rw-r--r-- root/root       333 2022-05-17 18:10 usr/lib64/pkgconfig/webkit2gtk-4.0.pc
-rw-r--r-- root/root       381 2022-05-17 18:10 usr/lib64/pkgconfig/webkit2gtk-web-extension-4.0.pc
drwxr-xr-x root/root         0 2022-05-18 00:27 usr/lib64/webkit2gtk-4.0/
-rwxr-xr-x root/root    205576 2022-05-18 00:27 usr/lib64/webkit2gtk-4.0/MiniBrowser
-rwxr-xr-x root/root     21944 2022-05-18 00:27 usr/lib64/webkit2gtk-4.0/WebKitNetworkProcess
-rwxr-xr-x root/root     21936 2022-05-18 00:27 usr/lib64/webkit2gtk-4.0/WebKitWebProcess
drwxr-xr-x root/root         0 2022-05-18 00:27 usr/lib64/webkit2gtk-4.0/injected-bundle/
-rwxr-xr-x root/root     16784 2022-05-18 00:27 usr/lib64/webkit2gtk-4.0/injected-bundle/libwebkit2gtkinjectedbundle.so
-rwxr-xr-x root/root    387672 2022-05-17 19:11 usr/lib64/webkit2gtk-4.0/jsc
drwxr-xr-x root/root         0 2022-05-18 00:27 usr/share/
drwxr-xr-x root/root         0 2022-05-18 00:27 usr/share/gir-1.0/
-rw-r--r-- root/root    259282 2022-05-17 19:11 usr/share/gir-1.0/JavaScriptCore-4.0.gir
-rw-r--r-- root/root   1704738 2022-05-18 00:27 usr/share/gir-1.0/WebKit2-4.0.gir
-rw-r--r-- root/root   2375540 2022-05-18 00:27 usr/share/gir-1.0/WebKit2WebExtension-4.0.gir
drwxr-xr-x root/root         0 2022-05-18 00:27 usr/share/gtk-doc/
drwxr-xr-x root/root         0 2022-05-18 00:27 usr/share/gtk-doc/html/
drwxr-xr-x root/root         0 2022-05-18 00:27 usr/share/gtk-doc/html/webkit2gtk-4.0/
-rw-r--r-- root/root     19899 2022-05-18 00:27 usr/share/gtk-doc/html/webkit2gtk-4.0/WebKitApplicationInfo.html
-rw-r--r-- root/root     74279 2022-05-18 00:27 usr/share/gtk-doc/html/webkit2gtk-4.0/WebKitAuthenticationRequest.html
-rw-r--r-- root/root     20471 2022-05-18 00:27 usr/share/gtk-doc/html/webkit2gtk-4.0/WebKitAutomationSession.html
-rw-r--r-- root/root     31611 2022-05-18 00:27 usr/share/gtk-doc/html/webkit2gtk-4.0/WebKitBackForwardList.html
-rw-r--r-- root/root     11092 2022-05-18 00:27 usr/share/gtk-doc/html/webkit2gtk-4.0/WebKitBackForwardListItem.html
-rw-r--r-- root/root     21051 2022-05-18 00:27 usr/share/gtk-doc/html/webkit2gtk-4.0/WebKitColorChooserRequest.html
-rw-r--r-- root/root     22630 2022-05-18 00:27 usr/share/gtk-doc/html/webkit2gtk-4.0/WebKitConsoleMessage.html
-rw-r--r-- root/root     40525 2022-05-18 00:27 usr/share/gtk-doc/html/webkit2gtk-4.0/WebKitContextMenu.html
-rw-r--r-- root/root     50466 2022-05-18 00:27 usr/share/gtk-doc/html/webkit2gtk-4.0/WebKitContextMenuItem.html
-rw-r--r-- root/root     61124 2022-05-18 00:27 usr/share/gtk-doc/html/webkit2gtk-4.0/WebKitCookieManager.html
-rw-r--r-- root/root      5199 2022-05-18 00:27 usr/share/gtk-doc/html/webkit2gtk-4.0/WebKitDeviceInfoPermissionRequest.html
-rw-r--r-- root/root     46649 2022-05-18 00:27 usr/share/gtk-doc/html/webkit2gtk-4.0/WebKitDownload.html
-rw-r--r-- root/root     20806 2022-05-18 00:27 usr/share/gtk-doc/html/webkit2gtk-4.0/WebKitEditorState.html
-rw-r--r-- root/root     24099 2022-05-18 00:27 usr/share/gtk-doc/html/webkit2gtk-4.0/WebKitFaviconDatabase.html
-rw-r--r-- root/root     26028 2022-05-18 00:27 usr/share/gtk-doc/html/webkit2gtk-4.0/WebKitFileChooserRequest.html
-rw-r--r-- root/root     45115 2022-05-18 00:27 usr/share/gtk-doc/html/webkit2gtk-4.0/WebKitFindController.html
-rw-r--r-- root/root     14291 2022-05-18 00:27 usr/share/gtk-doc/html/webkit2gtk-4.0/WebKitFormSubmissionRequest.html
-rw-r--r-- root/root     26588 2022-05-18 00:27 usr/share/gtk-doc/html/webkit2gtk-4.0/WebKitFrame.html
-rw-r--r-- root/root      6829 2022-05-18 00:27 usr/share/gtk-doc/html/webkit2gtk-4.0/WebKitGeolocationPermissionRequest.html
-rw-r--r-- root/root     43602 2022-05-18 00:27 usr/share/gtk-doc/html/webkit2gtk-4.0/WebKitHitTestResult.html
-rw-r--r-- root/root     63680 2022-05-18 00:27 usr/share/gtk-doc/html/webkit2gtk-4.0/WebKitInputMethodContext.html
-rw-r--r-- root/root      8495 2022-05-18 00:27 usr/share/gtk-doc/html/webkit2gtk-4.0/WebKitInstallMissingMediaPluginsPermissionRequest.html
-rw-r--r-- root/root      7873 2022-05-18 00:27 usr/share/gtk-doc/html/webkit2gtk-4.0/WebKitMediaKeySystemPermissionRequest.html
-rw-r--r-- root/root     20688 2022-05-18 00:27 usr/share/gtk-doc/html/webkit2gtk-4.0/WebKitNavigationAction.html
-rw-r--r-- root/root     32354 2022-05-18 00:27 usr/share/gtk-doc/html/webkit2gtk-4.0/WebKitNavigationPolicyDecision.html
-rw-r--r-- root/root     18881 2022-05-18 00:27 usr/share/gtk-doc/html/webkit2gtk-4.0/WebKitNetworkProxySettings.html
-rw-r--r-- root/root      5246 2022-05-18 00:27 usr/share/gtk-doc/html/webkit2gtk-4.0/WebKitNotificationPermissionRequest.html
-rw-r--r-- root/root     19270 2022-05-18 00:27 usr/share/gtk-doc/html/webkit2gtk-4.0/WebKitOptionMenu.html
-rw-r--r-- root/root     20908 2022-05-18 00:27 usr/share/gtk-doc/html/webkit2gtk-4.0/WebKitOptionMenuItem.html
-rw-r--r-- root/root      9789 2022-05-18 00:27 usr/share/gtk-doc/html/webkit2gtk-4.0/WebKitPermissionRequest.html
-rw-r--r-- root/root     21876 2022-05-18 00:27 usr/share/gtk-doc/html/webkit2gtk-4.0/WebKitPlugin.html
-rw-r--r-- root/root      5134 2022-05-18 00:27 usr/share/gtk-doc/html/webkit2gtk-4.0/WebKitPointerLockPermissionRequest.html
-rw-r--r-- root/root     12555 2022-05-18 00:27 usr/share/gtk-doc/html/webkit2gtk-4.0/WebKitPolicyDecision.html
-rw-r--r-- root/root     38205 2022-05-18 00:27 usr/share/gtk-doc/html/webkit2gtk-4.0/WebKitPrintOperation.html
-rw-r--r-- root/root     15204 2022-05-18 00:27 usr/share/gtk-doc/html/webkit2gtk-4.0/WebKitResponsePolicyDecision.html
-rw-r--r-- root/root     16786 2022-05-18 00:27 usr/share/gtk-doc/html/webkit2gtk-4.0/WebKitScriptWorld.html
-rw-r--r-- root/root     34208 2022-05-18 00:27 usr/share/gtk-doc/html/webkit2gtk-4.0/WebKitSecurityManager.html
-rw-r--r-- root/root     24721 2022-05-18 00:27 usr/share/gtk-doc/html/webkit2gtk-4.0/WebKitSecurityOrigin.html
-rw-r--r-- root/root    330624 2022-05-18 00:27 usr/share/gtk-doc/html/webkit2gtk-4.0/WebKitSettings.html
-rw-r--r-- root/root     15295 2022-05-18 00:27 usr/share/gtk-doc/html/webkit2gtk-4.0/WebKitURIRequest.html
-rw-r--r-- root/root     21579 2022-05-18 00:27 usr/share/gtk-doc/html/webkit2gtk-4.0/WebKitURIResponse.html
-rw-r--r-- root/root     24103 2022-05-18 00:27 usr/share/gtk-doc/html/webkit2gtk-4.0/WebKitURISchemeRequest.html
-rw-r--r-- root/root     16115 2022-05-18 00:27 usr/share/gtk-doc/html/webkit2gtk-4.0/WebKitURISchemeResponse.html
-rw-r--r-- root/root     53177 2022-05-18 00:27 usr/share/gtk-doc/html/webkit2gtk-4.0/WebKitUserContentFilterStore.html
-rw-r--r-- root/root     49546 2022-05-18 00:27 usr/share/gtk-doc/html/webkit2gtk-4.0/WebKitUserContentManager.html
-rw-r--r-- root/root     14180 2022-05-18 00:27 usr/share/gtk-doc/html/webkit2gtk-4.0/WebKitUserMediaPermissionRequest.html
-rw-r--r-- root/root     25500 2022-05-18 00:27 usr/share/gtk-doc/html/webkit2gtk-4.0/WebKitUserMessage.html
-rw-r--r-- root/root    164197 2022-05-18 00:27 usr/share/gtk-doc/html/webkit2gtk-4.0/WebKitWebContext.html
-rw-r--r-- root/root      9625 2022-05-18 00:27 usr/share/gtk-doc/html/webkit2gtk-4.0/WebKitWebEditor.html
-rw-r--r-- root/root     35214 2022-05-18 00:27 usr/share/gtk-doc/html/webkit2gtk-4.0/WebKitWebExtension.html
-rw-r--r-- root/root      8545 2022-05-18 00:27 usr/share/gtk-doc/html/webkit2gtk-4.0/WebKitWebHitTestResult.html
-rw-r--r-- root/root     41497 2022-05-18 00:27 usr/share/gtk-doc/html/webkit2gtk-4.0/WebKitWebInspector.html
-rw-r--r-- root/root     58445 2022-05-18 00:27 usr/share/gtk-doc/html/webkit2gtk-4.0/WebKitWebPage.html
-rw-r--r-- root/root     33869 2022-05-18 00:27 usr/share/gtk-doc/html/webkit2gtk-4.0/WebKitWebResource.html
-rw-r--r-- root/root    500579 2022-05-18 00:27 usr/share/gtk-doc/html/webkit2gtk-4.0/WebKitWebView.html
-rw-r--r-- root/root     21860 2022-05-18 00:27 usr/share/gtk-doc/html/webkit2gtk-4.0/WebKitWebsiteData.html
-rw-r--r-- root/root      9860 2022-05-18 00:27 usr/share/gtk-doc/html/webkit2gtk-4.0/WebKitWebsiteDataAccessPermissionRequest.html
-rw-r--r-- root/root    136922 2022-05-18 00:27 usr/share/gtk-doc/html/webkit2gtk-4.0/WebKitWebsiteDataManager.html
-rw-r--r-- root/root     39450 2022-05-18 00:27 usr/share/gtk-doc/html/webkit2gtk-4.0/WebKitWindowProperties.html
-rw-r--r-- root/root      5175 2022-05-18 00:27 usr/share/gtk-doc/html/webkit2gtk-4.0/annotation-glossary.html
-rw-r--r-- root/root     12866 2022-05-18 00:27 usr/share/gtk-doc/html/webkit2gtk-4.0/ch01.html
-rw-r--r-- root/root      2843 2022-05-18 00:27 usr/share/gtk-doc/html/webkit2gtk-4.0/ch02.html
-rw-r--r-- root/root      1889 2022-05-18 00:27 usr/share/gtk-doc/html/webkit2gtk-4.0/ch03.html
-rw-r--r-- root/root       256 2022-05-18 00:27 usr/share/gtk-doc/html/webkit2gtk-4.0/home.png
-rw-r--r-- root/root    230059 2022-05-18 00:27 usr/share/gtk-doc/html/webkit2gtk-4.0/index-all.html
-rw-r--r-- root/root     14021 2022-05-18 00:27 usr/share/gtk-doc/html/webkit2gtk-4.0/index.html
-rw-r--r-- root/root       395 2022-05-18 00:27 usr/share/gtk-doc/html/webkit2gtk-4.0/left-insensitive.png
-rw-r--r-- root/root       262 2022-05-18 00:27 usr/share/gtk-doc/html/webkit2gtk-4.0/left.png
-rw-r--r-- root/root       373 2022-05-18 00:27 usr/share/gtk-doc/html/webkit2gtk-4.0/right-insensitive.png
-rw-r--r-- root/root       261 2022-05-18 00:27 usr/share/gtk-doc/html/webkit2gtk-4.0/right.png
-rw-r--r-- root/root     12017 2022-05-18 00:27 usr/share/gtk-doc/html/webkit2gtk-4.0/style.css
-rw-r--r-- root/root       374 2022-05-18 00:27 usr/share/gtk-doc/html/webkit2gtk-4.0/up-insensitive.png
-rw-r--r-- root/root       260 2022-05-18 00:27 usr/share/gtk-doc/html/webkit2gtk-4.0/up.png
-rw-r--r-- root/root     37875 2022-05-18 00:27 usr/share/gtk-doc/html/webkit2gtk-4.0/webkit2gtk-4.0-Geolocation-manager.html
-rw-r--r-- root/root     23801 2022-05-18 00:27 usr/share/gtk-doc/html/webkit2gtk-4.0/webkit2gtk-4.0-The-title-for-the-notification..html
-rw-r--r-- root/root     21877 2022-05-18 00:27 usr/share/gtk-doc/html/webkit2gtk-4.0/webkit2gtk-4.0-The-title-of-the-custom-widget..html
-rw-r--r-- root/root     25919 2022-05-18 00:27 usr/share/gtk-doc/html/webkit2gtk-4.0/webkit2gtk-4.0-WebKitError.html
-rw-r--r-- root/root      4940 2022-05-18 00:27 usr/share/gtk-doc/html/webkit2gtk-4.0/webkit2gtk-4.0-WebKitURIUtilities.html
-rw-r--r-- root/root     44832 2022-05-18 00:27 usr/share/gtk-doc/html/webkit2gtk-4.0/webkit2gtk-4.0-WebKitUserContent.html
-rw-r--r-- root/root     11668 2022-05-18 00:27 usr/share/gtk-doc/html/webkit2gtk-4.0/webkit2gtk-4.0-WebKitVersion.html
-rw-r--r-- root/root    209669 2022-05-18 00:27 usr/share/gtk-doc/html/webkit2gtk-4.0/webkit2gtk-4.0.devhelp2
drwxr-xr-x root/root         0 2022-05-18 00:27 usr/share/gtk-doc/html/webkitdomgtk-4.0/
-rw-r--r-- root/root     24938 2022-05-18 00:27 usr/share/gtk-doc/html/webkitdomgtk-4.0/WebKitDOMAttr.html
-rw-r--r-- root/root      7050 2022-05-18 00:27 usr/share/gtk-doc/html/webkitdomgtk-4.0/WebKitDOMBlob.html
-rw-r--r-- root/root      4535 2022-05-18 00:27 usr/share/gtk-doc/html/webkitdomgtk-4.0/WebKitDOMCDATASection.html
-rw-r--r-- root/root     22853 2022-05-18 00:27 usr/share/gtk-doc/html/webkitdomgtk-4.0/WebKitDOMCSSRule.html
-rw-r--r-- root/root      9801 2022-05-18 00:27 usr/share/gtk-doc/html/webkitdomgtk-4.0/WebKitDOMCSSRuleList.html
-rw-r--r-- root/root     35429 2022-05-18 00:27 usr/share/gtk-doc/html/webkitdomgtk-4.0/WebKitDOMCSSStyleDeclaration.html
-rw-r--r-- root/root     25880 2022-05-18 00:27 usr/share/gtk-doc/html/webkitdomgtk-4.0/WebKitDOMCSSStyleSheet.html
-rw-r--r-- root/root     14993 2022-05-18 00:27 usr/share/gtk-doc/html/webkitdomgtk-4.0/WebKitDOMCSSValue.html
-rw-r--r-- root/root     28018 2022-05-18 00:27 usr/share/gtk-doc/html/webkitdomgtk-4.0/WebKitDOMCharacterData.html
-rw-r--r-- root/root      4318 2022-05-18 00:27 usr/share/gtk-doc/html/webkitdomgtk-4.0/WebKitDOMComment.html
-rw-r--r-- root/root     21913 2022-05-18 00:27 usr/share/gtk-doc/html/webkitdomgtk-4.0/WebKitDOMDOMImplementation.html
-rw-r--r-- root/root     70370 2022-05-18 00:27 usr/share/gtk-doc/html/webkitdomgtk-4.0/WebKitDOMDOMSelection.html
-rw-r--r-- root/root     27639 2022-05-18 00:27 usr/share/gtk-doc/html/webkitdomgtk-4.0/WebKitDOMDOMTokenList.html
-rw-r--r-- root/root    133278 2022-05-18 00:27 usr/share/gtk-doc/html/webkitdomgtk-4.0/WebKitDOMDOMWindow.html
-rw-r--r-- root/root    299895 2022-05-18 00:27 usr/share/gtk-doc/html/webkitdomgtk-4.0/WebKitDOMDocument.html
-rw-r--r-- root/root     27325 2022-05-18 00:27 usr/share/gtk-doc/html/webkitdomgtk-4.0/WebKitDOMDocumentFragment.html
-rw-r--r-- root/root     21976 2022-05-18 00:27 usr/share/gtk-doc/html/webkitdomgtk-4.0/WebKitDOMDocumentType.html
-rw-r--r-- root/root    210750 2022-05-18 00:27 usr/share/gtk-doc/html/webkitdomgtk-4.0/WebKitDOMElement.html
-rw-r--r-- root/root     52561 2022-05-18 00:27 usr/share/gtk-doc/html/webkitdomgtk-4.0/WebKitDOMEvent.html
-rw-r--r-- root/root      6935 2022-05-18 00:27 usr/share/gtk-doc/html/webkitdomgtk-4.0/WebKitDOMFile.html
-rw-r--r-- root/root      9554 2022-05-18 00:27 usr/share/gtk-doc/html/webkitdomgtk-4.0/WebKitDOMFileList.html
-rw-r--r-- root/root     93225 2022-05-18 00:27 usr/share/gtk-doc/html/webkitdomgtk-4.0/WebKitDOMHTMLAnchorElement.html
-rw-r--r-- root/root     59317 2022-05-18 00:27 usr/share/gtk-doc/html/webkitdomgtk-4.0/WebKitDOMHTMLAppletElement.html
-rw-r--r-- root/root     68853 2022-05-18 00:27 usr/share/gtk-doc/html/webkitdomgtk-4.0/WebKitDOMHTMLAreaElement.html
-rw-r--r-- root/root     10173 2022-05-18 00:27 usr/share/gtk-doc/html/webkitdomgtk-4.0/WebKitDOMHTMLBRElement.html
-rw-r--r-- root/root     15077 2022-05-18 00:27 usr/share/gtk-doc/html/webkitdomgtk-4.0/WebKitDOMHTMLBaseElement.html
-rw-r--r-- root/root     34342 2022-05-18 00:27 usr/share/gtk-doc/html/webkitdomgtk-4.0/WebKitDOMHTMLBodyElement.html
-rw-r--r-- root/root     36571 2022-05-18 00:27 usr/share/gtk-doc/html/webkitdomgtk-4.0/WebKitDOMHTMLButtonElement.html
-rw-r--r-- root/root     15522 2022-05-18 00:27 usr/share/gtk-doc/html/webkitdomgtk-4.0/WebKitDOMHTMLCanvasElement.html
-rw-r--r-- root/root     12751 2022-05-18 00:27 usr/share/gtk-doc/html/webkitdomgtk-4.0/WebKitDOMHTMLCollection.html
-rw-r--r-- root/root     10622 2022-05-18 00:27 usr/share/gtk-doc/html/webkitdomgtk-4.0/WebKitDOMHTMLDListElement.html
-rw-r--r-- root/root     10845 2022-05-18 00:27 usr/share/gtk-doc/html/webkitdomgtk-4.0/WebKitDOMHTMLDirectoryElement.html
-rw-r--r-- root/root     10243 2022-05-18 00:27 usr/share/gtk-doc/html/webkitdomgtk-4.0/WebKitDOMHTMLDivElement.html
-rw-r--r-- root/root     59382 2022-05-18 00:27 usr/share/gtk-doc/html/webkitdomgtk-4.0/WebKitDOMHTMLDocument.html
-rw-r--r-- root/root     94481 2022-05-18 00:27 usr/share/gtk-doc/html/webkitdomgtk-4.0/WebKitDOMHTMLElement.html
-rw-r--r-- root/root     34626 2022-05-18 00:27 usr/share/gtk-doc/html/webkitdomgtk-4.0/WebKitDOMHTMLEmbedElement.html
-rw-r--r-- root/root      8965 2022-05-18 00:27 usr/share/gtk-doc/html/webkitdomgtk-4.0/WebKitDOMHTMLFieldSetElement.html
-rw-r--r-- root/root     19775 2022-05-18 00:27 usr/share/gtk-doc/html/webkitdomgtk-4.0/WebKitDOMHTMLFontElement.html
-rw-r--r-- root/root     48641 2022-05-18 00:27 usr/share/gtk-doc/html/webkitdomgtk-4.0/WebKitDOMHTMLFormElement.html
-rw-r--r-- root/root     57027 2022-05-18 00:27 usr/share/gtk-doc/html/webkitdomgtk-4.0/WebKitDOMHTMLFrameElement.html
-rw-r--r-- root/root     15519 2022-05-18 00:27 usr/share/gtk-doc/html/webkitdomgtk-4.0/WebKitDOMHTMLFrameSetElement.html
-rw-r--r-- root/root     24376 2022-05-18 00:27 usr/share/gtk-doc/html/webkitdomgtk-4.0/WebKitDOMHTMLHRElement.html
-rw-r--r-- root/root     10404 2022-05-18 00:27 usr/share/gtk-doc/html/webkitdomgtk-4.0/WebKitDOMHTMLHeadElement.html
-rw-r--r-- root/root     10544 2022-05-18 00:27 usr/share/gtk-doc/html/webkitdomgtk-4.0/WebKitDOMHTMLHeadingElement.html
-rw-r--r-- root/root     10416 2022-05-18 00:27 usr/share/gtk-doc/html/webkitdomgtk-4.0/WebKitDOMHTMLHtmlElement.html
-rw-r--r-- root/root     61385 2022-05-18 00:27 usr/share/gtk-doc/html/webkitdomgtk-4.0/WebKitDOMHTMLIFrameElement.html
-rw-r--r-- root/root     82733 2022-05-18 00:27 usr/share/gtk-doc/html/webkitdomgtk-4.0/WebKitDOMHTMLImageElement.html
-rw-r--r-- root/root    134943 2022-05-18 00:27 usr/share/gtk-doc/html/webkitdomgtk-4.0/WebKitDOMHTMLInputElement.html
-rw-r--r-- root/root     15032 2022-05-18 00:27 usr/share/gtk-doc/html/webkitdomgtk-4.0/WebKitDOMHTMLLIElement.html
-rw-r--r-- root/root     13699 2022-05-18 00:27 usr/share/gtk-doc/html/webkitdomgtk-4.0/WebKitDOMHTMLLabelElement.html
-rw-r--r-- root/root     13717 2022-05-18 00:27 usr/share/gtk-doc/html/webkitdomgtk-4.0/WebKitDOMHTMLLegendElement.html
-rw-r--r-- root/root     57161 2022-05-18 00:27 usr/share/gtk-doc/html/webkitdomgtk-4.0/WebKitDOMHTMLLinkElement.html
-rw-r--r-- root/root     13354 2022-05-18 00:27 usr/share/gtk-doc/html/webkitdomgtk-4.0/WebKitDOMHTMLMapElement.html
-rw-r--r-- root/root      8386 2022-05-18 00:27 usr/share/gtk-doc/html/webkitdomgtk-4.0/WebKitDOMHTMLMarqueeElement.html
-rw-r--r-- root/root     10539 2022-05-18 00:27 usr/share/gtk-doc/html/webkitdomgtk-4.0/WebKitDOMHTMLMenuElement.html
-rw-r--r-- root/root     24803 2022-05-18 00:27 usr/share/gtk-doc/html/webkitdomgtk-4.0/WebKitDOMHTMLMetaElement.html
-rw-r--r-- root/root     15055 2022-05-18 00:27 usr/share/gtk-doc/html/webkitdomgtk-4.0/WebKitDOMHTMLModElement.html
-rw-r--r-- root/root     20425 2022-05-18 00:27 usr/share/gtk-doc/html/webkitdomgtk-4.0/WebKitDOMHTMLOListElement.html
-rw-r--r-- root/root     90565 2022-05-18 00:27 usr/share/gtk-doc/html/webkitdomgtk-4.0/WebKitDOMHTMLObjectElement.html
-rw-r--r-- root/root     15778 2022-05-18 00:27 usr/share/gtk-doc/html/webkitdomgtk-4.0/WebKitDOMHTMLOptGroupElement.html
-rw-r--r-- root/root     39412 2022-05-18 00:27 usr/share/gtk-doc/html/webkitdomgtk-4.0/WebKitDOMHTMLOptionElement.html
-rw-r--r-- root/root     15990 2022-05-18 00:27 usr/share/gtk-doc/html/webkitdomgtk-4.0/WebKitDOMHTMLOptionsCollection.html
-rw-r--r-- root/root     10691 2022-05-18 00:27 usr/share/gtk-doc/html/webkitdomgtk-4.0/WebKitDOMHTMLParagraphElement.html
-rw-r--r-- root/root     25037 2022-05-18 00:27 usr/share/gtk-doc/html/webkitdomgtk-4.0/WebKitDOMHTMLParamElement.html
-rw-r--r-- root/root     15120 2022-05-18 00:27 usr/share/gtk-doc/html/webkitdomgtk-4.0/WebKitDOMHTMLPreElement.html
-rw-r--r-- root/root     10398 2022-05-18 00:27 usr/share/gtk-doc/html/webkitdomgtk-4.0/WebKitDOMHTMLQuoteElement.html
-rw-r--r-- root/root     39880 2022-05-18 00:27 usr/share/gtk-doc/html/webkitdomgtk-4.0/WebKitDOMHTMLScriptElement.html
-rw-r--r-- root/root     68593 2022-05-18 00:27 usr/share/gtk-doc/html/webkitdomgtk-4.0/WebKitDOMHTMLSelectElement.html
-rw-r--r-- root/root     23483 2022-05-18 00:27 usr/share/gtk-doc/html/webkitdomgtk-4.0/WebKitDOMHTMLStyleElement.html
-rw-r--r-- root/root     10894 2022-05-18 00:27 usr/share/gtk-doc/html/webkitdomgtk-4.0/WebKitDOMHTMLTableCaptionElement.html
-rw-r--r-- root/root     78941 2022-05-18 00:27 usr/share/gtk-doc/html/webkitdomgtk-4.0/WebKitDOMHTMLTableCellElement.html
-rw-r--r-- root/root     35411 2022-05-18 00:27 usr/share/gtk-doc/html/webkitdomgtk-4.0/WebKitDOMHTMLTableColElement.html
-rw-r--r-- root/root     87237 2022-05-18 00:27 usr/share/gtk-doc/html/webkitdomgtk-4.0/WebKitDOMHTMLTableElement.html
-rw-r--r-- root/root     45457 2022-05-18 00:27 usr/share/gtk-doc/html/webkitdomgtk-4.0/WebKitDOMHTMLTableRowElement.html
-rw-r--r-- root/root     35381 2022-05-18 00:27 usr/share/gtk-doc/html/webkitdomgtk-4.0/WebKitDOMHTMLTableSectionElement.html
-rw-r--r-- root/root     72566 2022-05-18 00:27 usr/share/gtk-doc/html/webkitdomgtk-4.0/WebKitDOMHTMLTextAreaElement.html
-rw-r--r-- root/root     10410 2022-05-18 00:27 usr/share/gtk-doc/html/webkitdomgtk-4.0/WebKitDOMHTMLTitleElement.html
-rw-r--r-- root/root     15493 2022-05-18 00:27 usr/share/gtk-doc/html/webkitdomgtk-4.0/WebKitDOMHTMLUListElement.html
-rw-r--r-- root/root     36261 2022-05-18 00:27 usr/share/gtk-doc/html/webkitdomgtk-4.0/WebKitDOMKeyboardEvent.html
-rw-r--r-- root/root     19249 2022-05-18 00:27 usr/share/gtk-doc/html/webkitdomgtk-4.0/WebKitDOMMediaList.html
-rw-r--r-- root/root     55814 2022-05-18 00:27 usr/share/gtk-doc/html/webkitdomgtk-4.0/WebKitDOMMouseEvent.html
-rw-r--r-- root/root     28293 2022-05-18 00:27 usr/share/gtk-doc/html/webkitdomgtk-4.0/WebKitDOMNamedNodeMap.html
-rw-r--r-- root/root    109535 2022-05-18 00:27 usr/share/gtk-doc/html/webkitdomgtk-4.0/WebKitDOMNode.html
-rw-r--r-- root/root     28331 2022-05-18 00:27 usr/share/gtk-doc/html/webkitdomgtk-4.0/WebKitDOMNodeIterator.html
-rw-r--r-- root/root      9596 2022-05-18 00:27 usr/share/gtk-doc/html/webkitdomgtk-4.0/WebKitDOMNodeList.html
-rw-r--r-- root/root      8467 2022-05-18 00:27 usr/share/gtk-doc/html/webkitdomgtk-4.0/WebKitDOMObject.html
-rw-r--r-- root/root     11571 2022-05-18 00:27 usr/share/gtk-doc/html/webkitdomgtk-4.0/WebKitDOMProcessingInstruction.html
-rw-r--r-- root/root     92153 2022-05-18 00:27 usr/share/gtk-doc/html/webkitdomgtk-4.0/WebKitDOMRange.html
-rw-r--r-- root/root     26237 2022-05-18 00:27 usr/share/gtk-doc/html/webkitdomgtk-4.0/WebKitDOMStyleSheet.html
-rw-r--r-- root/root     10009 2022-05-18 00:27 usr/share/gtk-doc/html/webkitdomgtk-4.0/WebKitDOMStyleSheetList.html
-rw-r--r-- root/root     13396 2022-05-18 00:27 usr/share/gtk-doc/html/webkitdomgtk-4.0/WebKitDOMText.html
-rw-r--r-- root/root     35606 2022-05-18 00:27 usr/share/gtk-doc/html/webkitdomgtk-4.0/WebKitDOMTreeWalker.html
-rw-r--r-- root/root     29530 2022-05-18 00:27 usr/share/gtk-doc/html/webkitdomgtk-4.0/WebKitDOMUIEvent.html
-rw-r--r-- root/root     19398 2022-05-18 00:27 usr/share/gtk-doc/html/webkitdomgtk-4.0/WebKitDOMWheelEvent.html
-rw-r--r-- root/root      8127 2022-05-18 00:27 usr/share/gtk-doc/html/webkitdomgtk-4.0/WebKitDOMXPathExpression.html
-rw-r--r-- root/root     39609 2022-05-18 00:27 usr/share/gtk-doc/html/webkitdomgtk-4.0/WebKitDOMXPathResult.html
-rw-r--r-- root/root      4235 2022-05-18 00:27 usr/share/gtk-doc/html/webkitdomgtk-4.0/annotation-glossary.html
-rw-r--r-- root/root     16406 2022-05-18 00:27 usr/share/gtk-doc/html/webkitdomgtk-4.0/ch01.html
-rw-r--r-- root/root       256 2022-05-18 00:27 usr/share/gtk-doc/html/webkitdomgtk-4.0/home.png
-rw-r--r-- root/root    636977 2022-05-18 00:27 usr/share/gtk-doc/html/webkitdomgtk-4.0/index-all.html
-rw-r--r-- root/root     16038 2022-05-18 00:27 usr/share/gtk-doc/html/webkitdomgtk-4.0/index.html
-rw-r--r-- root/root       395 2022-05-18 00:27 usr/share/gtk-doc/html/webkitdomgtk-4.0/left-insensitive.png
-rw-r--r-- root/root       262 2022-05-18 00:27 usr/share/gtk-doc/html/webkitdomgtk-4.0/left.png
-rw-r--r-- root/root       373 2022-05-18 00:27 usr/share/gtk-doc/html/webkitdomgtk-4.0/right-insensitive.png
-rw-r--r-- root/root       261 2022-05-18 00:27 usr/share/gtk-doc/html/webkitdomgtk-4.0/right.png
-rw-r--r-- root/root     12017 2022-05-18 00:27 usr/share/gtk-doc/html/webkitdomgtk-4.0/style.css
-rw-r--r-- root/root       374 2022-05-18 00:27 usr/share/gtk-doc/html/webkitdomgtk-4.0/up-insensitive.png
-rw-r--r-- root/root       260 2022-05-18 00:27 usr/share/gtk-doc/html/webkitdomgtk-4.0/up.png
-rw-r--r-- root/root      2505 2022-05-18 00:27 usr/share/gtk-doc/html/webkitdomgtk-4.0/webkitdomgtk-4.0-WebKitDOMEntityReference.html
-rw-r--r-- root/root     19867 2022-05-18 00:27 usr/share/gtk-doc/html/webkitdomgtk-4.0/webkitdomgtk-4.0-WebKitDOMEventTarget.html
-rw-r--r-- root/root     14912 2022-05-18 00:27 usr/share/gtk-doc/html/webkitdomgtk-4.0/webkitdomgtk-4.0-WebKitDOMHTMLBaseFontElement.html
-rw-r--r-- root/root     20531 2022-05-18 00:27 usr/share/gtk-doc/html/webkitdomgtk-4.0/webkitdomgtk-4.0-WebKitDOMNodeFilter.html
-rw-r--r-- root/root      5180 2022-05-18 00:27 usr/share/gtk-doc/html/webkitdomgtk-4.0/webkitdomgtk-4.0-WebKitDOMXPathNSResolver.html
-rw-r--r-- root/root    369061 2022-05-18 00:27 usr/share/gtk-doc/html/webkitdomgtk-4.0/webkitdomgtk-4.0.devhelp2
drwxr-xr-x root/root         0 2022-05-18 00:27 usr/share/locale/
drwxr-xr-x root/root         0 2022-05-18 00:27 usr/share/locale/ar/
drwxr-xr-x root/root         0 2022-05-18 00:27 usr/share/locale/ar/LC_MESSAGES/
-rw-r--r-- root/root     23529 2022-05-18 00:27 usr/share/locale/ar/LC_MESSAGES/WebKit2GTK-4.0.mo
drwxr-xr-x root/root         0 2022-05-18 00:27 usr/share/locale/as/
drwxr-xr-x root/root         0 2022-05-18 00:27 usr/share/locale/as/LC_MESSAGES/
-rw-r--r-- root/root     45439 2022-05-18 00:27 usr/share/locale/as/LC_MESSAGES/WebKit2GTK-4.0.mo
drwxr-xr-x root/root         0 2022-05-18 00:27 usr/share/locale/bg/
drwxr-xr-x root/root         0 2022-05-18 00:27 usr/share/locale/bg/LC_MESSAGES/
-rw-r--r-- root/root     42861 2022-05-18 00:27 usr/share/locale/bg/LC_MESSAGES/WebKit2GTK-4.0.mo
drwxr-xr-x root/root         0 2022-05-18 00:27 usr/share/locale/ca/
drwxr-xr-x root/root         0 2022-05-18 00:27 usr/share/locale/ca/LC_MESSAGES/
-rw-r--r-- root/root     12013 2022-05-18 00:27 usr/share/locale/ca/LC_MESSAGES/WebKit2GTK-4.0.mo
drwxr-xr-x root/root         0 2022-05-18 00:27 usr/share/locale/cs/
drwxr-xr-x root/root         0 2022-05-18 00:27 usr/share/locale/cs/LC_MESSAGES/
-rw-r--r-- root/root     26967 2022-05-18 00:27 usr/share/locale/cs/LC_MESSAGES/WebKit2GTK-4.0.mo
drwxr-xr-x root/root         0 2022-05-18 00:27 usr/share/locale/da/
drwxr-xr-x root/root         0 2022-05-18 00:27 usr/share/locale/da/LC_MESSAGES/
-rw-r--r-- root/root     51553 2022-05-18 00:27 usr/share/locale/da/LC_MESSAGES/WebKit2GTK-4.0.mo
drwxr-xr-x root/root         0 2022-05-18 00:27 usr/share/locale/de/
drwxr-xr-x root/root         0 2022-05-18 00:27 usr/share/locale/de/LC_MESSAGES/
-rw-r--r-- root/root     44487 2022-05-18 00:27 usr/share/locale/de/LC_MESSAGES/WebKit2GTK-4.0.mo
drwxr-xr-x root/root         0 2022-05-18 00:27 usr/share/locale/el/
drwxr-xr-x root/root         0 2022-05-18 00:27 usr/share/locale/el/LC_MESSAGES/
-rw-r--r-- root/root     44125 2022-05-18 00:27 usr/share/locale/el/LC_MESSAGES/WebKit2GTK-4.0.mo
drwxr-xr-x root/root         0 2022-05-18 00:27 usr/share/locale/en_CA/
drwxr-xr-x root/root         0 2022-05-18 00:27 usr/share/locale/en_CA/LC_MESSAGES/
-rw-r--r-- root/root     26031 2022-05-18 00:27 usr/share/locale/en_CA/LC_MESSAGES/WebKit2GTK-4.0.mo
drwxr-xr-x root/root         0 2022-05-18 00:27 usr/share/locale/en_GB/
drwxr-xr-x root/root         0 2022-05-18 00:27 usr/share/locale/en_GB/LC_MESSAGES/
-rw-r--r-- root/root     47577 2022-05-18 00:27 usr/share/locale/en_GB/LC_MESSAGES/WebKit2GTK-4.0.mo
drwxr-xr-x root/root         0 2022-05-18 00:27 usr/share/locale/eo/
drwxr-xr-x root/root         0 2022-05-18 00:27 usr/share/locale/eo/LC_MESSAGES/
-rw-r--r-- root/root      6855 2022-05-18 00:27 usr/share/locale/eo/LC_MESSAGES/WebKit2GTK-4.0.mo
drwxr-xr-x root/root         0 2022-05-18 00:27 usr/share/locale/es/
drwxr-xr-x root/root         0 2022-05-18 00:27 usr/share/locale/es/LC_MESSAGES/
-rw-r--r-- root/root     37787 2022-05-18 00:27 usr/share/locale/es/LC_MESSAGES/WebKit2GTK-4.0.mo
drwxr-xr-x root/root         0 2022-05-18 00:27 usr/share/locale/et/
drwxr-xr-x root/root         0 2022-05-18 00:27 usr/share/locale/et/LC_MESSAGES/
-rw-r--r-- root/root     18395 2022-05-18 00:27 usr/share/locale/et/LC_MESSAGES/WebKit2GTK-4.0.mo
drwxr-xr-x root/root         0 2022-05-18 00:27 usr/share/locale/eu/
drwxr-xr-x root/root         0 2022-05-18 00:27 usr/share/locale/eu/LC_MESSAGES/
-rw-r--r-- root/root     21139 2022-05-18 00:27 usr/share/locale/eu/LC_MESSAGES/WebKit2GTK-4.0.mo
drwxr-xr-x root/root         0 2022-05-18 00:27 usr/share/locale/fi/
drwxr-xr-x root/root         0 2022-05-18 00:27 usr/share/locale/fi/LC_MESSAGES/
-rw-r--r-- root/root      7412 2022-05-18 00:27 usr/share/locale/fi/LC_MESSAGES/WebKit2GTK-4.0.mo
drwxr-xr-x root/root         0 2022-05-18 00:27 usr/share/locale/fr/
drwxr-xr-x root/root         0 2022-05-18 00:27 usr/share/locale/fr/LC_MESSAGES/
-rw-r--r-- root/root     55684 2022-05-18 00:27 usr/share/locale/fr/LC_MESSAGES/WebKit2GTK-4.0.mo
drwxr-xr-x root/root         0 2022-05-18 00:27 usr/share/locale/gl/
drwxr-xr-x root/root         0 2022-05-18 00:27 usr/share/locale/gl/LC_MESSAGES/
-rw-r--r-- root/root     50524 2022-05-18 00:27 usr/share/locale/gl/LC_MESSAGES/WebKit2GTK-4.0.mo
drwxr-xr-x root/root         0 2022-05-18 00:27 usr/share/locale/gu/
drwxr-xr-x root/root         0 2022-05-18 00:27 usr/share/locale/gu/LC_MESSAGES/
-rw-r--r-- root/root     43431 2022-05-18 00:27 usr/share/locale/gu/LC_MESSAGES/WebKit2GTK-4.0.mo
drwxr-xr-x root/root         0 2022-05-18 00:27 usr/share/locale/he/
drwxr-xr-x root/root         0 2022-05-18 00:27 usr/share/locale/he/LC_MESSAGES/
-rw-r--r-- root/root     49549 2022-05-18 00:27 usr/share/locale/he/LC_MESSAGES/WebKit2GTK-4.0.mo
drwxr-xr-x root/root         0 2022-05-18 00:27 usr/share/locale/hi/
drwxr-xr-x root/root         0 2022-05-18 00:27 usr/share/locale/hi/LC_MESSAGES/
-rw-r--r-- root/root     44982 2022-05-18 00:27 usr/share/locale/hi/LC_MESSAGES/WebKit2GTK-4.0.mo
drwxr-xr-x root/root         0 2022-05-18 00:27 usr/share/locale/hr/
drwxr-xr-x root/root         0 2022-05-18 00:27 usr/share/locale/hr/LC_MESSAGES/
-rw-r--r-- root/root     51935 2022-05-18 00:27 usr/share/locale/hr/LC_MESSAGES/WebKit2GTK-4.0.mo
drwxr-xr-x root/root         0 2022-05-18 00:27 usr/share/locale/hu/
drwxr-xr-x root/root         0 2022-05-18 00:27 usr/share/locale/hu/LC_MESSAGES/
-rw-r--r-- root/root     32942 2022-05-18 00:27 usr/share/locale/hu/LC_MESSAGES/WebKit2GTK-4.0.mo
drwxr-xr-x root/root         0 2022-05-18 00:27 usr/share/locale/id/
drwxr-xr-x root/root         0 2022-05-18 00:27 usr/share/locale/id/LC_MESSAGES/
-rw-r--r-- root/root     37715 2022-05-18 00:27 usr/share/locale/id/LC_MESSAGES/WebKit2GTK-4.0.mo
drwxr-xr-x root/root         0 2022-05-18 00:27 usr/share/locale/it/
drwxr-xr-x root/root         0 2022-05-18 00:27 usr/share/locale/it/LC_MESSAGES/
-rw-r--r-- root/root     46832 2022-05-18 00:27 usr/share/locale/it/LC_MESSAGES/WebKit2GTK-4.0.mo
drwxr-xr-x root/root         0 2022-05-18 00:27 usr/share/locale/ja/
drwxr-xr-x root/root         0 2022-05-18 00:27 usr/share/locale/ja/LC_MESSAGES/
-rw-r--r-- root/root     55907 2022-05-18 00:27 usr/share/locale/ja/LC_MESSAGES/WebKit2GTK-4.0.mo
drwxr-xr-x root/root         0 2022-05-18 00:27 usr/share/locale/kn/
drwxr-xr-x root/root         0 2022-05-18 00:27 usr/share/locale/kn/LC_MESSAGES/
-rw-r--r-- root/root     50128 2022-05-18 00:27 usr/share/locale/kn/LC_MESSAGES/WebKit2GTK-4.0.mo
drwxr-xr-x root/root         0 2022-05-18 00:27 usr/share/locale/ko/
drwxr-xr-x root/root         0 2022-05-18 00:27 usr/share/locale/ko/LC_MESSAGES/
-rw-r--r-- root/root     47989 2022-05-18 00:27 usr/share/locale/ko/LC_MESSAGES/WebKit2GTK-4.0.mo
drwxr-xr-x root/root         0 2022-05-18 00:27 usr/share/locale/lt/
drwxr-xr-x root/root         0 2022-05-18 00:27 usr/share/locale/lt/LC_MESSAGES/
-rw-r--r-- root/root     21502 2022-05-18 00:27 usr/share/locale/lt/LC_MESSAGES/WebKit2GTK-4.0.mo
drwxr-xr-x root/root         0 2022-05-18 00:27 usr/share/locale/lv/
drwxr-xr-x root/root         0 2022-05-18 00:27 usr/share/locale/lv/LC_MESSAGES/
-rw-r--r-- root/root     13479 2022-05-18 00:27 usr/share/locale/lv/LC_MESSAGES/WebKit2GTK-4.0.mo
drwxr-xr-x root/root         0 2022-05-18 00:27 usr/share/locale/ml/
drwxr-xr-x root/root         0 2022-05-18 00:27 usr/share/locale/ml/LC_MESSAGES/
-rw-r--r-- root/root     19101 2022-05-18 00:27 usr/share/locale/ml/LC_MESSAGES/WebKit2GTK-4.0.mo
drwxr-xr-x root/root         0 2022-05-18 00:27 usr/share/locale/mr/
drwxr-xr-x root/root         0 2022-05-18 00:27 usr/share/locale/mr/LC_MESSAGES/
-rw-r--r-- root/root     44307 2022-05-18 00:27 usr/share/locale/mr/LC_MESSAGES/WebKit2GTK-4.0.mo
drwxr-xr-x root/root         0 2022-05-18 00:27 usr/share/locale/nb/
drwxr-xr-x root/root         0 2022-05-18 00:27 usr/share/locale/nb/LC_MESSAGES/
-rw-r--r-- root/root      5435 2022-05-18 00:27 usr/share/locale/nb/LC_MESSAGES/WebKit2GTK-4.0.mo
drwxr-xr-x root/root         0 2022-05-18 00:27 usr/share/locale/nl/
drwxr-xr-x root/root         0 2022-05-18 00:27 usr/share/locale/nl/LC_MESSAGES/
-rw-r--r-- root/root     45375 2022-05-18 00:27 usr/share/locale/nl/LC_MESSAGES/WebKit2GTK-4.0.mo
drwxr-xr-x root/root         0 2022-05-18 00:27 usr/share/locale/or/
drwxr-xr-x root/root         0 2022-05-18 00:27 usr/share/locale/or/LC_MESSAGES/
-rw-r--r-- root/root     47927 2022-05-18 00:27 usr/share/locale/or/LC_MESSAGES/WebKit2GTK-4.0.mo
drwxr-xr-x root/root         0 2022-05-18 00:27 usr/share/locale/pa/
drwxr-xr-x root/root         0 2022-05-18 00:27 usr/share/locale/pa/LC_MESSAGES/
-rw-r--r-- root/root     18186 2022-05-18 00:27 usr/share/locale/pa/LC_MESSAGES/WebKit2GTK-4.0.mo
drwxr-xr-x root/root         0 2022-05-18 00:27 usr/share/locale/pl/
drwxr-xr-x root/root         0 2022-05-18 00:27 usr/share/locale/pl/LC_MESSAGES/
-rw-r--r-- root/root     55089 2022-05-18 00:27 usr/share/locale/pl/LC_MESSAGES/WebKit2GTK-4.0.mo
drwxr-xr-x root/root         0 2022-05-18 00:27 usr/share/locale/pt/
drwxr-xr-x root/root         0 2022-05-18 00:27 usr/share/locale/pt/LC_MESSAGES/
-rw-r--r-- root/root     26601 2022-05-18 00:27 usr/share/locale/pt/LC_MESSAGES/WebKit2GTK-4.0.mo
drwxr-xr-x root/root         0 2022-05-18 00:27 usr/share/locale/pt_BR/
drwxr-xr-x root/root         0 2022-05-18 00:27 usr/share/locale/pt_BR/LC_MESSAGES/
-rw-r--r-- root/root     53764 2022-05-18 00:27 usr/share/locale/pt_BR/LC_MESSAGES/WebKit2GTK-4.0.mo
drwxr-xr-x root/root         0 2022-05-18 00:27 usr/share/locale/ro/
drwxr-xr-x root/root         0 2022-05-18 00:27 usr/share/locale/ro/LC_MESSAGES/
-rw-r--r-- root/root     36101 2022-05-18 00:27 usr/share/locale/ro/LC_MESSAGES/WebKit2GTK-4.0.mo
drwxr-xr-x root/root         0 2022-05-18 00:27 usr/share/locale/ru/
drwxr-xr-x root/root         0 2022-05-18 00:27 usr/share/locale/ru/LC_MESSAGES/
-rw-r--r-- root/root     15419 2022-05-18 00:27 usr/share/locale/ru/LC_MESSAGES/WebKit2GTK-4.0.mo
drwxr-xr-x root/root         0 2022-05-18 00:27 usr/share/locale/sl/
drwxr-xr-x root/root         0 2022-05-18 00:27 usr/share/locale/sl/LC_MESSAGES/
-rw-r--r-- root/root     36183 2022-05-18 00:27 usr/share/locale/sl/LC_MESSAGES/WebKit2GTK-4.0.mo
drwxr-xr-x root/root         0 2022-05-18 00:27 usr/share/locale/sr/
drwxr-xr-x root/root         0 2022-05-18 00:27 usr/share/locale/sr/LC_MESSAGES/
-rw-r--r-- root/root     26195 2022-05-18 00:27 usr/share/locale/sr/LC_MESSAGES/WebKit2GTK-4.0.mo
drwxr-xr-x root/root         0 2022-05-18 00:27 usr/share/locale/sr@latin/
drwxr-xr-x root/root         0 2022-05-18 00:27 usr/share/locale/sr@latin/LC_MESSAGES/
-rw-r--r-- root/root     20475 2022-05-18 00:27 usr/share/locale/sr@latin/LC_MESSAGES/WebKit2GTK-4.0.mo
drwxr-xr-x root/root         0 2022-05-18 00:27 usr/share/locale/sv/
drwxr-xr-x root/root         0 2022-05-18 00:27 usr/share/locale/sv/LC_MESSAGES/
-rw-r--r-- root/root     52209 2022-05-18 00:27 usr/share/locale/sv/LC_MESSAGES/WebKit2GTK-4.0.mo
drwxr-xr-x root/root         0 2022-05-18 00:27 usr/share/locale/ta/
drwxr-xr-x root/root         0 2022-05-18 00:27 usr/share/locale/ta/LC_MESSAGES/
-rw-r--r-- root/root     51376 2022-05-18 00:27 usr/share/locale/ta/LC_MESSAGES/WebKit2GTK-4.0.mo
drwxr-xr-x root/root         0 2022-05-18 00:27 usr/share/locale/te/
drwxr-xr-x root/root         0 2022-05-18 00:27 usr/share/locale/te/LC_MESSAGES/
-rw-r--r-- root/root     46192 2022-05-18 00:27 usr/share/locale/te/LC_MESSAGES/WebKit2GTK-4.0.mo
drwxr-xr-x root/root         0 2022-05-18 00:27 usr/share/locale/tr/
drwxr-xr-x root/root         0 2022-05-18 00:27 usr/share/locale/tr/LC_MESSAGES/
-rw-r--r-- root/root     32511 2022-05-18 00:27 usr/share/locale/tr/LC_MESSAGES/WebKit2GTK-4.0.mo
drwxr-xr-x root/root         0 2022-05-18 00:27 usr/share/locale/uk/
drwxr-xr-x root/root         0 2022-05-18 00:27 usr/share/locale/uk/LC_MESSAGES/
-rw-r--r-- root/root     70894 2022-05-18 00:27 usr/share/locale/uk/LC_MESSAGES/WebKit2GTK-4.0.mo
drwxr-xr-x root/root         0 2022-05-18 00:27 usr/share/locale/vi/
drwxr-xr-x root/root         0 2022-05-18 00:27 usr/share/locale/vi/LC_MESSAGES/
-rw-r--r-- root/root     21119 2022-05-18 00:27 usr/share/locale/vi/LC_MESSAGES/WebKit2GTK-4.0.mo
drwxr-xr-x root/root         0 2022-05-18 00:27 usr/share/locale/zh_CN/
drwxr-xr-x root/root         0 2022-05-18 00:27 usr/share/locale/zh_CN/LC_MESSAGES/
-rw-r--r-- root/root     47963 2022-05-18 00:27 usr/share/locale/zh_CN/LC_MESSAGES/WebKit2GTK-4.0.mo


